Archive member included to satisfy reference by file (symbol)

/ICESX/workSpaceC/SmartCarPark/product/code/frontend/dev/SmartCarParkFront-Lib/ATMEGA_LIB/libSmartCarParkFront-Lib.a(HardwareSerial.o)
                              ./src/robot.o (_ZN14HardwareSerial5beginEmh)
/ICESX/workSpaceC/SmartCarPark/product/code/frontend/dev/SmartCarParkFront-Lib/ATMEGA_LIB/libSmartCarParkFront-Lib.a(HardwareSerial0.o)
                              ./voice/voiceSwith.o (Serial)
/ICESX/workSpaceC/SmartCarPark/product/code/frontend/dev/SmartCarParkFront-Lib/ATMEGA_LIB/libSmartCarParkFront-Lib.a(Print.o)
                              /ICESX/workSpaceC/SmartCarPark/product/code/frontend/dev/SmartCarParkFront-Lib/ATMEGA_LIB/libSmartCarParkFront-Lib.a(HardwareSerial.o) (_ZN5Print5writeEPKhj)
/ICESX/workSpaceC/SmartCarPark/product/code/frontend/dev/SmartCarParkFront-Lib/ATMEGA_LIB/libSmartCarParkFront-Lib.a(abi.o)
                              /ICESX/workSpaceC/SmartCarPark/product/code/frontend/dev/SmartCarParkFront-Lib/ATMEGA_LIB/libSmartCarParkFront-Lib.a(Print.o) (__cxa_pure_virtual)
/ICESX/workSpaceC/SmartCarPark/product/code/frontend/dev/SmartCarParkFront-Lib/ATMEGA_LIB/libSmartCarParkFront-Lib.a(main.o)
                              /usr/lib/gcc/avr/5.4.0/../../../avr/lib/avr6/crtatmega2560.o (main)
/ICESX/workSpaceC/SmartCarPark/product/code/frontend/dev/SmartCarParkFront-Lib/ATMEGA_LIB/libSmartCarParkFront-Lib.a(wiring.o)
                              ./src/robot.o (delay)
/ICESX/workSpaceC/SmartCarPark/product/code/frontend/dev/SmartCarParkFront-Lib/ATMEGA_LIB/libSmartCarParkFront-Lib.a(wiring_analog.o)
                              ./voice/voiceSwith.o (analogRead)
/ICESX/workSpaceC/SmartCarPark/product/code/frontend/dev/SmartCarParkFront-Lib/ATMEGA_LIB/libSmartCarParkFront-Lib.a(wiring_digital.o)
                              /ICESX/workSpaceC/SmartCarPark/product/code/frontend/dev/SmartCarParkFront-Lib/ATMEGA_LIB/libSmartCarParkFront-Lib.a(wiring_analog.o) (pinMode)
/ICESX/workSpaceC/SmartCarPark/product/code/frontend/dev/SmartCarParkFront-Lib/ATMEGA_LIB/libSmartCarParkFront-Lib.a(wiring_pulse.o)
                              ./ultrasonic/Ultrasonic.o (pulseIn)
/ICESX/workSpaceC/SmartCarPark/product/code/frontend/dev/SmartCarParkFront-Lib/ATMEGA_LIB/libSmartCarParkFront-Lib.a(wiring_pulse.s.o)
                              /ICESX/workSpaceC/SmartCarPark/product/code/frontend/dev/SmartCarParkFront-Lib/ATMEGA_LIB/libSmartCarParkFront-Lib.a(wiring_pulse.o) (countPulseASM)
/ICESX/workSpaceC/SmartCarPark/product/code/frontend/dev/SmartCarParkFront-Lib/ATMEGA_LIB/libSmartCarParkFront-Lib.a(hooks.o)
                              /ICESX/workSpaceC/SmartCarPark/product/code/frontend/dev/SmartCarParkFront-Lib/ATMEGA_LIB/libSmartCarParkFront-Lib.a(wiring.o) (yield)
/usr/lib/gcc/avr/5.4.0/avr6/libgcc.a(_udivmodsi4.o)
                              /ICESX/workSpaceC/SmartCarPark/product/code/frontend/dev/SmartCarParkFront-Lib/ATMEGA_LIB/libSmartCarParkFront-Lib.a(HardwareSerial.o) (__udivmodsi4)
/usr/lib/gcc/avr/5.4.0/avr6/libgcc.a(_exit.o)
                              /usr/lib/gcc/avr/5.4.0/../../../avr/lib/avr6/crtatmega2560.o (exit)
/usr/lib/gcc/avr/5.4.0/avr6/libgcc.a(_tablejump2.o)
                              /ICESX/workSpaceC/SmartCarPark/product/code/frontend/dev/SmartCarParkFront-Lib/ATMEGA_LIB/libSmartCarParkFront-Lib.a(wiring_analog.o) (__tablejump2__)
/usr/lib/gcc/avr/5.4.0/avr6/libgcc.a(_copy_data.o)
                              ./voice/voiceSwith.o (__do_copy_data)
/usr/lib/gcc/avr/5.4.0/avr6/libgcc.a(_clear_bss.o)
                              ./src/robot.o (__do_clear_bss)
/usr/lib/gcc/avr/5.4.0/avr6/libgcc.a(_ctors.o)
                              ./src/robot.o (__do_global_ctors)
/usr/lib/gcc/avr/5.4.0/../../../avr/lib/avr6/libm.a(addsf3.o)
                              /ICESX/workSpaceC/SmartCarPark/product/code/frontend/dev/SmartCarParkFront-Lib/ATMEGA_LIB/libSmartCarParkFront-Lib.a(Print.o) (__subsf3)
/usr/lib/gcc/avr/5.4.0/../../../avr/lib/avr6/libm.a(addsf3x.o)
                              /usr/lib/gcc/avr/5.4.0/../../../avr/lib/avr6/libm.a(addsf3.o) (__addsf3x)
/usr/lib/gcc/avr/5.4.0/../../../avr/lib/avr6/libm.a(cmpsf2.o)
                              /ICESX/workSpaceC/SmartCarPark/product/code/frontend/dev/SmartCarParkFront-Lib/ATMEGA_LIB/libSmartCarParkFront-Lib.a(Print.o) (__ltsf2)
/usr/lib/gcc/avr/5.4.0/../../../avr/lib/avr6/libm.a(divsf3.o)
                              ./ultrasonic/Ultrasonic.o (__divsf3)
/usr/lib/gcc/avr/5.4.0/../../../avr/lib/avr6/libm.a(divsf3x.o)
                              /usr/lib/gcc/avr/5.4.0/../../../avr/lib/avr6/libm.a(divsf3.o) (__divsf3x)
/usr/lib/gcc/avr/5.4.0/../../../avr/lib/avr6/libm.a(fixsfsi.o)
                              ./ultrasonic/Ultrasonic.o (__fixsfsi)
/usr/lib/gcc/avr/5.4.0/../../../avr/lib/avr6/libm.a(fixunssfsi.o)
[...]
Memory Configuration

Name             Origin             Length             Attributes
text             0x0000000000000000 0x0000000000100000 xr
data             0x0000000000800200 0x000000000000fe00 rw !x
eeprom           0x0000000000810000 0x0000000000010000 rw !x
fuse             0x0000000000820000 0x0000000000000003 rw !x
lock             0x0000000000830000 0x0000000000000400 rw !x
signature        0x0000000000840000 0x0000000000000400 rw !x
user_signatures  0x0000000000850000 0x0000000000000400 rw !x
*default*        0x0000000000000000 0xffffffffffffffff

Linker script and memory map

Address of section .data set to 0x800200
LOAD /usr/lib/gcc/avr/5.4.0/../../../avr/lib/avr6/crtatmega2560.o
LOAD ./voice/voiceSwith.o
LOAD ./ultrasonic/Ultrasonic.o
LOAD ./src/robot.o
LOAD ./IrSwith/IrSwith.o
LOAD /ICESX/workSpaceC/SmartCarPark/product/code/frontend/dev/SmartCarParkFront-Lib/ATMEGA_LIB/libSmartCarParkFront-Lib.a
LOAD /usr/lib/gcc/avr/5.4.0/avr6/libgcc.a
LOAD /usr/lib/gcc/avr/5.4.0/../../../avr/lib/avr6/libm.a
START GROUP
LOAD /usr/lib/gcc/avr/5.4.0/avr6/libgcc.a
LOAD /usr/lib/gcc/avr/5.4.0/../../../avr/lib/avr6/libm.a
LOAD /usr/lib/gcc/avr/5.4.0/../../../avr/lib/avr6/libc.a
LOAD /usr/lib/gcc/avr/5.4.0/../../../avr/lib/avr6/libatmega2560.a
END GROUP
                0x0000000000100000                __TEXT_REGION_LENGTH__ = DEFINED (__TEXT_REGION_LENGTH__)?__TEXT_REGION_LENGTH__:0x100000
                0x000000000000fe00                __DATA_REGION_LENGTH__ = DEFINED (__DATA_REGION_LENGTH__)?__DATA_REGION_LENGTH__:0xfe00
                0x0000000000010000                __EEPROM_REGION_LENGTH__ = DEFINED (__EEPROM_REGION_LENGTH__)?__EEPROM_REGION_LENGTH__:0x10000
                [0x0000000000000003]                __FUSE_REGION_LENGTH__ = DEFINED (__FUSE_REGION_LENGTH__)?__FUSE_REGION_LENGTH__:0x400
                0x0000000000000400                __LOCK_REGION_LENGTH__ = DEFINED (__LOCK_REGION_LENGTH__)?__LOCK_REGION_LENGTH__:0x400
                0x0000000000000400                __SIGNATURE_REGION_LENGTH__ = DEFINED (__SIGNATURE_REGION_LENGTH__)?__SIGNATURE_REGION_LENGTH__:0x400
                0x0000000000000400                __USER_SIGNATURE_REGION_LENGTH__ = DEFINED (__USER_SIGNATURE_REGION_LENGTH__)?__USER_SIGNATURE_REGION_LENGTH__:0x400

.hash
 *(.hash)

.dynsym
 *(.dynsym)

.dynstr
 *(.dynstr)

.gnu.version
 *(.gnu.version)

.gnu.version_d
 *(.gnu.version_d)

.gnu.version_r
 *(.gnu.version_r)

.rel.init
 *(.rel.init)

.rela.init
 *(.rela.init)

.rel.text
 *(.rel.text)
 *(.rel.text.*)
 *(.rel.gnu.linkonce.t*)

.rela.text
 *(.rela.text)
 *(.rela.text.*)
 *(.rela.gnu.linkonce.t*)

.rel.fini
 *(.rel.fini)

.rela.fini
 *(.rela.fini)

.rel.rodata
 *(.rel.rodata)
 *(.rel.rodata.*)
 *(.rel.gnu.linkonce.r*)

.rela.rodata
 *(.rela.rodata)
 *(.rela.rodata.*)
 *(.rela.gnu.linkonce.r*)

.rel.data
 *(.rel.data)
 *(.rel.data.*)
 *(.rel.gnu.linkonce.d*)

.rela.data
 *(.rela.data)
 *(.rela.data.*)
 *(.rela.gnu.linkonce.d*)

.rel.ctors
 *(.rel.ctors)

.rela.ctors
 *(.rela.ctors)

.rel.dtors
 *(.rel.dtors)

.rela.dtors
 *(.rela.dtors)

.rel.got
 *(.rel.got)

.rela.got
 *(.rela.got)

.rel.bss
 *(.rel.bss)

.rela.bss
 *(.rela.bss)

.rel.plt
 *(.rel.plt)

.rela.plt
 *(.rela.plt)

.text           0x0000000000000000     0x11e4
 *(.vectors)
 .vectors       0x0000000000000000       0xe4 /usr/lib/gcc/avr/5.4.0/../../../avr/lib/avr6/crtatmega2560.o
                0x0000000000000000                __vectors
                0x0000000000000000                __vector_default
 *(.vectors)
 *(.progmem.gcc*)
 .progmem.gcc_sw_table.turnOffPWM
                0x00000000000000e4       0x24 /ICESX/workSpaceC/SmartCarPark/product/code/frontend/dev/SmartCarParkFront-Lib/ATMEGA_LIB/libSmartCarParkFront-Lib.a(wiring_digital.o)
                0x0000000000000108                . = ALIGN (0x2)
                0x0000000000000108                __trampolines_start = .
 *(.trampolines)
 .trampolines   0x0000000000000108        0x0 linker stubs
 *(.trampolines*)
                0x0000000000000108                __trampolines_end = .
 *libprintf_flt.a:*(.progmem.data)
 *libc.a:*(.progmem.data)
 *(.progmem*)
 .progmem.data.digital_pin_to_timer_PGM
                0x0000000000000108       0x46 /ICESX/workSpaceC/SmartCarPark/product/code/frontend/dev/SmartCarParkFront-Lib/ATMEGA_LIB/libSmartCarParkFront-Lib.a(wiring_digital.o)
                0x0000000000000108                digital_pin_to_timer_PGM
 .progmem.data.digital_pin_to_bit_mask_PGM
                0x000000000000014e       0x46 /ICESX/workSpaceC/SmartCarPark/product/code/frontend/dev/SmartCarParkFront-Lib/ATMEGA_LIB/libSmartCarParkFront-Lib.a(wiring_digital.o)
                0x000000000000014e                digital_pin_to_bit_mask_PGM
 .progmem.data.digital_pin_to_port_PGM
                0x0000000000000194       0x46 /ICESX/workSpaceC/SmartCarPark/product/code/frontend/dev/SmartCarParkFront-Lib/ATMEGA_LIB/libSmartCarParkFront-Lib.a(wiring_digital.o)
                0x0000000000000194                digital_pin_to_port_PGM
 .progmem.data.port_to_input_PGM
                0x00000000000001da       0x1a /ICESX/workSpaceC/SmartCarPark/product/code/frontend/dev/SmartCarParkFront-Lib/ATMEGA_LIB/libSmartCarParkFront-Lib.a(wiring_digital.o)
                0x00000000000001da                port_to_input_PGM
 .progmem.data.port_to_output_PGM
                0x00000000000001f4       0x1a /ICESX/workSpaceC/SmartCarPark/product/code/frontend/dev/SmartCarParkFront-Lib/ATMEGA_LIB/libSmartCarParkFront-Lib.a(wiring_digital.o)
                0x00000000000001f4                port_to_output_PGM
                0x000000000000020e                . = ALIGN (0x2)
 *(.jumptables)
 *(.jumptables*)
 *(.lowtext)
 *(.lowtext*)
                0x000000000000020e                __ctors_start = .
 *(.ctors)
 .ctors         0x000000000000020e        0x2 ./src/robot.o
 .ctors         0x0000000000000210        0x2 /ICESX/workSpaceC/SmartCarPark/product/code/frontend/dev/SmartCarParkFront-Lib/ATMEGA_LIB/libSmartCarParkFront-Lib.a(HardwareSerial0.o)
                0x0000000000000212                __ctors_end = .
                0x0000000000000212                __dtors_start = .
 *(.dtors)
                0x0000000000000212                __dtors_end = .
 SORT(*)(.ctors)
 SORT(*)(.dtors)
 *(.init0)
 .init0         0x0000000000000212        0x0 /usr/lib/gcc/avr/5.4.0/../../../avr/lib/avr6/crtatmega2560.o
                0x0000000000000212                __init
 *(.init0)
 *(.init1)
 *(.init1)
 *(.init2)
 .init2         0x0000000000000212       0x10 /usr/lib/gcc/avr/5.4.0/../../../avr/lib/avr6/crtatmega2560.o
 *(.init2)
 *(.init3)
 *(.init3)
 *(.init4)
 .init4         0x0000000000000222       0x1a /usr/lib/gcc/avr/5.4.0/avr6/libgcc.a(_copy_data.o)
                0x0000000000000222                __do_copy_data
 .init4         0x000000000000023c       0x10 /usr/lib/gcc/avr/5.4.0/avr6/libgcc.a(_clear_bss.o)
                0x000000000000023c                __do_clear_bss
 *(.init4)
 *(.init5)
 *(.init5)
 *(.init6)
 .init6         0x000000000000024c       0x1e /usr/lib/gcc/avr/5.4.0/avr6/libgcc.a(_ctors.o)
                0x000000000000024c                __do_global_ctors
 *(.init6)
 *(.init7)
 *(.init7)
 *(.init8)
 *(.init8)
 *(.init9)
 .init9         0x000000000000026a        0x4 /usr/lib/gcc/avr/5.4.0/../../../avr/lib/avr6/crtatmega2560.o
 *(.init9)
 *(.text)
 .text          0x000000000000026e        0x2 /usr/lib/gcc/avr/5.4.0/../../../avr/lib/avr6/crtatmega2560.o
                0x000000000000026e                __vector_38
                0x000000000000026e                __vector_22
                0x000000000000026e                __vector_28
                0x000000000000026e                __vector_1
                0x000000000000026e                __vector_32
                0x000000000000026e                __vector_34
                0x000000000000026e                __vector_24
                0x000000000000026e                __vector_12
                0x000000000000026e                __vector_55
                0x000000000000026e                __vector_46
                0x000000000000026e                __bad_interrupt
                0x000000000000026e                __vector_6
                0x000000000000026e                __vector_31
                0x000000000000026e                __vector_35
                0x000000000000026e                __vector_39
                0x000000000000026e                __vector_3
                0x000000000000026e                __vector_30
                0x000000000000026e                __vector_45
                0x000000000000026e                __vector_11
                0x000000000000026e                __vector_54
                0x000000000000026e                __vector_13
                0x000000000000026e                __vector_17
                0x000000000000026e                __vector_19
                0x000000000000026e                __vector_56
                0x000000000000026e                __vector_7
                0x000000000000026e                __vector_49
                0x000000000000026e                __vector_41
                0x000000000000026e                __vector_43
                0x000000000000026e                __vector_27
                0x000000000000026e                __vector_5
                0x000000000000026e                __vector_33
                0x000000000000026e                __vector_47
                0x000000000000026e                __vector_52
                0x000000000000026e                __vector_37
                0x000000000000026e                __vector_4
                0x000000000000026e                __vector_44
                0x000000000000026e                __vector_51
                0x000000000000026e                __vector_9
                0x000000000000026e                __vector_2
                0x000000000000026e                __vector_21
                0x000000000000026e                __vector_15
                0x000000000000026e                __vector_36
                0x000000000000026e                __vector_29
                0x000000000000026e                __vector_40
                0x000000000000026e                __vector_8
                0x000000000000026e                __vector_48
                0x000000000000026e                __vector_14
                0x000000000000026e                __vector_53
                0x000000000000026e                __vector_10
                0x000000000000026e                __vector_50
                0x000000000000026e                __vector_16
                0x000000000000026e                __vector_18
                0x000000000000026e                __vector_20
                0x000000000000026e                __vector_42
 .text          0x0000000000000270       0x8a /ICESX/workSpaceC/SmartCarPark/product/code/frontend/dev/SmartCarParkFront-Lib/ATMEGA_LIB/libSmartCarParkFront-Lib.a(wiring_pulse.s.o)
                0x0000000000000270                countPulseASM
                0x00000000000002fa                . = ALIGN (0x2)
 *(.text.*)
 .text._ZN10Ultrasonic8distanceEv
                0x00000000000002fa      0x11a ./ultrasonic/Ultrasonic.o
                0x00000000000002fa                _ZN10Ultrasonic8distanceEv
 .text._ZN14HardwareSerial5beginEm
                0x0000000000000414       0x42 ./src/robot.o
                0x0000000000000414                _ZN14HardwareSerial5beginEm
 .text._ZN10UltrasonicC2Eii
                0x0000000000000456       0x48 ./src/robot.o
                0x0000000000000456                _ZN10UltrasonicC2Eii
                0x0000000000000456                _ZN10UltrasonicC1Eii
 .text.setup    0x000000000000049e       0x1e ./src/robot.o
                0x000000000000049e                setup
 .text.loop     0x00000000000004bc       0x20 ./src/robot.o
                0x00000000000004bc                loop
 .text._Z41__static_initialization_and_destruction_0ii
                0x00000000000004dc       0x42 ./src/robot.o
 .text._GLOBAL__sub_I_irLed
                0x000000000000051e       0x18 ./src/robot.o
 .text._ZN14HardwareSerial9availableEv
                0x0000000000000536       0x18 /ICESX/workSpaceC/SmartCarPark/product/code/frontend/dev/SmartCarParkFront-Lib/ATMEGA_LIB/libSmartCarParkFront-Lib.a(HardwareSerial.o)
                0x0000000000000536                _ZN14HardwareSerial9availableEv
 .text._ZN14HardwareSerial4peekEv
                0x000000000000054e       0x1c /ICESX/workSpaceC/SmartCarPark/product/code/frontend/dev/SmartCarParkFront-Lib/ATMEGA_LIB/libSmartCarParkFront-Lib.a(HardwareSerial.o)
                0x000000000000054e                _ZN14HardwareSerial4peekEv
 .text._ZN14HardwareSerial4readEv
                0x000000000000056a       0x28 /ICESX/workSpaceC/SmartCarPark/product/code/frontend/dev/SmartCarParkFront-Lib/ATMEGA_LIB/libSmartCarParkFront-Lib.a(HardwareSerial.o)
                0x000000000000056a                _ZN14HardwareSerial4readEv
 .text._Z14serialEventRunv
                0x0000000000000592       0x78 /ICESX/workSpaceC/SmartCarPark/product/code/frontend/dev/SmartCarParkFront-Lib/ATMEGA_LIB/libSmartCarParkFront-Lib.a(HardwareSerial.o)
                0x0000000000000592                _Z14serialEventRunv
 .text._ZN14HardwareSerial17_tx_udr_empty_irqEv
                0x000000000000060a       0x42 /ICESX/workSpaceC/SmartCarPark/product/code/frontend/dev/SmartCarParkFront-Lib/ATMEGA_LIB/libSmartCarParkFront-Lib.a(HardwareSerial.o)
                0x000000000000060a                _ZN14HardwareSerial17_tx_udr_empty_irqEv
 .text._ZN14HardwareSerial5writeEh
                0x000000000000064c       0x8c /ICESX/workSpaceC/SmartCarPark/product/code/frontend/dev/SmartCarParkFront-Lib/ATMEGA_LIB/libSmartCarParkFront-Lib.a(HardwareSerial.o)
                0x000000000000064c                _ZN14HardwareSerial5writeEh
 .text._ZN14HardwareSerial5flushEv
                0x00000000000006d8       0x42 /ICESX/workSpaceC/SmartCarPark/product/code/frontend/dev/SmartCarParkFront-Lib/ATMEGA_LIB/libSmartCarParkFront-Lib.a(HardwareSerial.o)
                0x00000000000006d8                _ZN14HardwareSerial5flushEv
 .text._ZN14HardwareSerial5beginEmh
                0x000000000000071a       0xc6 /ICESX/workSpaceC/SmartCarPark/product/code/frontend/dev/SmartCarParkFront-Lib/ATMEGA_LIB/libSmartCarParkFront-Lib.a(HardwareSerial.o)
                0x000000000000071a                _ZN14HardwareSerial5beginEmh
 .text.__vector_25
                0x00000000000007e0       0x6c /ICESX/workSpaceC/SmartCarPark/product/code/frontend/dev/SmartCarParkFront-Lib/ATMEGA_LIB/libSmartCarParkFront-Lib.a(HardwareSerial0.o)
                0x00000000000007e0                __vector_25
 .text.__vector_26
                0x000000000000084c       0x52 /ICESX/workSpaceC/SmartCarPark/product/code/frontend/dev/SmartCarParkFront-Lib/ATMEGA_LIB/libSmartCarParkFront-Lib.a(HardwareSerial0.o)
                0x000000000000084c                __vector_26
 .text._Z17Serial0_availablev
                0x000000000000089e       0x12 /ICESX/workSpaceC/SmartCarPark/product/code/frontend/dev/SmartCarParkFront-Lib/ATMEGA_LIB/libSmartCarParkFront-Lib.a(HardwareSerial0.o)
                0x000000000000089e                _Z17Serial0_availablev
 .text.startup._GLOBAL__sub_I___vector_25
                0x00000000000008b0       0x5a /ICESX/workSpaceC/SmartCarPark/product/code/frontend/dev/SmartCarParkFront-Lib/ATMEGA_LIB/libSmartCarParkFront-Lib.a(HardwareSerial0.o)
 .text._ZN5Print5writeEPKhj
                0x000000000000090a       0x50 /ICESX/workSpaceC/SmartCarPark/product/code/frontend/dev/SmartCarParkFront-Lib/ATMEGA_LIB/libSmartCarParkFront-Lib.a(Print.o)
                0x000000000000090a                _ZN5Print5writeEPKhj
 .text._ZN5Print5writeEPKc
                0x000000000000095a       0x2a /ICESX/workSpaceC/SmartCarPark/product/code/frontend/dev/SmartCarParkFront-Lib/ATMEGA_LIB/libSmartCarParkFront-Lib.a(Print.o)
                0x000000000000095a                _ZN5Print5writeEPKc
 .text._ZN5Print5printEc
                0x0000000000000984        0xe /ICESX/workSpaceC/SmartCarPark/product/code/frontend/dev/SmartCarParkFront-Lib/ATMEGA_LIB/libSmartCarParkFront-Lib.a(Print.o)
                0x0000000000000984                _ZN5Print5printEc
 .text._ZN5Print7printlnEv
                0x0000000000000992        0x6 /ICESX/workSpaceC/SmartCarPark/product/code/frontend/dev/SmartCarParkFront-Lib/ATMEGA_LIB/libSmartCarParkFront-Lib.a(Print.o)
                0x0000000000000992                _ZN5Print7printlnEv
 .text._ZN5Print7printlnEPKc
                0x0000000000000998       0x20 /ICESX/workSpaceC/SmartCarPark/product/code/frontend/dev/SmartCarParkFront-Lib/ATMEGA_LIB/libSmartCarParkFront-Lib.a(Print.o)
                0x0000000000000998                _ZN5Print7printlnEPKc
 .text._ZN5Print11printNumberEmh
                0x00000000000009b8       0xa8 /ICESX/workSpaceC/SmartCarPark/product/code/frontend/dev/SmartCarParkFront-Lib/ATMEGA_LIB/libSmartCarParkFront-Lib.a(Print.o)
                0x00000000000009b8                _ZN5Print11printNumberEmh
 .text._ZN5Print5printEli
                0x0000000000000a60       0x8a /ICESX/workSpaceC/SmartCarPark/product/code/frontend/dev/SmartCarParkFront-Lib/ATMEGA_LIB/libSmartCarParkFront-Lib.a(Print.o)
                0x0000000000000a60                _ZN5Print5printEli
 .text._ZN5Print5printEii
                0x0000000000000aea        0xc /ICESX/workSpaceC/SmartCarPark/product/code/frontend/dev/SmartCarParkFront-Lib/ATMEGA_LIB/libSmartCarParkFront-Lib.a(Print.o)
                0x0000000000000aea                _ZN5Print5printEii
 .text.initVariant
                0x0000000000000af6        0x2 /ICESX/workSpaceC/SmartCarPark/product/code/frontend/dev/SmartCarParkFront-Lib/ATMEGA_LIB/libSmartCarParkFront-Lib.a(main.o)
                0x0000000000000af6                initVariant
 .text.startup.main
                0x0000000000000af8       0x14 /ICESX/workSpaceC/SmartCarPark/product/code/frontend/dev/SmartCarParkFront-Lib/ATMEGA_LIB/libSmartCarParkFront-Lib.a(main.o)
                0x0000000000000af8                main
 .text.__vector_23
                0x0000000000000b0c       0x94 /ICESX/workSpaceC/SmartCarPark/product/code/frontend/dev/SmartCarParkFront-Lib/ATMEGA_LIB/libSmartCarParkFront-Lib.a(wiring.o)
                0x0000000000000b0c                __vector_23
 .text.micros   0x0000000000000ba0       0x4a /ICESX/workSpaceC/SmartCarPark/product/code/frontend/dev/SmartCarParkFront-Lib/ATMEGA_LIB/libSmartCarParkFront-Lib.a(wiring.o)
                0x0000000000000ba0                micros
 .text.delay    0x0000000000000bea       0x4a /ICESX/workSpaceC/SmartCarPark/product/code/frontend/dev/SmartCarParkFront-Lib/ATMEGA_LIB/libSmartCarParkFront-Lib.a(wiring.o)
                0x0000000000000bea                delay
 .text.delayMicroseconds
                0x0000000000000c34       0x16 /ICESX/workSpaceC/SmartCarPark/product/code/frontend/dev/SmartCarParkFront-Lib/ATMEGA_LIB/libSmartCarParkFront-Lib.a(wiring.o)
                0x0000000000000c34                delayMicroseconds
 .text.init     0x0000000000000c4a       0xc4 /ICESX/workSpaceC/SmartCarPark/product/code/frontend/dev/SmartCarParkFront-Lib/ATMEGA_LIB/libSmartCarParkFront-Lib.a(wiring.o)
                0x0000000000000c4a                init
 .text.turnOffPWM
                0x0000000000000d0e       0xaa /ICESX/workSpaceC/SmartCarPark/product/code/frontend/dev/SmartCarParkFront-Lib/ATMEGA_LIB/libSmartCarParkFront-Lib.a(wiring_digital.o)
 .text.digitalWrite
                0x0000000000000db8       0x5c /ICESX/workSpaceC/SmartCarPark/product/code/frontend/dev/SmartCarParkFront-Lib/ATMEGA_LIB/libSmartCarParkFront-Lib.a(wiring_digital.o)
                0x0000000000000db8                digitalWrite
 .text.pulseIn  0x0000000000000e14       0x62 /ICESX/workSpaceC/SmartCarPark/product/code/frontend/dev/SmartCarParkFront-Lib/ATMEGA_LIB/libSmartCarParkFront-Lib.a(wiring_pulse.o)
                0x0000000000000e14                pulseIn
 .text.__empty  0x0000000000000e76        0x2 /ICESX/workSpaceC/SmartCarPark/product/code/frontend/dev/SmartCarParkFront-Lib/ATMEGA_LIB/libSmartCarParkFront-Lib.a(hooks.o)
                0x0000000000000e76                yield
 .text.libgcc.div
                0x0000000000000e78       0x44 /usr/lib/gcc/avr/5.4.0/avr6/libgcc.a(_udivmodsi4.o)
                0x0000000000000e78                __udivmodsi4
 .text.libgcc   0x0000000000000ebc       0x10 /usr/lib/gcc/avr/5.4.0/avr6/libgcc.a(_tablejump2.o)
                0x0000000000000ebc                __tablejump2__
 .text.avr-libc.fplib
                0x0000000000000ecc        0x4 /usr/lib/gcc/avr/5.4.0/../../../avr/lib/avr6/libm.a(divsf3.o)
                0x0000000000000ecc                __divsf3
 .text.avr-libc.fplib
                0x0000000000000ed0       0xcc /usr/lib/gcc/avr/5.4.0/../../../avr/lib/avr6/libm.a(divsf3x.o)
                0x0000000000000ee6                __divsf3x
                0x0000000000000eea                __divsf3_pse
 .text.avr-libc.fplib
                0x0000000000000f9c        0xa /usr/lib/gcc/avr/5.4.0/../../../avr/lib/avr6/libm.a(fixsfsi.o)
                0x0000000000000f9c                __fixsfsi
 .text.avr-libc.fplib
                0x0000000000000fa6       0x58 /usr/lib/gcc/avr/5.4.0/../../../avr/lib/avr6/libm.a(fixunssfsi.o)
                0x0000000000000fa6                __fixunssfsi
 .text.avr-libc.fplib
                0x0000000000000ffe       0x7a /usr/lib/gcc/avr/5.4.0/../../../avr/lib/avr6/libm.a(floatsisf.o)
                0x0000000000000ffe                __floatunsisf
                0x0000000000001002                __floatsisf
 .text.avr-libc.fplib
                0x0000000000001078        0xc /usr/lib/gcc/avr/5.4.0/../../../avr/lib/avr6/libm.a(fp_inf.o)
                0x0000000000001078                __fp_inf
 .text.avr-libc.fplib
                0x0000000000001084        0x6 /usr/lib/gcc/avr/5.4.0/../../../avr/lib/avr6/libm.a(fp_nan.o)
                0x0000000000001084                __fp_nan
 .text.avr-libc.fplib
                0x000000000000108a        0xe /usr/lib/gcc/avr/5.4.0/../../../avr/lib/avr6/libm.a(fp_pscA.o)
                0x000000000000108a                __fp_pscA
 .text.avr-libc.fplib
                0x0000000000001098        0xe /usr/lib/gcc/avr/5.4.0/../../../avr/lib/avr6/libm.a(fp_pscB.o)
                0x0000000000001098                __fp_pscB
 .text.avr-libc.fplib
                0x00000000000010a6       0x22 /usr/lib/gcc/avr/5.4.0/../../../avr/lib/avr6/libm.a(fp_round.o)
                0x00000000000010a6                __fp_round
 .text.avr-libc.fplib
                0x00000000000010c8       0x44 /usr/lib/gcc/avr/5.4.0/../../../avr/lib/avr6/libm.a(fp_split3.o)
                0x00000000000010c8                __fp_split3
                0x00000000000010d8                __fp_splitA
 .text.avr-libc.fplib
                0x000000000000110c        0xe /usr/lib/gcc/avr/5.4.0/../../../avr/lib/avr6/libm.a(fp_zero.o)
                0x000000000000110c                __fp_zero
                0x000000000000110e                __fp_szero
 .text.avr-libc.fplib
                0x000000000000111a        0x4 /usr/lib/gcc/avr/5.4.0/../../../avr/lib/avr6/libm.a(mulsf3.o)
                0x000000000000111a                __mulsf3
 .text.avr-libc.fplib
                0x000000000000111e       0xc2 /usr/lib/gcc/avr/5.4.0/../../../avr/lib/avr6/libm.a(mulsf3x.o)
                0x0000000000001132                __mulsf3x
                0x0000000000001136                __mulsf3_pse
                0x00000000000011e0                . = ALIGN (0x2)
 *(.fini9)
 .fini9         0x00000000000011e0        0x0 /usr/lib/gcc/avr/5.4.0/avr6/libgcc.a(_exit.o)
                0x00000000000011e0                exit
                0x00000000000011e0                _exit
 *(.fini9)
 *(.fini8)
 *(.fini8)
 *(.fini7)
 *(.fini7)
 *(.fini6)
 *(.fini6)
 *(.fini5)
 *(.fini5)
 *(.fini4)
 *(.fini4)
 *(.fini3)
 *(.fini3)
 *(.fini2)
 *(.fini2)
 *(.fini1)
 *(.fini1)
 *(.fini0)
 .fini0         0x00000000000011e0        0x4 /usr/lib/gcc/avr/5.4.0/avr6/libgcc.a(_exit.o)
 *(.fini0)
                0x00000000000011e4                _etext = .

.data           0x0000000000800200       0x24 load address 0x00000000000011e4
                0x0000000000800200                PROVIDE (__data_start, .)
 *(.data)
 *(.data*)
 *(.rodata)
 .rodata        0x0000000000800200        0x3 ./ultrasonic/Ultrasonic.o
 *(.rodata*)
 .rodata._ZTV14HardwareSerial
                0x0000000000800203       0x10 /ICESX/workSpaceC/SmartCarPark/product/code/frontend/dev/SmartCarParkFront-Lib/ATMEGA_LIB/libSmartCarParkFront-Lib.a(HardwareSerial.o)
                0x0000000000800203                _ZTV14HardwareSerial
 .rodata.str1.1
                0x0000000000800213       0x11 /ICESX/workSpaceC/SmartCarPark/product/code/frontend/dev/SmartCarParkFront-Lib/ATMEGA_LIB/libSmartCarParkFront-Lib.a(Print.o)
 *(.gnu.linkonce.d*)
                0x0000000000800224                . = ALIGN (0x2)
                0x0000000000800224                _edata = .
                0x0000000000800224                PROVIDE (__data_end, .)

.bss            0x0000000000800224       0xaa
                0x0000000000800224                PROVIDE (__bss_start, .)
 *(.bss)
 *(.bss*)
 .bss.us        0x0000000000800224        0x4 ./src/robot.o
                0x0000000000800224                us
 .bss.Serial    0x0000000000800228       0x9d /ICESX/workSpaceC/SmartCarPark/product/code/frontend/dev/SmartCarParkFront-Lib/ATMEGA_LIB/libSmartCarParkFront-Lib.a(HardwareSerial0.o)
                0x0000000000800228                Serial
 .bss.timer0_fract
                0x00000000008002c5        0x1 /ICESX/workSpaceC/SmartCarPark/product/code/frontend/dev/SmartCarParkFront-Lib/ATMEGA_LIB/libSmartCarParkFront-Lib.a(wiring.o)
 .bss.timer0_millis
                0x00000000008002c6        0x4 /ICESX/workSpaceC/SmartCarPark/product/code/frontend/dev/SmartCarParkFront-Lib/ATMEGA_LIB/libSmartCarParkFront-Lib.a(wiring.o)
                0x00000000008002c6                timer0_millis
 .bss.timer0_overflow_count
                0x00000000008002ca        0x4 /ICESX/workSpaceC/SmartCarPark/product/code/frontend/dev/SmartCarParkFront-Lib/ATMEGA_LIB/libSmartCarParkFront-Lib.a(wiring.o)
                0x00000000008002ca                timer0_overflow_count
 *(COMMON)
                0x00000000008002ce                PROVIDE (__bss_end, .)
                0x00000000000011e4                __data_load_start = LOADADDR (.data)
                0x0000000000001208                __data_load_end = (__data_load_start + SIZEOF (.data))

.noinit         0x00000000008002ce        0x0
                [!provide]                        PROVIDE (__noinit_start, .)
 *(.noinit*)
                [!provide]                        PROVIDE (__noinit_end, .)
                0x00000000008002ce                _end = .
                [!provide]                        PROVIDE (__heap_start, .)

.eeprom         0x0000000000810000        0x0
 *(.eeprom*)
                0x0000000000810000                __eeprom_end = .

.fuse
 *(.fuse)
 *(.lfuse)
 *(.hfuse)
 *(.efuse)

.lock
 *(.lock*)

.signature
 *(.signature*)

.user_signatures
 *(.user_signatures*)

.stab           0x0000000000000000     0x1140
 *(.stab)
 .stab          0x0000000000000000      0x7f8 ./ultrasonic/Ultrasonic.o
                                        0x804 (size before relaxing)
 .stab          0x00000000000007f8      0x948 ./src/robot.o
                                        0x954 (size before relaxing)

.stabstr        0x0000000000000000     0x171a
 *(.stabstr)
 .stabstr       0x0000000000000000     0x171a ./voice/voiceSwith.o

.stab.excl
 *(.stab.excl)

.stab.exclstr
 *(.stab.exclstr)

.stab.index
 *(.stab.index)

.stab.indexstr
 *(.stab.indexstr)

.comment        0x0000000000000000       0x11
 *(.comment)
 .comment       0x0000000000000000       0x11 ./ultrasonic/Ultrasonic.o
                                         0x12 (size before relaxing)
 .comment       0x0000000000000011       0x12 ./src/robot.o
 .comment       0x0000000000000011       0x12 /ICESX/workSpaceC/SmartCarPark/product/code/frontend/dev/SmartCarParkFront-Lib/ATMEGA_LIB/libSmartCarParkFront-Lib.a(HardwareSerial.o)
 .comment       0x0000000000000011       0x12 /ICESX/workSpaceC/SmartCarPark/product/code/frontend/dev/SmartCarParkFront-Lib/ATMEGA_LIB/libSmartCarParkFront-Lib.a(HardwareSerial0.o)
 .comment       0x0000000000000011       0x12 /ICESX/workSpaceC/SmartCarPark/product/code/frontend/dev/SmartCarParkFront-Lib/ATMEGA_LIB/libSmartCarParkFront-Lib.a(Print.o)
 .comment       0x0000000000000011       0x12 /ICESX/workSpaceC/SmartCarPark/product/code/frontend/dev/SmartCarParkFront-Lib/ATMEGA_LIB/libSmartCarParkFront-Lib.a(main.o)
 .comment       0x0000000000000011       0x12 /ICESX/workSpaceC/SmartCarPark/product/code/frontend/dev/SmartCarParkFront-Lib/ATMEGA_LIB/libSmartCarParkFront-Lib.a(wiring.o)
 .comment       0x0000000000000011       0x12 /ICESX/workSpaceC/SmartCarPark/product/code/frontend/dev/SmartCarParkFront-Lib/ATMEGA_LIB/libSmartCarParkFront-Lib.a(wiring_digital.o)
 .comment       0x0000000000000011       0x12 /ICESX/workSpaceC/SmartCarPark/product/code/frontend/dev/SmartCarParkFront-Lib/ATMEGA_LIB/libSmartCarParkFront-Lib.a(wiring_pulse.o)
 .comment       0x0000000000000011       0x12 /ICESX/workSpaceC/SmartCarPark/product/code/frontend/dev/SmartCarParkFront-Lib/ATMEGA_LIB/libSmartCarParkFront-Lib.a(hooks.o)

.note.gnu.avr.deviceinfo
                0x0000000000000000       0x40
 .note.gnu.avr.deviceinfo
                0x0000000000000000       0x40 /usr/lib/gcc/avr/5.4.0/../../../avr/lib/avr6/crtatmega2560.o

.note.gnu.build-id
 *(.note.gnu.build-id)

.debug
 *(.debug)

.line
 *(.line)

.debug_srcinfo
 *(.debug_srcinfo)

.debug_sfnames
 *(.debug_sfnames)

.debug_aranges
 *(.debug_aranges)

.debug_pubnames
 *(.debug_pubnames)

.debug_info     0x0000000000000000      0xbbc
 *(.debug_info .gnu.linkonce.wi.*)
 .debug_info    0x0000000000000000      0xbbc /usr/lib/gcc/avr/5.4.0/../../../avr/lib/avr6/crtatmega2560.o

.debug_abbrev   0x0000000000000000      0xb1a
 *(.debug_abbrev)
 .debug_abbrev  0x0000000000000000      0xb1a /usr/lib/gcc/avr/5.4.0/../../../avr/lib/avr6/crtatmega2560.o

.debug_line     0x0000000000000000       0x1a
 *(.debug_line .debug_line.* .debug_line_end)
 .debug_line    0x0000000000000000       0x1a /usr/lib/gcc/avr/5.4.0/../../../avr/lib/avr6/crtatmega2560.o

.debug_frame
 *(.debug_frame)

.debug_str      0x0000000000000000      0x3e6
 *(.debug_str)
 .debug_str     0x0000000000000000      0x3e6 /usr/lib/gcc/avr/5.4.0/../../../avr/lib/avr6/crtatmega2560.o

.debug_loc
 *(.debug_loc)

.debug_macinfo
 *(.debug_macinfo)

.debug_weaknames
 *(.debug_weaknames)

.debug_funcnames
 *(.debug_funcnames)

.debug_typenames
 *(.debug_typenames)

.debug_varnames
 *(.debug_varnames)

.debug_pubtypes
 *(.debug_pubtypes)

.debug_ranges
 *(.debug_ranges)

.debug_macro
 *(.debug_macro)
OUTPUT(NewRainBase.elf elf32-avr)
LOAD linker stubs

Cross Reference Table

Symbol                                            File
Serial                                            /ICESX/workSpaceC/SmartCarPark/product/code/frontend/dev/SmartCarParkFront-Lib/ATMEGA_LIB/libSmartCarParkFront-Lib.a(HardwareSerial0.o)
                                                  ./IrSwith/IrSwith.o
                                                  ./src/robot.o
                                                  ./ultrasonic/Ultrasonic.o
                                                  ./voice/voiceSwith.o
_Z11serialEventv                                  /ICESX/workSpaceC/SmartCarPark/product/code/frontend/dev/SmartCarParkFront-Lib/ATMEGA_LIB/libSmartCarParkFront-Lib.a(HardwareSerial.o)
_Z12serialEvent1v                                 /ICESX/workSpaceC/SmartCarPark/product/code/frontend/dev/SmartCarParkFront-Lib/ATMEGA_LIB/libSmartCarParkFront-Lib.a(HardwareSerial.o)
_Z12serialEvent2v                                 /ICESX/workSpaceC/SmartCarPark/product/code/frontend/dev/SmartCarParkFront-Lib/ATMEGA_LIB/libSmartCarParkFront-Lib.a(HardwareSerial.o)
_Z12serialEvent3v                                 /ICESX/workSpaceC/SmartCarPark/product/code/frontend/dev/SmartCarParkFront-Lib/ATMEGA_LIB/libSmartCarParkFront-Lib.a(HardwareSerial.o)
_Z14serialEventRunv                               /ICESX/workSpaceC/SmartCarPark/product/code/frontend/dev/SmartCarParkFront-Lib/ATMEGA_LIB/libSmartCarParkFront-Lib.a(HardwareSerial.o)
                                                  /ICESX/workSpaceC/SmartCarPark/product/code/frontend/dev/SmartCarParkFront-Lib/ATMEGA_LIB/libSmartCarParkFront-Lib.a(main.o)
_Z17Serial0_availablev                            /ICESX/workSpaceC/SmartCarPark/product/code/frontend/dev/SmartCarParkFront-Lib/ATMEGA_LIB/libSmartCarParkFront-Lib.a(HardwareSerial0.o)
                                                  /ICESX/workSpaceC/SmartCarPark/product/code/frontend/dev/SmartCarParkFront-Lib/ATMEGA_LIB/libSmartCarParkFront-Lib.a(HardwareSerial.o)
_Z17Serial1_availablev                            /ICESX/workSpaceC/SmartCarPark/product/code/frontend/dev/SmartCarParkFront-Lib/ATMEGA_LIB/libSmartCarParkFront-Lib.a(HardwareSerial.o)
_Z17Serial2_availablev                            /ICESX/workSpaceC/SmartCarPark/product/code/frontend/dev/SmartCarParkFront-Lib/ATMEGA_LIB/libSmartCarParkFront-Lib.a(HardwareSerial.o)
_Z17Serial3_availablev                            /ICESX/workSpaceC/SmartCarPark/product/code/frontend/dev/SmartCarParkFront-Lib/ATMEGA_LIB/libSmartCarParkFront-Lib.a(HardwareSerial.o)
_Z5swithv                                         ./IrSwith/IrSwith.o
_ZN10Ultrasonic8distanceEv                        ./ultrasonic/Ultrasonic.o
                                                  ./src/robot.o
_ZN10UltrasonicC1Eii                              ./src/robot.o
_ZN10UltrasonicC2Eii                              ./src/robot.o
_ZN10VoiceSwith5checkEv                           ./voice/voiceSwith.o
_ZN14HardwareSerial17_tx_udr_empty_irqEv          /ICESX/workSpaceC/SmartCarPark/product/code/frontend/dev/SmartCarParkFront-Lib/ATMEGA_LIB/libSmartCarParkFront-Lib.a(HardwareSerial.o)
                                                  /ICESX/workSpaceC/SmartCarPark/product/code/frontend/dev/SmartCarParkFront-Lib/ATMEGA_LIB/libSmartCarParkFront-Lib.a(HardwareSerial0.o)
_ZN14HardwareSerial17availableForWriteEv          /ICESX/workSpaceC/SmartCarPark/product/code/frontend/dev/SmartCarParkFront-Lib/ATMEGA_LIB/libSmartCarParkFront-Lib.a(HardwareSerial.o)
_ZN14HardwareSerial3endEv                         /ICESX/workSpaceC/SmartCarPark/product/code/frontend/dev/SmartCarParkFront-Lib/ATMEGA_LIB/libSmartCarParkFront-Lib.a(HardwareSerial.o)
_ZN14HardwareSerial4peekEv                        /ICESX/workSpaceC/SmartCarPark/product/code/frontend/dev/SmartCarParkFront-Lib/ATMEGA_LIB/libSmartCarParkFront-Lib.a(HardwareSerial.o)
_ZN14HardwareSerial4readEv                        /ICESX/workSpaceC/SmartCarPark/product/code/frontend/dev/SmartCarParkFront-Lib/ATMEGA_LIB/libSmartCarParkFront-Lib.a(HardwareSerial.o)
_ZN14HardwareSerial5beginEm                       ./src/robot.o
_ZN14HardwareSerial5beginEmh                      /ICESX/workSpaceC/SmartCarPark/product/code/frontend/dev/SmartCarParkFront-Lib/ATMEGA_LIB/libSmartCarParkFront-Lib.a(HardwareSerial.o)
                                                  ./src/robot.o
_ZN14HardwareSerial5flushEv                       /ICESX/workSpaceC/SmartCarPark/product/code/frontend/dev/SmartCarParkFront-Lib/ATMEGA_LIB/libSmartCarParkFront-Lib.a(HardwareSerial.o)
_ZN14HardwareSerial5writeEh                       /ICESX/workSpaceC/SmartCarPark/product/code/frontend/dev/SmartCarParkFront-Lib/ATMEGA_LIB/libSmartCarParkFront-Lib.a(HardwareSerial.o)
_ZN14HardwareSerial9availableEv                   /ICESX/workSpaceC/SmartCarPark/product/code/frontend/dev/SmartCarParkFront-Lib/ATMEGA_LIB/libSmartCarParkFront-Lib.a(HardwareSerial.o)
                                                  /ICESX/workSpaceC/SmartCarPark/product/code/frontend/dev/SmartCarParkFront-Lib/ATMEGA_LIB/libSmartCarParkFront-Lib.a(HardwareSerial0.o)
_ZN5Print10printFloatEdh                          /ICESX/workSpaceC/SmartCarPark/product/code/frontend/dev/SmartCarParkFront-Lib/ATMEGA_LIB/libSmartCarParkFront-Lib.a(Print.o)
_ZN5Print11printNumberEmh                         /ICESX/workSpaceC/SmartCarPark/product/code/frontend/dev/SmartCarParkFront-Lib/ATMEGA_LIB/libSmartCarParkFront-Lib.a(Print.o)
_ZN5Print5printEPK19__FlashStringHelper           /ICESX/workSpaceC/SmartCarPark/product/code/frontend/dev/SmartCarParkFront-Lib/ATMEGA_LIB/libSmartCarParkFront-Lib.a(Print.o)
_ZN5Print5printEPKc                               /ICESX/workSpaceC/SmartCarPark/product/code/frontend/dev/SmartCarParkFront-Lib/ATMEGA_LIB/libSmartCarParkFront-Lib.a(Print.o)
                                                  ./voice/voiceSwith.o
_ZN5Print5printERK6String                         /ICESX/workSpaceC/SmartCarPark/product/code/frontend/dev/SmartCarParkFront-Lib/ATMEGA_LIB/libSmartCarParkFront-Lib.a(Print.o)
_ZN5Print5printERK9Printable                      /ICESX/workSpaceC/SmartCarPark/product/code/frontend/dev/SmartCarParkFront-Lib/ATMEGA_LIB/libSmartCarParkFront-Lib.a(Print.o)
_ZN5Print5printEc                                 /ICESX/workSpaceC/SmartCarPark/product/code/frontend/dev/SmartCarParkFront-Lib/ATMEGA_LIB/libSmartCarParkFront-Lib.a(Print.o)
_ZN5Print5printEdi                                /ICESX/workSpaceC/SmartCarPark/product/code/frontend/dev/SmartCarParkFront-Lib/ATMEGA_LIB/libSmartCarParkFront-Lib.a(Print.o)
_ZN5Print5printEhi                                /ICESX/workSpaceC/SmartCarPark/product/code/frontend/dev/SmartCarParkFront-Lib/ATMEGA_LIB/libSmartCarParkFront-Lib.a(Print.o)
_ZN5Print5printEii                                /ICESX/workSpaceC/SmartCarPark/product/code/frontend/dev/SmartCarParkFront-Lib/ATMEGA_LIB/libSmartCarParkFront-Lib.a(Print.o)
                                                  ./ultrasonic/Ultrasonic.o
_ZN5Print5printEji                                /ICESX/workSpaceC/SmartCarPark/product/code/frontend/dev/SmartCarParkFront-Lib/ATMEGA_LIB/libSmartCarParkFront-Lib.a(Print.o)
_ZN5Print5printEli                                /ICESX/workSpaceC/SmartCarPark/product/code/frontend/dev/SmartCarParkFront-Lib/ATMEGA_LIB/libSmartCarParkFront-Lib.a(Print.o)
_ZN5Print5printEmi                                /ICESX/workSpaceC/SmartCarPark/product/code/frontend/dev/SmartCarParkFront-Lib/ATMEGA_LIB/libSmartCarParkFront-Lib.a(Print.o)
_ZN5Print5writeEPKc                               /ICESX/workSpaceC/SmartCarPark/product/code/frontend/dev/SmartCarParkFront-Lib/ATMEGA_LIB/libSmartCarParkFront-Lib.a(Print.o)
_ZN5Print5writeEPKhj                              /ICESX/workSpaceC/SmartCarPark/product/code/frontend/dev/SmartCarParkFront-Lib/ATMEGA_LIB/libSmartCarParkFront-Lib.a(Print.o)
                                                  /ICESX/workSpaceC/SmartCarPark/product/code/frontend/dev/SmartCarParkFront-Lib/ATMEGA_LIB/libSmartCarParkFront-Lib.a(HardwareSerial.o)
_ZN5Print7printlnEPK19__FlashStringHelper         /ICESX/workSpaceC/SmartCarPark/product/code/frontend/dev/SmartCarParkFront-Lib/ATMEGA_LIB/libSmartCarParkFront-Lib.a(Print.o)
_ZN5Print7printlnEPKc                             /ICESX/workSpaceC/SmartCarPark/product/code/frontend/dev/SmartCarParkFront-Lib/ATMEGA_LIB/libSmartCarParkFront-Lib.a(Print.o)
                                                  ./IrSwith/IrSwith.o
                                                  ./ultrasonic/Ultrasonic.o
_ZN5Print7printlnERK6String                       /ICESX/workSpaceC/SmartCarPark/product/code/frontend/dev/SmartCarParkFront-Lib/ATMEGA_LIB/libSmartCarParkFront-Lib.a(Print.o)
_ZN5Print7printlnERK9Printable                    /ICESX/workSpaceC/SmartCarPark/product/code/frontend/dev/SmartCarParkFront-Lib/ATMEGA_LIB/libSmartCarParkFront-Lib.a(Print.o)
_ZN5Print7printlnEc                               /ICESX/workSpaceC/SmartCarPark/product/code/frontend/dev/SmartCarParkFront-Lib/ATMEGA_LIB/libSmartCarParkFront-Lib.a(Print.o)
_ZN5Print7printlnEdi                              /ICESX/workSpaceC/SmartCarPark/product/code/frontend/dev/SmartCarParkFront-Lib/ATMEGA_LIB/libSmartCarParkFront-Lib.a(Print.o)
_ZN5Print7printlnEhi                              /ICESX/workSpaceC/SmartCarPark/product/code/frontend/dev/SmartCarParkFront-Lib/ATMEGA_LIB/libSmartCarParkFront-Lib.a(Print.o)
_ZN5Print7printlnEii                              /ICESX/workSpaceC/SmartCarPark/product/code/frontend/dev/SmartCarParkFront-Lib/ATMEGA_LIB/libSmartCarParkFront-Lib.a(Print.o)
                                                  ./voice/voiceSwith.o
_ZN5Print7printlnEji                              /ICESX/workSpaceC/SmartCarPark/product/code/frontend/dev/SmartCarParkFront-Lib/ATMEGA_LIB/libSmartCarParkFront-Lib.a(Print.o)
_ZN5Print7printlnEli                              /ICESX/workSpaceC/SmartCarPark/product/code/frontend/dev/SmartCarParkFront-Lib/ATMEGA_LIB/libSmartCarParkFront-Lib.a(Print.o)
_ZN5Print7printlnEmi                              /ICESX/workSpaceC/SmartCarPark/product/code/frontend/dev/SmartCarParkFront-Lib/ATMEGA_LIB/libSmartCarParkFront-Lib.a(Print.o)
_ZN5Print7printlnEv                               /ICESX/workSpaceC/SmartCarPark/product/code/frontend/dev/SmartCarParkFront-Lib/ATMEGA_LIB/libSmartCarParkFront-Lib.a(Print.o)
_ZN7IrSwith7irSwithEv                             ./IrSwith/IrSwith.o
_ZTV14HardwareSerial                              /ICESX/workSpaceC/SmartCarPark/product/code/frontend/dev/SmartCarParkFront-Lib/ATMEGA_LIB/libSmartCarParkFront-Lib.a(HardwareSerial.o)
                                                  /ICESX/workSpaceC/SmartCarPark/product/code/frontend/dev/SmartCarParkFront-Lib/ATMEGA_LIB/libSmartCarParkFront-Lib.a(HardwareSerial0.o)
_ZTV5Print                                        /ICESX/workSpaceC/SmartCarPark/product/code/frontend/dev/SmartCarParkFront-Lib/ATMEGA_LIB/libSmartCarParkFront-Lib.a(Print.o)
__FUSE_REGION_LENGTH__                            /usr/lib/gcc/avr/5.4.0/../../../avr/lib/avr6/crtatmega2560.o
__addsf3                                          /usr/lib/gcc/avr/5.4.0/../../../avr/lib/avr6/libm.a(addsf3.o)
                                                  /ICESX/workSpaceC/SmartCarPark/product/code/frontend/dev/SmartCarParkFront-Lib/ATMEGA_LIB/libSmartCarParkFront-Lib.a(Print.o)
__addsf3x                                         /usr/lib/gcc/avr/5.4.0/../../../avr/lib/avr6/libm.a(addsf3x.o)
                                                  /usr/lib/gcc/avr/5.4.0/../../../avr/lib/avr6/libm.a(addsf3.o)
__bad_interrupt                                   /usr/lib/gcc/avr/5.4.0/../../../avr/lib/avr6/crtatmega2560.o
__bss_end                                         /usr/lib/gcc/avr/5.4.0/avr6/libgcc.a(_clear_bss.o)
__bss_start                                       /usr/lib/gcc/avr/5.4.0/avr6/libgcc.a(_clear_bss.o)
__cmpsf2                                          /usr/lib/gcc/avr/5.4.0/../../../avr/lib/avr6/libm.a(cmpsf2.o)
__ctors_end                                       /usr/lib/gcc/avr/5.4.0/avr6/libgcc.a(_ctors.o)
__ctors_start                                     /usr/lib/gcc/avr/5.4.0/avr6/libgcc.a(_ctors.o)
__cxa_deleted_virtual                             /ICESX/workSpaceC/SmartCarPark/product/code/frontend/dev/SmartCarParkFront-Lib/ATMEGA_LIB/libSmartCarParkFront-Lib.a(abi.o)
__cxa_pure_virtual                                /ICESX/workSpaceC/SmartCarPark/product/code/frontend/dev/SmartCarParkFront-Lib/ATMEGA_LIB/libSmartCarParkFront-Lib.a(abi.o)
                                                  /ICESX/workSpaceC/SmartCarPark/product/code/frontend/dev/SmartCarParkFront-Lib/ATMEGA_LIB/libSmartCarParkFront-Lib.a(Print.o)
__data_end                                        /usr/lib/gcc/avr/5.4.0/avr6/libgcc.a(_copy_data.o)
__data_load_start                                 /usr/lib/gcc/avr/5.4.0/avr6/libgcc.a(_copy_data.o)
__data_start                                      /usr/lib/gcc/avr/5.4.0/avr6/libgcc.a(_copy_data.o)
__divsf3                                          /usr/lib/gcc/avr/5.4.0/../../../avr/lib/avr6/libm.a(divsf3.o)
                                                  /ICESX/workSpaceC/SmartCarPark/product/code/frontend/dev/SmartCarParkFront-Lib/ATMEGA_LIB/libSmartCarParkFront-Lib.a(Print.o)
                                                  ./ultrasonic/Ultrasonic.o
__divsf3_pse                                      /usr/lib/gcc/avr/5.4.0/../../../avr/lib/avr6/libm.a(divsf3x.o)
__divsf3x                                         /usr/lib/gcc/avr/5.4.0/../../../avr/lib/avr6/libm.a(divsf3x.o)
                                                  /usr/lib/gcc/avr/5.4.0/../../../avr/lib/avr6/libm.a(divsf3.o)
__do_clear_bss                                    /usr/lib/gcc/avr/5.4.0/avr6/libgcc.a(_clear_bss.o)
                                                  /ICESX/workSpaceC/SmartCarPark/product/code/frontend/dev/SmartCarParkFront-Lib/ATMEGA_LIB/libSmartCarParkFront-Lib.a(wiring.o)
                                                  /ICESX/workSpaceC/SmartCarPark/product/code/frontend/dev/SmartCarParkFront-Lib/ATMEGA_LIB/libSmartCarParkFront-Lib.a(HardwareSerial0.o)
                                                  ./src/robot.o
__do_copy_data                                    /usr/lib/gcc/avr/5.4.0/avr6/libgcc.a(_copy_data.o)
                                                  /ICESX/workSpaceC/SmartCarPark/product/code/frontend/dev/SmartCarParkFront-Lib/ATMEGA_LIB/libSmartCarParkFront-Lib.a(wiring_analog.o)
                                                  /ICESX/workSpaceC/SmartCarPark/product/code/frontend/dev/SmartCarParkFront-Lib/ATMEGA_LIB/libSmartCarParkFront-Lib.a(Print.o)
                                                  /ICESX/workSpaceC/SmartCarPark/product/code/frontend/dev/SmartCarParkFront-Lib/ATMEGA_LIB/libSmartCarParkFront-Lib.a(HardwareSerial.o)
                                                  ./IrSwith/IrSwith.o
                                                  ./src/robot.o
                                                  ./ultrasonic/Ultrasonic.o
                                                  ./voice/voiceSwith.o
__do_global_ctors                                 /usr/lib/gcc/avr/5.4.0/avr6/libgcc.a(_ctors.o)
                                                  /ICESX/workSpaceC/SmartCarPark/product/code/frontend/dev/SmartCarParkFront-Lib/ATMEGA_LIB/libSmartCarParkFront-Lib.a(HardwareSerial0.o)
                                                  ./src/robot.o
__eqsf2                                           /usr/lib/gcc/avr/5.4.0/../../../avr/lib/avr6/libm.a(cmpsf2.o)
__fixsfsi                                         /usr/lib/gcc/avr/5.4.0/../../../avr/lib/avr6/libm.a(fixsfsi.o)
                                                  /ICESX/workSpaceC/SmartCarPark/product/code/frontend/dev/SmartCarParkFront-Lib/ATMEGA_LIB/libSmartCarParkFront-Lib.a(Print.o)
                                                  ./ultrasonic/Ultrasonic.o
__fixunssfsi                                      /usr/lib/gcc/avr/5.4.0/../../../avr/lib/avr6/libm.a(fixunssfsi.o)
                                                  /usr/lib/gcc/avr/5.4.0/../../../avr/lib/avr6/libm.a(fixsfsi.o)
                                                  /ICESX/workSpaceC/SmartCarPark/product/code/frontend/dev/SmartCarParkFront-Lib/ATMEGA_LIB/libSmartCarParkFront-Lib.a(Print.o)
__floatsisf                                       /usr/lib/gcc/avr/5.4.0/../../../avr/lib/avr6/libm.a(floatsisf.o)
                                                  /ICESX/workSpaceC/SmartCarPark/product/code/frontend/dev/SmartCarParkFront-Lib/ATMEGA_LIB/libSmartCarParkFront-Lib.a(Print.o)
                                                  ./ultrasonic/Ultrasonic.o
__floatunsisf                                     /usr/lib/gcc/avr/5.4.0/../../../avr/lib/avr6/libm.a(floatsisf.o)
                                                  /ICESX/workSpaceC/SmartCarPark/product/code/frontend/dev/SmartCarParkFront-Lib/ATMEGA_LIB/libSmartCarParkFront-Lib.a(Print.o)
                                                  ./ultrasonic/Ultrasonic.o
__fp_cmp                                          /usr/lib/gcc/avr/5.4.0/../../../avr/lib/avr6/libm.a(fp_cmp.o)
                                                  /usr/lib/gcc/avr/5.4.0/../../../avr/lib/avr6/libm.a(unordsf2.o)
                                                  /usr/lib/gcc/avr/5.4.0/../../../avr/lib/avr6/libm.a(gesf2.o)
                                                  /usr/lib/gcc/avr/5.4.0/../../../avr/lib/avr6/libm.a(cmpsf2.o)
__fp_inf                                          /usr/lib/gcc/avr/5.4.0/../../../avr/lib/avr6/libm.a(fp_inf.o)
                                                  /usr/lib/gcc/avr/5.4.0/../../../avr/lib/avr6/libm.a(mulsf3x.o)
                                                  /usr/lib/gcc/avr/5.4.0/../../../avr/lib/avr6/libm.a(divsf3x.o)
                                                  /usr/lib/gcc/avr/5.4.0/../../../avr/lib/avr6/libm.a(addsf3x.o)
__fp_nan                                          /usr/lib/gcc/avr/5.4.0/../../../avr/lib/avr6/libm.a(fp_nan.o)
                                                  /usr/lib/gcc/avr/5.4.0/../../../avr/lib/avr6/libm.a(mulsf3x.o)
                                                  /usr/lib/gcc/avr/5.4.0/../../../avr/lib/avr6/libm.a(divsf3x.o)
                                                  /usr/lib/gcc/avr/5.4.0/../../../avr/lib/avr6/libm.a(addsf3x.o)
__fp_pscA                                         /usr/lib/gcc/avr/5.4.0/../../../avr/lib/avr6/libm.a(fp_pscA.o)
                                                  /usr/lib/gcc/avr/5.4.0/../../../avr/lib/avr6/libm.a(mulsf3x.o)
                                                  /usr/lib/gcc/avr/5.4.0/../../../avr/lib/avr6/libm.a(divsf3x.o)
                                                  /usr/lib/gcc/avr/5.4.0/../../../avr/lib/avr6/libm.a(addsf3x.o)
__fp_pscB                                         /usr/lib/gcc/avr/5.4.0/../../../avr/lib/avr6/libm.a(fp_pscB.o)
                                                  /usr/lib/gcc/avr/5.4.0/../../../avr/lib/avr6/libm.a(mulsf3x.o)
                                                  /usr/lib/gcc/avr/5.4.0/../../../avr/lib/avr6/libm.a(divsf3x.o)
                                                  /usr/lib/gcc/avr/5.4.0/../../../avr/lib/avr6/libm.a(addsf3x.o)
__fp_round                                        /usr/lib/gcc/avr/5.4.0/../../../avr/lib/avr6/libm.a(fp_round.o)
                                                  /usr/lib/gcc/avr/5.4.0/../../../avr/lib/avr6/libm.a(mulsf3.o)
                                                  /usr/lib/gcc/avr/5.4.0/../../../avr/lib/avr6/libm.a(divsf3.o)
                                                  /usr/lib/gcc/avr/5.4.0/../../../avr/lib/avr6/libm.a(addsf3.o)
__fp_split3                                       /usr/lib/gcc/avr/5.4.0/../../../avr/lib/avr6/libm.a(fp_split3.o)
                                                  /usr/lib/gcc/avr/5.4.0/../../../avr/lib/avr6/libm.a(mulsf3x.o)
                                                  /usr/lib/gcc/avr/5.4.0/../../../avr/lib/avr6/libm.a(divsf3x.o)
                                                  /usr/lib/gcc/avr/5.4.0/../../../avr/lib/avr6/libm.a(addsf3x.o)
__fp_splitA                                       /usr/lib/gcc/avr/5.4.0/../../../avr/lib/avr6/libm.a(fp_split3.o)
                                                  /usr/lib/gcc/avr/5.4.0/../../../avr/lib/avr6/libm.a(fixunssfsi.o)
__fp_szero                                        /usr/lib/gcc/avr/5.4.0/../../../avr/lib/avr6/libm.a(fp_zero.o)
                                                  /usr/lib/gcc/avr/5.4.0/../../../avr/lib/avr6/libm.a(mulsf3x.o)
                                                  /usr/lib/gcc/avr/5.4.0/../../../avr/lib/avr6/libm.a(fixsfsi.o)
                                                  /usr/lib/gcc/avr/5.4.0/../../../avr/lib/avr6/libm.a(divsf3x.o)
__fp_zero                                         /usr/lib/gcc/avr/5.4.0/../../../avr/lib/avr6/libm.a(fp_zero.o)
                                                  /usr/lib/gcc/avr/5.4.0/../../../avr/lib/avr6/libm.a(fixunssfsi.o)
                                                  /usr/lib/gcc/avr/5.4.0/../../../avr/lib/avr6/libm.a(addsf3x.o)
__gesf2                                           /usr/lib/gcc/avr/5.4.0/../../../avr/lib/avr6/libm.a(gesf2.o)
__gtsf2                                           /usr/lib/gcc/avr/5.4.0/../../../avr/lib/avr6/libm.a(gesf2.o)
                                                  /ICESX/workSpaceC/SmartCarPark/product/code/frontend/dev/SmartCarParkFront-Lib/ATMEGA_LIB/libSmartCarParkFront-Lib.a(Print.o)
__heap_end                                        /usr/lib/gcc/avr/5.4.0/../../../avr/lib/avr6/crtatmega2560.o
__init                                            /usr/lib/gcc/avr/5.4.0/../../../avr/lib/avr6/crtatmega2560.o
__lesf2                                           /usr/lib/gcc/avr/5.4.0/../../../avr/lib/avr6/libm.a(cmpsf2.o)
                                                  /ICESX/workSpaceC/SmartCarPark/product/code/frontend/dev/SmartCarParkFront-Lib/ATMEGA_LIB/libSmartCarParkFront-Lib.a(Print.o)
__ltsf2                                           /usr/lib/gcc/avr/5.4.0/../../../avr/lib/avr6/libm.a(cmpsf2.o)
                                                  /ICESX/workSpaceC/SmartCarPark/product/code/frontend/dev/SmartCarParkFront-Lib/ATMEGA_LIB/libSmartCarParkFront-Lib.a(Print.o)
__mulsf3                                          /usr/lib/gcc/avr/5.4.0/../../../avr/lib/avr6/libm.a(mulsf3.o)
                                                  /ICESX/workSpaceC/SmartCarPark/product/code/frontend/dev/SmartCarParkFront-Lib/ATMEGA_LIB/libSmartCarParkFront-Lib.a(Print.o)
                                                  ./ultrasonic/Ultrasonic.o
__mulsf3_pse                                      /usr/lib/gcc/avr/5.4.0/../../../avr/lib/avr6/libm.a(mulsf3x.o)
__mulsf3x                                         /usr/lib/gcc/avr/5.4.0/../../../avr/lib/avr6/libm.a(mulsf3x.o)
                                                  /usr/lib/gcc/avr/5.4.0/../../../avr/lib/avr6/libm.a(mulsf3.o)
__nesf2                                           /usr/lib/gcc/avr/5.4.0/../../../avr/lib/avr6/libm.a(cmpsf2.o)
__stack                                           /usr/lib/gcc/avr/5.4.0/../../../avr/lib/avr6/crtatmega2560.o
__subsf3                                          /usr/lib/gcc/avr/5.4.0/../../../avr/lib/avr6/libm.a(addsf3.o)
                                                  /ICESX/workSpaceC/SmartCarPark/product/code/frontend/dev/SmartCarParkFront-Lib/ATMEGA_LIB/libSmartCarParkFront-Lib.a(Print.o)
__tablejump2__                                    /usr/lib/gcc/avr/5.4.0/avr6/libgcc.a(_tablejump2.o)
                                                  /usr/lib/gcc/avr/5.4.0/avr6/libgcc.a(_ctors.o)
                                                  /ICESX/workSpaceC/SmartCarPark/product/code/frontend/dev/SmartCarParkFront-Lib/ATMEGA_LIB/libSmartCarParkFront-Lib.a(wiring_digital.o)
                                                  /ICESX/workSpaceC/SmartCarPark/product/code/frontend/dev/SmartCarParkFront-Lib/ATMEGA_LIB/libSmartCarParkFront-Lib.a(wiring_analog.o)
__udivmodsi4                                      /usr/lib/gcc/avr/5.4.0/avr6/libgcc.a(_udivmodsi4.o)
                                                  /ICESX/workSpaceC/SmartCarPark/product/code/frontend/dev/SmartCarParkFront-Lib/ATMEGA_LIB/libSmartCarParkFront-Lib.a(Print.o)
                                                  /ICESX/workSpaceC/SmartCarPark/product/code/frontend/dev/SmartCarParkFront-Lib/ATMEGA_LIB/libSmartCarParkFront-Lib.a(HardwareSerial.o)
__unordsf2                                        /usr/lib/gcc/avr/5.4.0/../../../avr/lib/avr6/libm.a(unordsf2.o)
                                                  /ICESX/workSpaceC/SmartCarPark/product/code/frontend/dev/SmartCarParkFront-Lib/ATMEGA_LIB/libSmartCarParkFront-Lib.a(Print.o)
__vector_1                                        /usr/lib/gcc/avr/5.4.0/../../../avr/lib/avr6/crtatmega2560.o
__vector_10                                       /usr/lib/gcc/avr/5.4.0/../../../avr/lib/avr6/crtatmega2560.o
__vector_11                                       /usr/lib/gcc/avr/5.4.0/../../../avr/lib/avr6/crtatmega2560.o
__vector_12                                       /usr/lib/gcc/avr/5.4.0/../../../avr/lib/avr6/crtatmega2560.o
__vector_13                                       /usr/lib/gcc/avr/5.4.0/../../../avr/lib/avr6/crtatmega2560.o
__vector_14                                       /usr/lib/gcc/avr/5.4.0/../../../avr/lib/avr6/crtatmega2560.o
__vector_15                                       /usr/lib/gcc/avr/5.4.0/../../../avr/lib/avr6/crtatmega2560.o
__vector_16                                       /usr/lib/gcc/avr/5.4.0/../../../avr/lib/avr6/crtatmega2560.o
__vector_17                                       /usr/lib/gcc/avr/5.4.0/../../../avr/lib/avr6/crtatmega2560.o
__vector_18                                       /usr/lib/gcc/avr/5.4.0/../../../avr/lib/avr6/crtatmega2560.o
__vector_19                                       /usr/lib/gcc/avr/5.4.0/../../../avr/lib/avr6/crtatmega2560.o
__vector_2                                        /usr/lib/gcc/avr/5.4.0/../../../avr/lib/avr6/crtatmega2560.o
__vector_20                                       /usr/lib/gcc/avr/5.4.0/../../../avr/lib/avr6/crtatmega2560.o
__vector_21                                       /usr/lib/gcc/avr/5.4.0/../../../avr/lib/avr6/crtatmega2560.o
__vector_22                                       /usr/lib/gcc/avr/5.4.0/../../../avr/lib/avr6/crtatmega2560.o
__vector_23                                       /ICESX/workSpaceC/SmartCarPark/product/code/frontend/dev/SmartCarParkFront-Lib/ATMEGA_LIB/libSmartCarParkFront-Lib.a(wiring.o)
                                                  /usr/lib/gcc/avr/5.4.0/../../../avr/lib/avr6/crtatmega2560.o
__vector_24                                       /usr/lib/gcc/avr/5.4.0/../../../avr/lib/avr6/crtatmega2560.o
__vector_25                                       /ICESX/workSpaceC/SmartCarPark/product/code/frontend/dev/SmartCarParkFront-Lib/ATMEGA_LIB/libSmartCarParkFront-Lib.a(HardwareSerial0.o)
                                                  /usr/lib/gcc/avr/5.4.0/../../../avr/lib/avr6/crtatmega2560.o
__vector_26                                       /ICESX/workSpaceC/SmartCarPark/product/code/frontend/dev/SmartCarParkFront-Lib/ATMEGA_LIB/libSmartCarParkFront-Lib.a(HardwareSerial0.o)
                                                  /usr/lib/gcc/avr/5.4.0/../../../avr/lib/avr6/crtatmega2560.o
__vector_27                                       /usr/lib/gcc/avr/5.4.0/../../../avr/lib/avr6/crtatmega2560.o
__vector_28                                       /usr/lib/gcc/avr/5.4.0/../../../avr/lib/avr6/crtatmega2560.o
__vector_29                                       /usr/lib/gcc/avr/5.4.0/../../../avr/lib/avr6/crtatmega2560.o
__vector_3                                        /usr/lib/gcc/avr/5.4.0/../../../avr/lib/avr6/crtatmega2560.o
__vector_30                                       /usr/lib/gcc/avr/5.4.0/../../../avr/lib/avr6/crtatmega2560.o
__vector_31                                       /usr/lib/gcc/avr/5.4.0/../../../avr/lib/avr6/crtatmega2560.o
__vector_32                                       /usr/lib/gcc/avr/5.4.0/../../../avr/lib/avr6/crtatmega2560.o
__vector_33                                       /usr/lib/gcc/avr/5.4.0/../../../avr/lib/avr6/crtatmega2560.o
__vector_34                                       /usr/lib/gcc/avr/5.4.0/../../../avr/lib/avr6/crtatmega2560.o
__vector_35                                       /usr/lib/gcc/avr/5.4.0/../../../avr/lib/avr6/crtatmega2560.o
__vector_36                                       /usr/lib/gcc/avr/5.4.0/../../../avr/lib/avr6/crtatmega2560.o
__vector_37                                       /usr/lib/gcc/avr/5.4.0/../../../avr/lib/avr6/crtatmega2560.o
__vector_38                                       /usr/lib/gcc/avr/5.4.0/../../../avr/lib/avr6/crtatmega2560.o
__vector_39                                       /usr/lib/gcc/avr/5.4.0/../../../avr/lib/avr6/crtatmega2560.o
__vector_4                                        /usr/lib/gcc/avr/5.4.0/../../../avr/lib/avr6/crtatmega2560.o
__vector_40                                       /usr/lib/gcc/avr/5.4.0/../../../avr/lib/avr6/crtatmega2560.o
__vector_41                                       /usr/lib/gcc/avr/5.4.0/../../../avr/lib/avr6/crtatmega2560.o
__vector_42                                       /usr/lib/gcc/avr/5.4.0/../../../avr/lib/avr6/crtatmega2560.o
__vector_43                                       /usr/lib/gcc/avr/5.4.0/../../../avr/lib/avr6/crtatmega2560.o
__vector_44                                       /usr/lib/gcc/avr/5.4.0/../../../avr/lib/avr6/crtatmega2560.o
__vector_45                                       /usr/lib/gcc/avr/5.4.0/../../../avr/lib/avr6/crtatmega2560.o
__vector_46                                       /usr/lib/gcc/avr/5.4.0/../../../avr/lib/avr6/crtatmega2560.o
__vector_47                                       /usr/lib/gcc/avr/5.4.0/../../../avr/lib/avr6/crtatmega2560.o
__vector_48                                       /usr/lib/gcc/avr/5.4.0/../../../avr/lib/avr6/crtatmega2560.o
__vector_49                                       /usr/lib/gcc/avr/5.4.0/../../../avr/lib/avr6/crtatmega2560.o
__vector_5                                        /usr/lib/gcc/avr/5.4.0/../../../avr/lib/avr6/crtatmega2560.o
__vector_50                                       /usr/lib/gcc/avr/5.4.0/../../../avr/lib/avr6/crtatmega2560.o
__vector_51                                       /usr/lib/gcc/avr/5.4.0/../../../avr/lib/avr6/crtatmega2560.o
__vector_52                                       /usr/lib/gcc/avr/5.4.0/../../../avr/lib/avr6/crtatmega2560.o
__vector_53                                       /usr/lib/gcc/avr/5.4.0/../../../avr/lib/avr6/crtatmega2560.o
__vector_54                                       /usr/lib/gcc/avr/5.4.0/../../../avr/lib/avr6/crtatmega2560.o
__vector_55                                       /usr/lib/gcc/avr/5.4.0/../../../avr/lib/avr6/crtatmega2560.o
__vector_56                                       /usr/lib/gcc/avr/5.4.0/../../../avr/lib/avr6/crtatmega2560.o
__vector_6                                        /usr/lib/gcc/avr/5.4.0/../../../avr/lib/avr6/crtatmega2560.o
__vector_7                                        /usr/lib/gcc/avr/5.4.0/../../../avr/lib/avr6/crtatmega2560.o
__vector_8                                        /usr/lib/gcc/avr/5.4.0/../../../avr/lib/avr6/crtatmega2560.o
__vector_9                                        /usr/lib/gcc/avr/5.4.0/../../../avr/lib/avr6/crtatmega2560.o
__vector_default                                  /usr/lib/gcc/avr/5.4.0/../../../avr/lib/avr6/crtatmega2560.o
__vectors                                         /usr/lib/gcc/avr/5.4.0/../../../avr/lib/avr6/crtatmega2560.o
_exit                                             /usr/lib/gcc/avr/5.4.0/avr6/libgcc.a(_exit.o)
                                                  /usr/lib/gcc/avr/5.4.0/../../../avr/lib/avr6/libc.a(abort.o)
abort                                             /usr/lib/gcc/avr/5.4.0/../../../avr/lib/avr6/libc.a(abort.o)
                                                  /ICESX/workSpaceC/SmartCarPark/product/code/frontend/dev/SmartCarParkFront-Lib/ATMEGA_LIB/libSmartCarParkFront-Lib.a(abi.o)
analogRead                                        /ICESX/workSpaceC/SmartCarPark/product/code/frontend/dev/SmartCarParkFront-Lib/ATMEGA_LIB/libSmartCarParkFront-Lib.a(wiring_analog.o)
                                                  ./voice/voiceSwith.o
analogReference                                   /ICESX/workSpaceC/SmartCarPark/product/code/frontend/dev/SmartCarParkFront-Lib/ATMEGA_LIB/libSmartCarParkFront-Lib.a(wiring_analog.o)
analogWrite                                       /ICESX/workSpaceC/SmartCarPark/product/code/frontend/dev/SmartCarParkFront-Lib/ATMEGA_LIB/libSmartCarParkFront-Lib.a(wiring_analog.o)
analog_reference                                  /ICESX/workSpaceC/SmartCarPark/product/code/frontend/dev/SmartCarParkFront-Lib/ATMEGA_LIB/libSmartCarParkFront-Lib.a(wiring_analog.o)
atexit                                            /ICESX/workSpaceC/SmartCarPark/product/code/frontend/dev/SmartCarParkFront-Lib/ATMEGA_LIB/libSmartCarParkFront-Lib.a(main.o)
countPulseASM                                     /ICESX/workSpaceC/SmartCarPark/product/code/frontend/dev/SmartCarParkFront-Lib/ATMEGA_LIB/libSmartCarParkFront-Lib.a(wiring_pulse.s.o)
                                                  /ICESX/workSpaceC/SmartCarPark/product/code/frontend/dev/SmartCarParkFront-Lib/ATMEGA_LIB/libSmartCarParkFront-Lib.a(wiring_pulse.o)
delay                                             /ICESX/workSpaceC/SmartCarPark/product/code/frontend/dev/SmartCarParkFront-Lib/ATMEGA_LIB/libSmartCarParkFront-Lib.a(wiring.o)
                                                  ./src/robot.o
delayMicroseconds                                 /ICESX/workSpaceC/SmartCarPark/product/code/frontend/dev/SmartCarParkFront-Lib/ATMEGA_LIB/libSmartCarParkFront-Lib.a(wiring.o)
                                                  ./ultrasonic/Ultrasonic.o
digitalRead                                       /ICESX/workSpaceC/SmartCarPark/product/code/frontend/dev/SmartCarParkFront-Lib/ATMEGA_LIB/libSmartCarParkFront-Lib.a(wiring_digital.o)
                                                  ./IrSwith/IrSwith.o
digitalWrite                                      /ICESX/workSpaceC/SmartCarPark/product/code/frontend/dev/SmartCarParkFront-Lib/ATMEGA_LIB/libSmartCarParkFront-Lib.a(wiring_digital.o)
                                                  /ICESX/workSpaceC/SmartCarPark/product/code/frontend/dev/SmartCarParkFront-Lib/ATMEGA_LIB/libSmartCarParkFront-Lib.a(wiring_analog.o)
                                                  ./IrSwith/IrSwith.o
                                                  ./ultrasonic/Ultrasonic.o
                                                  ./voice/voiceSwith.o
digital_pin_to_bit_mask_PGM                       /ICESX/workSpaceC/SmartCarPark/product/code/frontend/dev/SmartCarParkFront-Lib/ATMEGA_LIB/libSmartCarParkFront-Lib.a(wiring_digital.o)
                                                  /ICESX/workSpaceC/SmartCarPark/product/code/frontend/dev/SmartCarParkFront-Lib/ATMEGA_LIB/libSmartCarParkFront-Lib.a(wiring_pulse.o)
digital_pin_to_port_PGM                           /ICESX/workSpaceC/SmartCarPark/product/code/frontend/dev/SmartCarParkFront-Lib/ATMEGA_LIB/libSmartCarParkFront-Lib.a(wiring_digital.o)
                                                  /ICESX/workSpaceC/SmartCarPark/product/code/frontend/dev/SmartCarParkFront-Lib/ATMEGA_LIB/libSmartCarParkFront-Lib.a(wiring_pulse.o)
digital_pin_to_timer_PGM                          /ICESX/workSpaceC/SmartCarPark/product/code/frontend/dev/SmartCarParkFront-Lib/ATMEGA_LIB/libSmartCarParkFront-Lib.a(wiring_digital.o)
                                                  /ICESX/workSpaceC/SmartCarPark/product/code/frontend/dev/SmartCarParkFront-Lib/ATMEGA_LIB/libSmartCarParkFront-Lib.a(wiring_analog.o)
exit                                              /usr/lib/gcc/avr/5.4.0/avr6/libgcc.a(_exit.o)
                                                  /usr/lib/gcc/avr/5.4.0/../../../avr/lib/avr6/crtatmega2560.o
init                                              /ICESX/workSpaceC/SmartCarPark/product/code/frontend/dev/SmartCarParkFront-Lib/ATMEGA_LIB/libSmartCarParkFront-Lib.a(wiring.o)
                                                  /ICESX/workSpaceC/SmartCarPark/product/code/frontend/dev/SmartCarParkFront-Lib/ATMEGA_LIB/libSmartCarParkFront-Lib.a(main.o)
initVariant                                       /ICESX/workSpaceC/SmartCarPark/product/code/frontend/dev/SmartCarParkFront-Lib/ATMEGA_LIB/libSmartCarParkFront-Lib.a(main.o)
ir                                                ./src/robot.o
irLed                                             ./src/robot.o
is                                                ./IrSwith/IrSwith.o
loop                                              ./src/robot.o
                                                  /ICESX/workSpaceC/SmartCarPark/product/code/frontend/dev/SmartCarParkFront-Lib/ATMEGA_LIB/libSmartCarParkFront-Lib.a(main.o)
main                                              /ICESX/workSpaceC/SmartCarPark/product/code/frontend/dev/SmartCarParkFront-Lib/ATMEGA_LIB/libSmartCarParkFront-Lib.a(main.o)
                                                  /usr/lib/gcc/avr/5.4.0/../../../avr/lib/avr6/crtatmega2560.o
micros                                            /ICESX/workSpaceC/SmartCarPark/product/code/frontend/dev/SmartCarParkFront-Lib/ATMEGA_LIB/libSmartCarParkFront-Lib.a(wiring.o)
                                                  /ICESX/workSpaceC/SmartCarPark/product/code/frontend/dev/SmartCarParkFront-Lib/ATMEGA_LIB/libSmartCarParkFront-Lib.a(wiring_pulse.o)
millis                                            /ICESX/workSpaceC/SmartCarPark/product/code/frontend/dev/SmartCarParkFront-Lib/ATMEGA_LIB/libSmartCarParkFront-Lib.a(wiring.o)
pinMode                                           /ICESX/workSpaceC/SmartCarPark/product/code/frontend/dev/SmartCarParkFront-Lib/ATMEGA_LIB/libSmartCarParkFront-Lib.a(wiring_digital.o)
                                                  /ICESX/workSpaceC/SmartCarPark/product/code/frontend/dev/SmartCarParkFront-Lib/ATMEGA_LIB/libSmartCarParkFront-Lib.a(wiring_analog.o)
port_to_input_PGM                                 /ICESX/workSpaceC/SmartCarPark/product/code/frontend/dev/SmartCarParkFront-Lib/ATMEGA_LIB/libSmartCarParkFront-Lib.a(wiring_digital.o)
                                                  /ICESX/workSpaceC/SmartCarPark/product/code/frontend/dev/SmartCarParkFront-Lib/ATMEGA_LIB/libSmartCarParkFront-Lib.a(wiring_pulse.o)
port_to_mode_PGM                                  /ICESX/workSpaceC/SmartCarPark/product/code/frontend/dev/SmartCarParkFront-Lib/ATMEGA_LIB/libSmartCarParkFront-Lib.a(wiring_digital.o)
port_to_output_PGM                                /ICESX/workSpaceC/SmartCarPark/product/code/frontend/dev/SmartCarParkFront-Lib/ATMEGA_LIB/libSmartCarParkFront-Lib.a(wiring_digital.o)
pulseIn                                           /ICESX/workSpaceC/SmartCarPark/product/code/frontend/dev/SmartCarParkFront-Lib/ATMEGA_LIB/libSmartCarParkFront-Lib.a(wiring_pulse.o)
                                                  ./ultrasonic/Ultrasonic.o
pulseInLong                                       /ICESX/workSpaceC/SmartCarPark/product/code/frontend/dev/SmartCarParkFront-Lib/ATMEGA_LIB/libSmartCarParkFront-Lib.a(wiring_pulse.o)
setup                                             ./src/robot.o
                                                  /ICESX/workSpaceC/SmartCarPark/product/code/frontend/dev/SmartCarParkFront-Lib/ATMEGA_LIB/libSmartCarParkFront-Lib.a(main.o)
timer0_millis                                     /ICESX/workSpaceC/SmartCarPark/product/code/frontend/dev/SmartCarParkFront-Lib/ATMEGA_LIB/libSmartCarParkFront-Lib.a(wiring.o)
timer0_overflow_count                             /ICESX/workSpaceC/SmartCarPark/product/code/frontend/dev/SmartCarParkFront-Lib/ATMEGA_LIB/libSmartCarParkFront-Lib.a(wiring.o)
us                                                ./src/robot.o
voiceLed                                          ./src/robot.o
vr                                                ./src/robot.o
yield                                             /ICESX/workSpaceC/SmartCarPark/product/code/frontend/dev/SmartCarParkFront-Lib/ATMEGA_LIB/libSmartCarParkFront-Lib.a(hooks.o)
                                                  /ICESX/workSpaceC/SmartCarPark/product/code/frontend/dev/SmartCarParkFront-Lib/ATMEGA_LIB/libSmartCarParkFront-Lib.a(wiring.o)
