Archive member included to satisfy reference by file (symbol)

/ICESX/workSpaceC/IC/SmartCarPark/product/code/frontend/dev/SmartCarParkFront-Lib-Mine/ATMEGA_LIB/libSmartCarParkFront-Lib-Mine.a(Sim900aHTTP.o)
                              ./src/fisher.o (_ZN7Sim900a11prepareHttpEv)
/ICESX/workSpaceC/IC/SmartCarPark/product/code/frontend/dev/SmartCarParkFront-Lib-Mine/ATMEGA_LIB/libSmartCarParkFront-Lib-Mine.a(util.o)
                              /ICESX/workSpaceC/IC/SmartCarPark/product/code/frontend/dev/SmartCarParkFront-Lib-Mine/ATMEGA_LIB/libSmartCarParkFront-Lib-Mine.a(Sim900aHTTP.o) (_Z13strAppendChar6StringPc)
/ICESX/workSpaceC/IC/SmartCarPark/product/code/frontend/dev/SmartCarParkFront-Lib/ATMEGA_LIB/libSmartCarParkFront-Lib.a(HardwareSerial.o)
                              ./src/fisher.o (_ZN14HardwareSerial5beginEmh)
/ICESX/workSpaceC/IC/SmartCarPark/product/code/frontend/dev/SmartCarParkFront-Lib/ATMEGA_LIB/libSmartCarParkFront-Lib.a(HardwareSerial0.o)
                              ./src/fisher.o (Serial)
/ICESX/workSpaceC/IC/SmartCarPark/product/code/frontend/dev/SmartCarParkFront-Lib/ATMEGA_LIB/libSmartCarParkFront-Lib.a(HardwareSerial2.o)
                              ./src/fisher.o (Serial2)
/ICESX/workSpaceC/IC/SmartCarPark/product/code/frontend/dev/SmartCarParkFront-Lib/ATMEGA_LIB/libSmartCarParkFront-Lib.a(Print.o)
                              /ICESX/workSpaceC/IC/SmartCarPark/product/code/frontend/dev/SmartCarParkFront-Lib/ATMEGA_LIB/libSmartCarParkFront-Lib.a(HardwareSerial.o) (_ZN5Print5writeEPKhj)
/ICESX/workSpaceC/IC/SmartCarPark/product/code/frontend/dev/SmartCarParkFront-Lib/ATMEGA_LIB/libSmartCarParkFront-Lib.a(WString.o)
                              /ICESX/workSpaceC/IC/SmartCarPark/product/code/frontend/dev/SmartCarParkFront-Lib-Mine/ATMEGA_LIB/libSmartCarParkFront-Lib-Mine.a(util.o) (_ZN6StringD2Ev)
/ICESX/workSpaceC/IC/SmartCarPark/product/code/frontend/dev/SmartCarParkFront-Lib/ATMEGA_LIB/libSmartCarParkFront-Lib.a(abi.o)
                              /ICESX/workSpaceC/IC/SmartCarPark/product/code/frontend/dev/SmartCarParkFront-Lib/ATMEGA_LIB/libSmartCarParkFront-Lib.a(Print.o) (__cxa_pure_virtual)
/ICESX/workSpaceC/IC/SmartCarPark/product/code/frontend/dev/SmartCarParkFront-Lib/ATMEGA_LIB/libSmartCarParkFront-Lib.a(main.o)
                              /usr/lib/gcc/avr/5.4.0/../../../avr/lib/avr6/crtatmega2560.o (main)
/ICESX/workSpaceC/IC/SmartCarPark/product/code/frontend/dev/SmartCarParkFront-Lib/ATMEGA_LIB/libSmartCarParkFront-Lib.a(new.o)
                              /ICESX/workSpaceC/IC/SmartCarPark/product/code/frontend/dev/SmartCarParkFront-Lib-Mine/ATMEGA_LIB/libSmartCarParkFront-Lib-Mine.a(util.o) (_Znaj)
/ICESX/workSpaceC/IC/SmartCarPark/product/code/frontend/dev/SmartCarParkFront-Lib/ATMEGA_LIB/libSmartCarParkFront-Lib.a(wiring.o)
                              /ICESX/workSpaceC/IC/SmartCarPark/product/code/frontend/dev/SmartCarParkFront-Lib-Mine/ATMEGA_LIB/libSmartCarParkFront-Lib-Mine.a(Sim900aHTTP.o) (millis)
/ICESX/workSpaceC/IC/SmartCarPark/product/code/frontend/dev/SmartCarParkFront-Lib/ATMEGA_LIB/libSmartCarParkFront-Lib.a(wiring_digital.o)
                              ./src/fisher.o (pinMode)
/ICESX/workSpaceC/IC/SmartCarPark/product/code/frontend/dev/SmartCarParkFront-Lib/ATMEGA_LIB/libSmartCarParkFront-Lib.a(hooks.o)
                              /ICESX/workSpaceC/IC/SmartCarPark/product/code/frontend/dev/SmartCarParkFront-Lib/ATMEGA_LIB/libSmartCarParkFront-Lib.a(wiring.o) (yield)
/usr/lib/gcc/avr/5.4.0/avr6/libgcc.a(_udivmodsi4.o)
                              /ICESX/workSpaceC/IC/SmartCarPark/product/code/frontend/dev/SmartCarParkFront-Lib/ATMEGA_LIB/libSmartCarParkFront-Lib.a(HardwareSerial.o) (__udivmodsi4)
/usr/lib/gcc/avr/5.4.0/avr6/libgcc.a(_exit.o)
                              /usr/lib/gcc/avr/5.4.0/../../../avr/lib/avr6/crtatmega2560.o (exit)
/usr/lib/gcc/avr/5.4.0/avr6/libgcc.a(_tablejump2.o)
                              /ICESX/workSpaceC/IC/SmartCarPark/product/code/frontend/dev/SmartCarParkFront-Lib/ATMEGA_LIB/libSmartCarParkFront-Lib.a(wiring_digital.o) (__tablejump2__)
/usr/lib/gcc/avr/5.4.0/avr6/libgcc.a(_copy_data.o)
                              ./src/fisher.o (__do_copy_data)
/usr/lib/gcc/avr/5.4.0/avr6/libgcc.a(_clear_bss.o)
                              ./src/fisher.o (__do_clear_bss)
/usr/lib/gcc/avr/5.4.0/avr6/libgcc.a(_ctors.o)
                              ./src/fisher.o (__do_global_ctors)
/usr/lib/gcc/avr/5.4.0/../../../avr/lib/avr6/libm.a(addsf3.o)
                              /ICESX/workSpaceC/IC/SmartCarPark/product/code/frontend/dev/SmartCarParkFront-Lib/ATMEGA_LIB/libSmartCarParkFront-Lib.a(Print.o) (__subsf3)
/usr/lib/gcc/avr/5.4.0/../../../avr/lib/avr6/libm.a(addsf3x.o)
                              /usr/lib/gcc/avr/5.4.0/../../../avr/lib/avr6/libm.a(addsf3.o) (__addsf3x)
/usr/lib/gcc/avr/5.4.0/../../../avr/lib/avr6/libm.a(cmpsf2.o)
[...]
Memory Configuration

Name             Origin             Length             Attributes
text             0x0000000000000000 0x0000000000100000 xr
data             0x0000000000800200 0x000000000000fe00 rw !x
eeprom           0x0000000000810000 0x0000000000010000 rw !x
fuse             0x0000000000820000 0x0000000000000003 rw !x
lock             0x0000000000830000 0x0000000000000400 rw !x
signature        0x0000000000840000 0x0000000000000400 rw !x
user_signatures  0x0000000000850000 0x0000000000000400 rw !x
*default*        0x0000000000000000 0xffffffffffffffff

Linker script and memory map

Address of section .data set to 0x800200
LOAD /usr/lib/gcc/avr/5.4.0/../../../avr/lib/avr6/crtatmega2560.o
LOAD ./src/fisher.o
LOAD /ICESX/workSpaceC/IC/SmartCarPark/product/code/frontend/dev/SmartCarParkFront-Lib-Mine/ATMEGA_LIB/libSmartCarParkFront-Lib-Mine.a
LOAD /ICESX/workSpaceC/IC/SmartCarPark/product/code/frontend/dev/SmartCarParkFront-Lib/ATMEGA_LIB/libSmartCarParkFront-Lib.a
START GROUP
LOAD /usr/lib/gcc/avr/5.4.0/avr6/libgcc.a
LOAD /usr/lib/gcc/avr/5.4.0/../../../avr/lib/avr6/libm.a
LOAD /usr/lib/gcc/avr/5.4.0/../../../avr/lib/avr6/libc.a
LOAD /usr/lib/gcc/avr/5.4.0/../../../avr/lib/avr6/libatmega2560.a
END GROUP
                0x0000000000100000                __TEXT_REGION_LENGTH__ = DEFINED (__TEXT_REGION_LENGTH__)?__TEXT_REGION_LENGTH__:0x100000
                0x000000000000fe00                __DATA_REGION_LENGTH__ = DEFINED (__DATA_REGION_LENGTH__)?__DATA_REGION_LENGTH__:0xfe00
                0x0000000000010000                __EEPROM_REGION_LENGTH__ = DEFINED (__EEPROM_REGION_LENGTH__)?__EEPROM_REGION_LENGTH__:0x10000
                [0x0000000000000003]                __FUSE_REGION_LENGTH__ = DEFINED (__FUSE_REGION_LENGTH__)?__FUSE_REGION_LENGTH__:0x400
                0x0000000000000400                __LOCK_REGION_LENGTH__ = DEFINED (__LOCK_REGION_LENGTH__)?__LOCK_REGION_LENGTH__:0x400
                0x0000000000000400                __SIGNATURE_REGION_LENGTH__ = DEFINED (__SIGNATURE_REGION_LENGTH__)?__SIGNATURE_REGION_LENGTH__:0x400
                0x0000000000000400                __USER_SIGNATURE_REGION_LENGTH__ = DEFINED (__USER_SIGNATURE_REGION_LENGTH__)?__USER_SIGNATURE_REGION_LENGTH__:0x400

.hash
 *(.hash)

.dynsym
 *(.dynsym)

.dynstr
 *(.dynstr)

.gnu.version
 *(.gnu.version)

.gnu.version_d
 *(.gnu.version_d)

.gnu.version_r
 *(.gnu.version_r)

.rel.init
 *(.rel.init)

.rela.init
 *(.rela.init)

.rel.text
 *(.rel.text)
 *(.rel.text.*)
 *(.rel.gnu.linkonce.t*)

.rela.text
 *(.rela.text)
 *(.rela.text.*)
 *(.rela.gnu.linkonce.t*)

.rel.fini
 *(.rel.fini)

.rela.fini
 *(.rela.fini)

.rel.rodata
 *(.rel.rodata)
 *(.rel.rodata.*)
 *(.rel.gnu.linkonce.r*)

.rela.rodata
 *(.rela.rodata)
 *(.rela.rodata.*)
 *(.rela.gnu.linkonce.r*)

.rel.data
 *(.rel.data)
 *(.rel.data.*)
 *(.rel.gnu.linkonce.d*)

.rela.data
 *(.rela.data)
 *(.rela.data.*)
 *(.rela.gnu.linkonce.d*)

.rel.ctors
 *(.rel.ctors)

.rela.ctors
 *(.rela.ctors)

.rel.dtors
 *(.rel.dtors)

.rela.dtors
 *(.rela.dtors)

.rel.got
 *(.rel.got)

.rela.got
 *(.rela.got)

.rel.bss
 *(.rel.bss)

.rela.bss
 *(.rela.bss)

.rel.plt
 *(.rel.plt)

.rela.plt
 *(.rela.plt)

.text           0x0000000000000000     0x1fda
 *(.vectors)
 .vectors       0x0000000000000000       0xe4 /usr/lib/gcc/avr/5.4.0/../../../avr/lib/avr6/crtatmega2560.o
                0x0000000000000000                __vectors
                0x0000000000000000                __vector_default
 *(.vectors)
 *(.progmem.gcc*)
 .progmem.gcc_sw_table.turnOffPWM
                0x00000000000000e4       0x24 /ICESX/workSpaceC/IC/SmartCarPark/product/code/frontend/dev/SmartCarParkFront-Lib/ATMEGA_LIB/libSmartCarParkFront-Lib.a(wiring_digital.o)
                0x0000000000000108                . = ALIGN (0x2)
                0x0000000000000108                __trampolines_start = .
 *(.trampolines)
 .trampolines   0x0000000000000108        0x0 linker stubs
 *(.trampolines*)
                0x0000000000000108                __trampolines_end = .
 *libprintf_flt.a:*(.progmem.data)
 *libc.a:*(.progmem.data)
 *(.progmem*)
 .progmem.data.digital_pin_to_timer_PGM
                0x0000000000000108       0x46 /ICESX/workSpaceC/IC/SmartCarPark/product/code/frontend/dev/SmartCarParkFront-Lib/ATMEGA_LIB/libSmartCarParkFront-Lib.a(wiring_digital.o)
                0x0000000000000108                digital_pin_to_timer_PGM
 .progmem.data.digital_pin_to_bit_mask_PGM
                0x000000000000014e       0x46 /ICESX/workSpaceC/IC/SmartCarPark/product/code/frontend/dev/SmartCarParkFront-Lib/ATMEGA_LIB/libSmartCarParkFront-Lib.a(wiring_digital.o)
                0x000000000000014e                digital_pin_to_bit_mask_PGM
 .progmem.data.digital_pin_to_port_PGM
                0x0000000000000194       0x46 /ICESX/workSpaceC/IC/SmartCarPark/product/code/frontend/dev/SmartCarParkFront-Lib/ATMEGA_LIB/libSmartCarParkFront-Lib.a(wiring_digital.o)
                0x0000000000000194                digital_pin_to_port_PGM
 .progmem.data.port_to_input_PGM
                0x00000000000001da       0x1a /ICESX/workSpaceC/IC/SmartCarPark/product/code/frontend/dev/SmartCarParkFront-Lib/ATMEGA_LIB/libSmartCarParkFront-Lib.a(wiring_digital.o)
                0x00000000000001da                port_to_input_PGM
 .progmem.data.port_to_output_PGM
                0x00000000000001f4       0x1a /ICESX/workSpaceC/IC/SmartCarPark/product/code/frontend/dev/SmartCarParkFront-Lib/ATMEGA_LIB/libSmartCarParkFront-Lib.a(wiring_digital.o)
                0x00000000000001f4                port_to_output_PGM
 .progmem.data.port_to_mode_PGM
                0x000000000000020e       0x1a /ICESX/workSpaceC/IC/SmartCarPark/product/code/frontend/dev/SmartCarParkFront-Lib/ATMEGA_LIB/libSmartCarParkFront-Lib.a(wiring_digital.o)
                0x000000000000020e                port_to_mode_PGM
                0x0000000000000228                . = ALIGN (0x2)
 *(.jumptables)
 *(.jumptables*)
 *(.lowtext)
 *(.lowtext*)
                0x0000000000000228                __ctors_start = .
 *(.ctors)
 .ctors         0x0000000000000228        0x2 ./src/fisher.o
 .ctors         0x000000000000022a        0x2 /ICESX/workSpaceC/IC/SmartCarPark/product/code/frontend/dev/SmartCarParkFront-Lib/ATMEGA_LIB/libSmartCarParkFront-Lib.a(HardwareSerial0.o)
 .ctors         0x000000000000022c        0x2 /ICESX/workSpaceC/IC/SmartCarPark/product/code/frontend/dev/SmartCarParkFront-Lib/ATMEGA_LIB/libSmartCarParkFront-Lib.a(HardwareSerial2.o)
                0x000000000000022e                __ctors_end = .
                0x000000000000022e                __dtors_start = .
 *(.dtors)
                0x000000000000022e                __dtors_end = .
 SORT(*)(.ctors)
 SORT(*)(.dtors)
 *(.init0)
 .init0         0x000000000000022e        0x0 /usr/lib/gcc/avr/5.4.0/../../../avr/lib/avr6/crtatmega2560.o
                0x000000000000022e                __init
 *(.init0)
 *(.init1)
 *(.init1)
 *(.init2)
 .init2         0x000000000000022e       0x10 /usr/lib/gcc/avr/5.4.0/../../../avr/lib/avr6/crtatmega2560.o
 *(.init2)
 *(.init3)
 *(.init3)
 *(.init4)
 .init4         0x000000000000023e       0x1a /usr/lib/gcc/avr/5.4.0/avr6/libgcc.a(_copy_data.o)
                0x000000000000023e                __do_copy_data
 .init4         0x0000000000000258       0x10 /usr/lib/gcc/avr/5.4.0/avr6/libgcc.a(_clear_bss.o)
                0x0000000000000258                __do_clear_bss
 *(.init4)
 *(.init5)
 *(.init5)
 *(.init6)
 .init6         0x0000000000000268       0x20 /usr/lib/gcc/avr/5.4.0/avr6/libgcc.a(_ctors.o)
                0x0000000000000268                __do_global_ctors
 *(.init6)
 *(.init7)
 *(.init7)
 *(.init8)
 *(.init8)
 *(.init9)
 .init9         0x0000000000000288        0x8 /usr/lib/gcc/avr/5.4.0/../../../avr/lib/avr6/crtatmega2560.o
 *(.init9)
 *(.text)
 .text          0x0000000000000290        0x2 /usr/lib/gcc/avr/5.4.0/../../../avr/lib/avr6/crtatmega2560.o
                0x0000000000000290                __vector_38
                0x0000000000000290                __vector_22
                0x0000000000000290                __vector_28
                0x0000000000000290                __vector_1
                0x0000000000000290                __vector_32
                0x0000000000000290                __vector_34
                0x0000000000000290                __vector_24
                0x0000000000000290                __vector_12
                0x0000000000000290                __vector_55
                0x0000000000000290                __vector_46
                0x0000000000000290                __bad_interrupt
                0x0000000000000290                __vector_6
                0x0000000000000290                __vector_31
                0x0000000000000290                __vector_35
                0x0000000000000290                __vector_39
                0x0000000000000290                __vector_3
                0x0000000000000290                __vector_30
                0x0000000000000290                __vector_45
                0x0000000000000290                __vector_11
                0x0000000000000290                __vector_54
                0x0000000000000290                __vector_13
                0x0000000000000290                __vector_17
                0x0000000000000290                __vector_19
                0x0000000000000290                __vector_56
                0x0000000000000290                __vector_7
                0x0000000000000290                __vector_49
                0x0000000000000290                __vector_41
                0x0000000000000290                __vector_43
                0x0000000000000290                __vector_27
                0x0000000000000290                __vector_5
                0x0000000000000290                __vector_33
                0x0000000000000290                __vector_47
                0x0000000000000290                __vector_37
                0x0000000000000290                __vector_4
                0x0000000000000290                __vector_44
                0x0000000000000290                __vector_9
                0x0000000000000290                __vector_2
                0x0000000000000290                __vector_21
                0x0000000000000290                __vector_15
                0x0000000000000290                __vector_36
                0x0000000000000290                __vector_29
                0x0000000000000290                __vector_40
                0x0000000000000290                __vector_8
                0x0000000000000290                __vector_48
                0x0000000000000290                __vector_14
                0x0000000000000290                __vector_53
                0x0000000000000290                __vector_10
                0x0000000000000290                __vector_50
                0x0000000000000290                __vector_16
                0x0000000000000290                __vector_18
                0x0000000000000290                __vector_20
                0x0000000000000290                __vector_42
                0x0000000000000292                . = ALIGN (0x2)
 *(.text.*)
 .text._Z11prepareGprsv
                0x0000000000000292       0x3c ./src/fisher.o
                0x0000000000000292                _Z11prepareGprsv
 .text.setup    0x00000000000002ce       0x50 ./src/fisher.o
                0x00000000000002ce                setup
 .text._Z3getv  0x000000000000031e       0x1e ./src/fisher.o
                0x000000000000031e                _Z3getv
 .text.loop     0x000000000000033c       0x82 ./src/fisher.o
                0x000000000000033c                loop
 .text.startup._GLOBAL__sub_I_led
                0x00000000000003be       0x5a ./src/fisher.o
 .text._ZN7Sim900a7poweronEv
                0x0000000000000418       0x1a /ICESX/workSpaceC/IC/SmartCarPark/product/code/frontend/dev/SmartCarParkFront-Lib-Mine/ATMEGA_LIB/libSmartCarParkFront-Lib-Mine.a(Sim900aHTTP.o)
                0x0000000000000418                _ZN7Sim900a7poweronEv
 .text._ZN7Sim900a16readFromMySerialElPc
                0x0000000000000432      0x13e /ICESX/workSpaceC/IC/SmartCarPark/product/code/frontend/dev/SmartCarParkFront-Lib-Mine/ATMEGA_LIB/libSmartCarParkFront-Lib-Mine.a(Sim900aHTTP.o)
                0x0000000000000432                _ZN7Sim900a16readFromMySerialElPc
 .text._ZN7Sim900a20sendATcommandTimeoutEPcS0_lb
                0x0000000000000570       0xd8 /ICESX/workSpaceC/IC/SmartCarPark/product/code/frontend/dev/SmartCarParkFront-Lib-Mine/ATMEGA_LIB/libSmartCarParkFront-Lib-Mine.a(Sim900aHTTP.o)
                0x0000000000000570                _ZN7Sim900a20sendATcommandTimeoutEPcS0_lb
 .text._ZN7Sim900a7prepareEv
                0x0000000000000648      0x160 /ICESX/workSpaceC/IC/SmartCarPark/product/code/frontend/dev/SmartCarParkFront-Lib-Mine/ATMEGA_LIB/libSmartCarParkFront-Lib-Mine.a(Sim900aHTTP.o)
                0x0000000000000648                _ZN7Sim900a7prepareEv
 .text._ZN7Sim900a11prepareHttpEv
                0x00000000000007a8       0xa0 /ICESX/workSpaceC/IC/SmartCarPark/product/code/frontend/dev/SmartCarParkFront-Lib-Mine/ATMEGA_LIB/libSmartCarParkFront-Lib-Mine.a(Sim900aHTTP.o)
                0x00000000000007a8                _ZN7Sim900a11prepareHttpEv
 .text._ZN7Sim900a14readFromServerElPc
                0x0000000000000848       0x48 /ICESX/workSpaceC/IC/SmartCarPark/product/code/frontend/dev/SmartCarParkFront-Lib-Mine/ATMEGA_LIB/libSmartCarParkFront-Lib-Mine.a(Sim900aHTTP.o)
                0x0000000000000848                _ZN7Sim900a14readFromServerElPc
 .text._ZN7Sim900a11runHttpParaEP9HttpParam
                0x0000000000000890      0x19e /ICESX/workSpaceC/IC/SmartCarPark/product/code/frontend/dev/SmartCarParkFront-Lib-Mine/ATMEGA_LIB/libSmartCarParkFront-Lib-Mine.a(Sim900aHTTP.o)
                0x0000000000000890                _ZN7Sim900a11runHttpParaEP9HttpParam
 .text._ZN7Sim900a11runHttpDataEP9HttpParam
                0x0000000000000a2e      0x132 /ICESX/workSpaceC/IC/SmartCarPark/product/code/frontend/dev/SmartCarParkFront-Lib-Mine/ATMEGA_LIB/libSmartCarParkFront-Lib-Mine.a(Sim900aHTTP.o)
                0x0000000000000a2e                _ZN7Sim900a11runHttpDataEP9HttpParam
 .text._ZN7Sim900a13requestOnHttpEPcS0_P9HttpParam
                0x0000000000000b60       0xa8 /ICESX/workSpaceC/IC/SmartCarPark/product/code/frontend/dev/SmartCarParkFront-Lib-Mine/ATMEGA_LIB/libSmartCarParkFront-Lib-Mine.a(Sim900aHTTP.o)
                0x0000000000000b60                _ZN7Sim900a13requestOnHttpEPcS0_P9HttpParam
 .text._ZN7Sim900a7httpGetEP9HttpParam
                0x0000000000000c08       0x2e /ICESX/workSpaceC/IC/SmartCarPark/product/code/frontend/dev/SmartCarParkFront-Lib-Mine/ATMEGA_LIB/libSmartCarParkFront-Lib-Mine.a(Sim900aHTTP.o)
                0x0000000000000c08                _ZN7Sim900a7httpGetEP9HttpParam
 .text._Z12strAppendStr6StringS_
                0x0000000000000c36       0x4e /ICESX/workSpaceC/IC/SmartCarPark/product/code/frontend/dev/SmartCarParkFront-Lib-Mine/ATMEGA_LIB/libSmartCarParkFront-Lib-Mine.a(util.o)
                0x0000000000000c36                _Z12strAppendStr6StringS_
 .text._Z12strAppendInt6Stringi
                0x0000000000000c84       0x4e /ICESX/workSpaceC/IC/SmartCarPark/product/code/frontend/dev/SmartCarParkFront-Lib-Mine/ATMEGA_LIB/libSmartCarParkFront-Lib-Mine.a(util.o)
                0x0000000000000c84                _Z12strAppendInt6Stringi
 .text._Z9strToChar6StringPc
                0x0000000000000cd2       0x10 /ICESX/workSpaceC/IC/SmartCarPark/product/code/frontend/dev/SmartCarParkFront-Lib-Mine/ATMEGA_LIB/libSmartCarParkFront-Lib-Mine.a(util.o)
                0x0000000000000cd2                _Z9strToChar6StringPc
 .text._ZN14HardwareSerial9availableEv
                0x0000000000000ce2       0x18 /ICESX/workSpaceC/IC/SmartCarPark/product/code/frontend/dev/SmartCarParkFront-Lib/ATMEGA_LIB/libSmartCarParkFront-Lib.a(HardwareSerial.o)
                0x0000000000000ce2                _ZN14HardwareSerial9availableEv
 .text._ZN14HardwareSerial4peekEv
                0x0000000000000cfa       0x1c /ICESX/workSpaceC/IC/SmartCarPark/product/code/frontend/dev/SmartCarParkFront-Lib/ATMEGA_LIB/libSmartCarParkFront-Lib.a(HardwareSerial.o)
                0x0000000000000cfa                _ZN14HardwareSerial4peekEv
 .text._ZN14HardwareSerial4readEv
                0x0000000000000d16       0x28 /ICESX/workSpaceC/IC/SmartCarPark/product/code/frontend/dev/SmartCarParkFront-Lib/ATMEGA_LIB/libSmartCarParkFront-Lib.a(HardwareSerial.o)
                0x0000000000000d16                _ZN14HardwareSerial4readEv
 .text._Z14serialEventRunv
                0x0000000000000d3e       0x76 /ICESX/workSpaceC/IC/SmartCarPark/product/code/frontend/dev/SmartCarParkFront-Lib/ATMEGA_LIB/libSmartCarParkFront-Lib.a(HardwareSerial.o)
                0x0000000000000d3e                _Z14serialEventRunv
 .text._ZN14HardwareSerial17_tx_udr_empty_irqEv
                0x0000000000000db4       0x42 /ICESX/workSpaceC/IC/SmartCarPark/product/code/frontend/dev/SmartCarParkFront-Lib/ATMEGA_LIB/libSmartCarParkFront-Lib.a(HardwareSerial.o)
                0x0000000000000db4                _ZN14HardwareSerial17_tx_udr_empty_irqEv
 .text._ZN14HardwareSerial5writeEh
                0x0000000000000df6       0x8c /ICESX/workSpaceC/IC/SmartCarPark/product/code/frontend/dev/SmartCarParkFront-Lib/ATMEGA_LIB/libSmartCarParkFront-Lib.a(HardwareSerial.o)
                0x0000000000000df6                _ZN14HardwareSerial5writeEh
 .text._ZN14HardwareSerial5flushEv
                0x0000000000000e82       0x42 /ICESX/workSpaceC/IC/SmartCarPark/product/code/frontend/dev/SmartCarParkFront-Lib/ATMEGA_LIB/libSmartCarParkFront-Lib.a(HardwareSerial.o)
                0x0000000000000e82                _ZN14HardwareSerial5flushEv
 .text._ZN14HardwareSerial5beginEmh
                0x0000000000000ec4       0xc6 /ICESX/workSpaceC/IC/SmartCarPark/product/code/frontend/dev/SmartCarParkFront-Lib/ATMEGA_LIB/libSmartCarParkFront-Lib.a(HardwareSerial.o)
                0x0000000000000ec4                _ZN14HardwareSerial5beginEmh
 .text.__vector_25
                0x0000000000000f8a       0x6c /ICESX/workSpaceC/IC/SmartCarPark/product/code/frontend/dev/SmartCarParkFront-Lib/ATMEGA_LIB/libSmartCarParkFront-Lib.a(HardwareSerial0.o)
                0x0000000000000f8a                __vector_25
 .text.__vector_26
                0x0000000000000ff6       0x52 /ICESX/workSpaceC/IC/SmartCarPark/product/code/frontend/dev/SmartCarParkFront-Lib/ATMEGA_LIB/libSmartCarParkFront-Lib.a(HardwareSerial0.o)
                0x0000000000000ff6                __vector_26
 .text._Z17Serial0_availablev
                0x0000000000001048       0x12 /ICESX/workSpaceC/IC/SmartCarPark/product/code/frontend/dev/SmartCarParkFront-Lib/ATMEGA_LIB/libSmartCarParkFront-Lib.a(HardwareSerial0.o)
                0x0000000000001048                _Z17Serial0_availablev
 .text.startup._GLOBAL__sub_I___vector_25
                0x000000000000105a       0x5a /ICESX/workSpaceC/IC/SmartCarPark/product/code/frontend/dev/SmartCarParkFront-Lib/ATMEGA_LIB/libSmartCarParkFront-Lib.a(HardwareSerial0.o)
 .text.__vector_51
                0x00000000000010b4       0x6c /ICESX/workSpaceC/IC/SmartCarPark/product/code/frontend/dev/SmartCarParkFront-Lib/ATMEGA_LIB/libSmartCarParkFront-Lib.a(HardwareSerial2.o)
                0x00000000000010b4                __vector_51
 .text.__vector_52
                0x0000000000001120       0x52 /ICESX/workSpaceC/IC/SmartCarPark/product/code/frontend/dev/SmartCarParkFront-Lib/ATMEGA_LIB/libSmartCarParkFront-Lib.a(HardwareSerial2.o)
                0x0000000000001120                __vector_52
 .text._Z17Serial2_availablev
                0x0000000000001172       0x12 /ICESX/workSpaceC/IC/SmartCarPark/product/code/frontend/dev/SmartCarParkFront-Lib/ATMEGA_LIB/libSmartCarParkFront-Lib.a(HardwareSerial2.o)
                0x0000000000001172                _Z17Serial2_availablev
 .text.startup._GLOBAL__sub_I___vector_51
                0x0000000000001184       0x5a /ICESX/workSpaceC/IC/SmartCarPark/product/code/frontend/dev/SmartCarParkFront-Lib/ATMEGA_LIB/libSmartCarParkFront-Lib.a(HardwareSerial2.o)
 .text._ZN5Print5writeEPKhj
                0x00000000000011de       0x50 /ICESX/workSpaceC/IC/SmartCarPark/product/code/frontend/dev/SmartCarParkFront-Lib/ATMEGA_LIB/libSmartCarParkFront-Lib.a(Print.o)
                0x00000000000011de                _ZN5Print5writeEPKhj
 .text._ZN5Print5writeEPKc
                0x000000000000122e       0x2a /ICESX/workSpaceC/IC/SmartCarPark/product/code/frontend/dev/SmartCarParkFront-Lib/ATMEGA_LIB/libSmartCarParkFront-Lib.a(Print.o)
                0x000000000000122e                _ZN5Print5writeEPKc
 .text._ZN5Print5printERK6String
                0x0000000000001258       0x1c /ICESX/workSpaceC/IC/SmartCarPark/product/code/frontend/dev/SmartCarParkFront-Lib/ATMEGA_LIB/libSmartCarParkFront-Lib.a(Print.o)
                0x0000000000001258                _ZN5Print5printERK6String
 .text._ZN5Print5printEPKc
                0x0000000000001274        0x2 /ICESX/workSpaceC/IC/SmartCarPark/product/code/frontend/dev/SmartCarParkFront-Lib/ATMEGA_LIB/libSmartCarParkFront-Lib.a(Print.o)
                0x0000000000001274                _ZN5Print5printEPKc
 .text._ZN5Print5printEc
                0x0000000000001276        0xe /ICESX/workSpaceC/IC/SmartCarPark/product/code/frontend/dev/SmartCarParkFront-Lib/ATMEGA_LIB/libSmartCarParkFront-Lib.a(Print.o)
                0x0000000000001276                _ZN5Print5printEc
 .text._ZN5Print7printlnEv
                0x0000000000001284        0x6 /ICESX/workSpaceC/IC/SmartCarPark/product/code/frontend/dev/SmartCarParkFront-Lib/ATMEGA_LIB/libSmartCarParkFront-Lib.a(Print.o)
                0x0000000000001284                _ZN5Print7printlnEv
 .text._ZN5Print7printlnERK6String
                0x000000000000128a       0x20 /ICESX/workSpaceC/IC/SmartCarPark/product/code/frontend/dev/SmartCarParkFront-Lib/ATMEGA_LIB/libSmartCarParkFront-Lib.a(Print.o)
                0x000000000000128a                _ZN5Print7printlnERK6String
 .text._ZN5Print7printlnEPKc
                0x00000000000012aa       0x20 /ICESX/workSpaceC/IC/SmartCarPark/product/code/frontend/dev/SmartCarParkFront-Lib/ATMEGA_LIB/libSmartCarParkFront-Lib.a(Print.o)
                0x00000000000012aa                _ZN5Print7printlnEPKc
 .text._ZN5Print11printNumberEmh
                0x00000000000012ca       0xa8 /ICESX/workSpaceC/IC/SmartCarPark/product/code/frontend/dev/SmartCarParkFront-Lib/ATMEGA_LIB/libSmartCarParkFront-Lib.a(Print.o)
                0x00000000000012ca                _ZN5Print11printNumberEmh
 .text._ZN5Print5printEli
                0x0000000000001372       0x8a /ICESX/workSpaceC/IC/SmartCarPark/product/code/frontend/dev/SmartCarParkFront-Lib/ATMEGA_LIB/libSmartCarParkFront-Lib.a(Print.o)
                0x0000000000001372                _ZN5Print5printEli
 .text._ZN5Print7printlnEli
                0x00000000000013fc       0x20 /ICESX/workSpaceC/IC/SmartCarPark/product/code/frontend/dev/SmartCarParkFront-Lib/ATMEGA_LIB/libSmartCarParkFront-Lib.a(Print.o)
                0x00000000000013fc                _ZN5Print7printlnEli
 .text._ZN6StringD2Ev
                0x000000000000141c        0x8 /ICESX/workSpaceC/IC/SmartCarPark/product/code/frontend/dev/SmartCarParkFront-Lib/ATMEGA_LIB/libSmartCarParkFront-Lib.a(WString.o)
                0x000000000000141c                _ZN6StringD1Ev
                0x000000000000141c                _ZN6StringD2Ev
 .text._ZN6String10invalidateEv
                0x0000000000001424       0x22 /ICESX/workSpaceC/IC/SmartCarPark/product/code/frontend/dev/SmartCarParkFront-Lib/ATMEGA_LIB/libSmartCarParkFront-Lib.a(WString.o)
                0x0000000000001424                _ZN6String10invalidateEv
 .text._ZN6String12changeBufferEj
                0x0000000000001446       0x32 /ICESX/workSpaceC/IC/SmartCarPark/product/code/frontend/dev/SmartCarParkFront-Lib/ATMEGA_LIB/libSmartCarParkFront-Lib.a(WString.o)
                0x0000000000001446                _ZN6String12changeBufferEj
 .text._ZN6String7reserveEj
                0x0000000000001478       0x36 /ICESX/workSpaceC/IC/SmartCarPark/product/code/frontend/dev/SmartCarParkFront-Lib/ATMEGA_LIB/libSmartCarParkFront-Lib.a(WString.o)
                0x0000000000001478                _ZN6String7reserveEj
 .text._ZN6String4copyEPKcj
                0x00000000000014ae       0x3c /ICESX/workSpaceC/IC/SmartCarPark/product/code/frontend/dev/SmartCarParkFront-Lib/ATMEGA_LIB/libSmartCarParkFront-Lib.a(WString.o)
                0x00000000000014ae                _ZN6String4copyEPKcj
 .text._ZN6StringC2EPKc
                0x00000000000014ea       0x28 /ICESX/workSpaceC/IC/SmartCarPark/product/code/frontend/dev/SmartCarParkFront-Lib/ATMEGA_LIB/libSmartCarParkFront-Lib.a(WString.o)
                0x00000000000014ea                _ZN6StringC1EPKc
                0x00000000000014ea                _ZN6StringC2EPKc
 .text._ZN6StringaSERKS_
                0x0000000000001512       0x2a /ICESX/workSpaceC/IC/SmartCarPark/product/code/frontend/dev/SmartCarParkFront-Lib/ATMEGA_LIB/libSmartCarParkFront-Lib.a(WString.o)
                0x0000000000001512                _ZN6StringaSERKS_
 .text._ZN6StringC2ERKS_
                0x000000000000153c       0x10 /ICESX/workSpaceC/IC/SmartCarPark/product/code/frontend/dev/SmartCarParkFront-Lib/ATMEGA_LIB/libSmartCarParkFront-Lib.a(WString.o)
                0x000000000000153c                _ZN6StringC1ERKS_
                0x000000000000153c                _ZN6StringC2ERKS_
 .text._ZN6String6concatEPKcj
                0x000000000000154c       0x58 /ICESX/workSpaceC/IC/SmartCarPark/product/code/frontend/dev/SmartCarParkFront-Lib/ATMEGA_LIB/libSmartCarParkFront-Lib.a(WString.o)
                0x000000000000154c                _ZN6String6concatEPKcj
 .text._ZN6String6concatEi
                0x00000000000015a4       0x5e /ICESX/workSpaceC/IC/SmartCarPark/product/code/frontend/dev/SmartCarParkFront-Lib/ATMEGA_LIB/libSmartCarParkFront-Lib.a(WString.o)
                0x00000000000015a4                _ZN6String6concatEi
 .text._ZplRK15StringSumHelperRK6String
                0x0000000000001602       0x22 /ICESX/workSpaceC/IC/SmartCarPark/product/code/frontend/dev/SmartCarParkFront-Lib/ATMEGA_LIB/libSmartCarParkFront-Lib.a(WString.o)
                0x0000000000001602                _ZplRK15StringSumHelperRK6String
 .text._ZplRK15StringSumHelperi
                0x0000000000001624       0x18 /ICESX/workSpaceC/IC/SmartCarPark/product/code/frontend/dev/SmartCarParkFront-Lib/ATMEGA_LIB/libSmartCarParkFront-Lib.a(WString.o)
                0x0000000000001624                _ZplRK15StringSumHelperi
 .text._ZNK6String8getBytesEPhjj
                0x000000000000163c       0x5c /ICESX/workSpaceC/IC/SmartCarPark/product/code/frontend/dev/SmartCarParkFront-Lib/ATMEGA_LIB/libSmartCarParkFront-Lib.a(WString.o)
                0x000000000000163c                _ZNK6String8getBytesEPhjj
 .text.initVariant
                0x0000000000001698        0x2 /ICESX/workSpaceC/IC/SmartCarPark/product/code/frontend/dev/SmartCarParkFront-Lib/ATMEGA_LIB/libSmartCarParkFront-Lib.a(main.o)
                0x0000000000001698                initVariant
 .text.startup.main
                0x000000000000169a       0x18 /ICESX/workSpaceC/IC/SmartCarPark/product/code/frontend/dev/SmartCarParkFront-Lib/ATMEGA_LIB/libSmartCarParkFront-Lib.a(main.o)
                0x000000000000169a                main
 .text.__vector_23
                0x00000000000016b2       0x94 /ICESX/workSpaceC/IC/SmartCarPark/product/code/frontend/dev/SmartCarParkFront-Lib/ATMEGA_LIB/libSmartCarParkFront-Lib.a(wiring.o)
                0x00000000000016b2                __vector_23
 .text.millis   0x0000000000001746       0x18 /ICESX/workSpaceC/IC/SmartCarPark/product/code/frontend/dev/SmartCarParkFront-Lib/ATMEGA_LIB/libSmartCarParkFront-Lib.a(wiring.o)
                0x0000000000001746                millis
 .text.micros   0x000000000000175e       0x4a /ICESX/workSpaceC/IC/SmartCarPark/product/code/frontend/dev/SmartCarParkFront-Lib/ATMEGA_LIB/libSmartCarParkFront-Lib.a(wiring.o)
                0x000000000000175e                micros
 .text.delay    0x00000000000017a8       0x4a /ICESX/workSpaceC/IC/SmartCarPark/product/code/frontend/dev/SmartCarParkFront-Lib/ATMEGA_LIB/libSmartCarParkFront-Lib.a(wiring.o)
                0x00000000000017a8                delay
 .text.init     0x00000000000017f2       0xc4 /ICESX/workSpaceC/IC/SmartCarPark/product/code/frontend/dev/SmartCarParkFront-Lib/ATMEGA_LIB/libSmartCarParkFront-Lib.a(wiring.o)
                0x00000000000017f2                init
 .text.turnOffPWM
                0x00000000000018b6       0xaa /ICESX/workSpaceC/IC/SmartCarPark/product/code/frontend/dev/SmartCarParkFront-Lib/ATMEGA_LIB/libSmartCarParkFront-Lib.a(wiring_digital.o)
 .text.pinMode  0x0000000000001960       0x78 /ICESX/workSpaceC/IC/SmartCarPark/product/code/frontend/dev/SmartCarParkFront-Lib/ATMEGA_LIB/libSmartCarParkFront-Lib.a(wiring_digital.o)
                0x0000000000001960                pinMode
 .text.digitalWrite
                0x00000000000019d8       0x5c /ICESX/workSpaceC/IC/SmartCarPark/product/code/frontend/dev/SmartCarParkFront-Lib/ATMEGA_LIB/libSmartCarParkFront-Lib.a(wiring_digital.o)
                0x00000000000019d8                digitalWrite
 .text.digitalRead
                0x0000000000001a34       0x50 /ICESX/workSpaceC/IC/SmartCarPark/product/code/frontend/dev/SmartCarParkFront-Lib/ATMEGA_LIB/libSmartCarParkFront-Lib.a(wiring_digital.o)
                0x0000000000001a34                digitalRead
 .text.__empty  0x0000000000001a84        0x2 /ICESX/workSpaceC/IC/SmartCarPark/product/code/frontend/dev/SmartCarParkFront-Lib/ATMEGA_LIB/libSmartCarParkFront-Lib.a(hooks.o)
                0x0000000000001a84                yield
 .text.libgcc.div
                0x0000000000001a86       0x44 /usr/lib/gcc/avr/5.4.0/avr6/libgcc.a(_udivmodsi4.o)
                0x0000000000001a86                __udivmodsi4
 .text.libgcc   0x0000000000001aca       0x10 /usr/lib/gcc/avr/5.4.0/avr6/libgcc.a(_tablejump2.o)
                0x0000000000001aca                __tablejump2__
 .text.avr-libc
                0x0000000000001ada      0x242 /usr/lib/gcc/avr/5.4.0/../../../avr/lib/avr6/libc.a(malloc.o)
                0x0000000000001ada                malloc
                0x0000000000001c0a                free
 .text.avr-libc
                0x0000000000001d1c      0x1c0 /usr/lib/gcc/avr/5.4.0/../../../avr/lib/avr6/libc.a(realloc.o)
                0x0000000000001d1c                realloc
 .text.avr-libc
                0x0000000000001edc       0x12 /usr/lib/gcc/avr/5.4.0/../../../avr/lib/avr6/libc.a(memcpy.o)
                0x0000000000001edc                memcpy
 .text.avr-libc
                0x0000000000001eee        0xe /usr/lib/gcc/avr/5.4.0/../../../avr/lib/avr6/libc.a(memset.o)
                0x0000000000001eee                memset
 .text.avr-libc
                0x0000000000001efc        0xe /usr/lib/gcc/avr/5.4.0/../../../avr/lib/avr6/libc.a(strcpy.o)
                0x0000000000001efc                strcpy
 .text.avr-libc
                0x0000000000001f0a       0x1e /usr/lib/gcc/avr/5.4.0/../../../avr/lib/avr6/libc.a(strncpy.o)
                0x0000000000001f0a                strncpy
 .text.avr-libc
                0x0000000000001f28       0x34 /usr/lib/gcc/avr/5.4.0/../../../avr/lib/avr6/libc.a(strstr.o)
                0x0000000000001f28                strstr
 .text.avr-libc
                0x0000000000001f5c       0x14 /usr/lib/gcc/avr/5.4.0/../../../avr/lib/avr6/libc.a(itoa.o)
                0x0000000000001f5c                itoa
                0x0000000000001f5c                __itoa
 .text.avr-libc
                0x0000000000001f70       0x14 /usr/lib/gcc/avr/5.4.0/../../../avr/lib/avr6/libc.a(itoa_ncheck.o)
                0x0000000000001f70                __itoa_ncheck
 .text.avr-libc
                0x0000000000001f84       0x32 /usr/lib/gcc/avr/5.4.0/../../../avr/lib/avr6/libc.a(utoa_ncheck.o)
                0x0000000000001f84                __utoa_ncheck
                0x0000000000001f86                __utoa_common
 .text.avr-libc
                0x0000000000001fb6       0x20 /usr/lib/gcc/avr/5.4.0/../../../avr/lib/avr6/libc.a(strrev.o)
                0x0000000000001fb6                strrev
                0x0000000000001fd6                . = ALIGN (0x2)
 *(.fini9)
 .fini9         0x0000000000001fd6        0x0 /usr/lib/gcc/avr/5.4.0/avr6/libgcc.a(_exit.o)
                0x0000000000001fd6                exit
                0x0000000000001fd6                _exit
 *(.fini9)
 *(.fini8)
 *(.fini8)
 *(.fini7)
 *(.fini7)
 *(.fini6)
 *(.fini6)
 *(.fini5)
 *(.fini5)
 *(.fini4)
 *(.fini4)
 *(.fini3)
 *(.fini3)
 *(.fini2)
 *(.fini2)
 *(.fini1)
 *(.fini1)
 *(.fini0)
 .fini0         0x0000000000001fd6        0x4 /usr/lib/gcc/avr/5.4.0/avr6/libgcc.a(_exit.o)
 *(.fini0)
                0x0000000000001fda                _etext = .

.data           0x0000000000800200      0x33c load address 0x0000000000001fda
                0x0000000000800200                PROVIDE (__data_start, .)
 *(.data)
 .data          0x0000000000800200        0x6 /usr/lib/gcc/avr/5.4.0/../../../avr/lib/avr6/libc.a(malloc.o)
                0x0000000000800200                __malloc_heap_end
                0x0000000000800202                __malloc_heap_start
                0x0000000000800204                __malloc_margin
 *(.data*)
 .data.swith    0x0000000000800206        0x2 ./src/fisher.o
                0x0000000000800206                swith
 .data.led      0x0000000000800208        0x2 ./src/fisher.o
                0x0000000000800208                led
 *(.rodata)
 *(.rodata*)
 .rodata.str1.1
                0x000000000080020a       0xb0 ./src/fisher.o
                                         0xb5 (size before relaxing)
 .rodata.str1.1
                0x00000000008002ba      0x262 /ICESX/workSpaceC/IC/SmartCarPark/product/code/frontend/dev/SmartCarParkFront-Lib-Mine/ATMEGA_LIB/libSmartCarParkFront-Lib-Mine.a(Sim900aHTTP.o)
                                        0x26f (size before relaxing)
 .rodata._ZTV14HardwareSerial
                0x000000000080051c       0x10 /ICESX/workSpaceC/IC/SmartCarPark/product/code/frontend/dev/SmartCarParkFront-Lib/ATMEGA_LIB/libSmartCarParkFront-Lib.a(HardwareSerial.o)
                0x000000000080051c                _ZTV14HardwareSerial
 .rodata.str1.1
                0x000000000080052c        0xf /ICESX/workSpaceC/IC/SmartCarPark/product/code/frontend/dev/SmartCarParkFront-Lib/ATMEGA_LIB/libSmartCarParkFront-Lib.a(Print.o)
                                         0x11 (size before relaxing)
 *(.gnu.linkonce.d*)
                0x000000000080053c                . = ALIGN (0x2)
 *fill*         0x000000000080053b        0x1 
                0x000000000080053c                _edata = .
                0x000000000080053c                PROVIDE (__data_end, .)

.bss            0x000000000080053c      0x1d0
                0x000000000080053c                PROVIDE (__bss_start, .)
 *(.bss)
 *(.bss*)
 .bss.isGet     0x000000000080053c        0x1 ./src/fisher.o
                0x000000000080053c                isGet
 .bss.param     0x000000000080053d        0xa ./src/fisher.o
                0x000000000080053d                param
 .bss.sim900a   0x0000000000800547       0x7e ./src/fisher.o
                0x0000000000800547                sim900a
 .bss.Serial    0x00000000008005c5       0x9d /ICESX/workSpaceC/IC/SmartCarPark/product/code/frontend/dev/SmartCarParkFront-Lib/ATMEGA_LIB/libSmartCarParkFront-Lib.a(HardwareSerial0.o)
                0x00000000008005c5                Serial
 .bss.Serial2   0x0000000000800662       0x9d /ICESX/workSpaceC/IC/SmartCarPark/product/code/frontend/dev/SmartCarParkFront-Lib/ATMEGA_LIB/libSmartCarParkFront-Lib.a(HardwareSerial2.o)
                0x0000000000800662                Serial2
 .bss.timer0_fract
                0x00000000008006ff        0x1 /ICESX/workSpaceC/IC/SmartCarPark/product/code/frontend/dev/SmartCarParkFront-Lib/ATMEGA_LIB/libSmartCarParkFront-Lib.a(wiring.o)
 .bss.timer0_millis
                0x0000000000800700        0x4 /ICESX/workSpaceC/IC/SmartCarPark/product/code/frontend/dev/SmartCarParkFront-Lib/ATMEGA_LIB/libSmartCarParkFront-Lib.a(wiring.o)
                0x0000000000800700                timer0_millis
 .bss.timer0_overflow_count
                0x0000000000800704        0x4 /ICESX/workSpaceC/IC/SmartCarPark/product/code/frontend/dev/SmartCarParkFront-Lib/ATMEGA_LIB/libSmartCarParkFront-Lib.a(wiring.o)
                0x0000000000800704                timer0_overflow_count
 *(COMMON)
 COMMON         0x0000000000800708        0x4 /usr/lib/gcc/avr/5.4.0/../../../avr/lib/avr6/libc.a(malloc.o)
                0x0000000000800708                __brkval
                0x000000000080070a                __flp
                0x000000000080070c                PROVIDE (__bss_end, .)
                0x0000000000001fda                __data_load_start = LOADADDR (.data)
                0x0000000000002316                __data_load_end = (__data_load_start + SIZEOF (.data))

.noinit         0x000000000080070c        0x0
                [!provide]                        PROVIDE (__noinit_start, .)
 *(.noinit*)
                [!provide]                        PROVIDE (__noinit_end, .)
                0x000000000080070c                _end = .
                0x000000000080070c                PROVIDE (__heap_start, .)

.eeprom         0x0000000000810000        0x0
 *(.eeprom*)
                0x0000000000810000                __eeprom_end = .

.fuse
 *(.fuse)
 *(.lfuse)
 *(.hfuse)
 *(.efuse)

.lock
 *(.lock*)

.signature
 *(.signature*)

.user_signatures
 *(.user_signatures*)

.stab           0x0000000000000000     0x171c
 *(.stab)
 .stab          0x0000000000000000      0xea0 /ICESX/workSpaceC/IC/SmartCarPark/product/code/frontend/dev/SmartCarParkFront-Lib-Mine/ATMEGA_LIB/libSmartCarParkFront-Lib-Mine.a(Sim900aHTTP.o)
                                       0x1434 (size before relaxing)
 .stab          0x0000000000000ea0      0x87c /ICESX/workSpaceC/IC/SmartCarPark/product/code/frontend/dev/SmartCarParkFront-Lib-Mine/ATMEGA_LIB/libSmartCarParkFront-Lib-Mine.a(util.o)
                                        0xa50 (size before relaxing)

.stabstr        0x0000000000000000     0x1ad3
 *(.stabstr)
 .stabstr       0x0000000000000000     0x1ad3 /ICESX/workSpaceC/IC/SmartCarPark/product/code/frontend/dev/SmartCarParkFront-Lib-Mine/ATMEGA_LIB/libSmartCarParkFront-Lib-Mine.a(Sim900aHTTP.o)

.stab.excl
 *(.stab.excl)

.stab.exclstr
 *(.stab.exclstr)

.stab.index
 *(.stab.index)

.stab.indexstr
 *(.stab.indexstr)

.comment        0x0000000000000000       0x11
 *(.comment)
 .comment       0x0000000000000000       0x11 ./src/fisher.o
                                         0x12 (size before relaxing)
 .comment       0x0000000000000011       0x12 /ICESX/workSpaceC/IC/SmartCarPark/product/code/frontend/dev/SmartCarParkFront-Lib-Mine/ATMEGA_LIB/libSmartCarParkFront-Lib-Mine.a(Sim900aHTTP.o)
 .comment       0x0000000000000011       0x12 /ICESX/workSpaceC/IC/SmartCarPark/product/code/frontend/dev/SmartCarParkFront-Lib-Mine/ATMEGA_LIB/libSmartCarParkFront-Lib-Mine.a(util.o)
 .comment       0x0000000000000011       0x12 /ICESX/workSpaceC/IC/SmartCarPark/product/code/frontend/dev/SmartCarParkFront-Lib/ATMEGA_LIB/libSmartCarParkFront-Lib.a(HardwareSerial.o)
 .comment       0x0000000000000011       0x12 /ICESX/workSpaceC/IC/SmartCarPark/product/code/frontend/dev/SmartCarParkFront-Lib/ATMEGA_LIB/libSmartCarParkFront-Lib.a(HardwareSerial0.o)
 .comment       0x0000000000000011       0x12 /ICESX/workSpaceC/IC/SmartCarPark/product/code/frontend/dev/SmartCarParkFront-Lib/ATMEGA_LIB/libSmartCarParkFront-Lib.a(HardwareSerial2.o)
 .comment       0x0000000000000011       0x12 /ICESX/workSpaceC/IC/SmartCarPark/product/code/frontend/dev/SmartCarParkFront-Lib/ATMEGA_LIB/libSmartCarParkFront-Lib.a(Print.o)
 .comment       0x0000000000000011       0x12 /ICESX/workSpaceC/IC/SmartCarPark/product/code/frontend/dev/SmartCarParkFront-Lib/ATMEGA_LIB/libSmartCarParkFront-Lib.a(WString.o)
 .comment       0x0000000000000011       0x12 /ICESX/workSpaceC/IC/SmartCarPark/product/code/frontend/dev/SmartCarParkFront-Lib/ATMEGA_LIB/libSmartCarParkFront-Lib.a(main.o)
 .comment       0x0000000000000011       0x12 /ICESX/workSpaceC/IC/SmartCarPark/product/code/frontend/dev/SmartCarParkFront-Lib/ATMEGA_LIB/libSmartCarParkFront-Lib.a(wiring.o)
 .comment       0x0000000000000011       0x12 /ICESX/workSpaceC/IC/SmartCarPark/product/code/frontend/dev/SmartCarParkFront-Lib/ATMEGA_LIB/libSmartCarParkFront-Lib.a(wiring_digital.o)
 .comment       0x0000000000000011       0x12 /ICESX/workSpaceC/IC/SmartCarPark/product/code/frontend/dev/SmartCarParkFront-Lib/ATMEGA_LIB/libSmartCarParkFront-Lib.a(hooks.o)
 .comment       0x0000000000000011       0x12 /usr/lib/gcc/avr/5.4.0/../../../avr/lib/avr6/libc.a(malloc.o)
 .comment       0x0000000000000011       0x12 /usr/lib/gcc/avr/5.4.0/../../../avr/lib/avr6/libc.a(realloc.o)

.note.gnu.avr.deviceinfo
                0x0000000000000000       0x40
 .note.gnu.avr.deviceinfo
                0x0000000000000000       0x40 /usr/lib/gcc/avr/5.4.0/../../../avr/lib/avr6/crtatmega2560.o

.note.gnu.build-id
 *(.note.gnu.build-id)

.debug
 *(.debug)

.line
 *(.line)

.debug_srcinfo
 *(.debug_srcinfo)

.debug_sfnames
 *(.debug_sfnames)

.debug_aranges
 *(.debug_aranges)

.debug_pubnames
 *(.debug_pubnames)

.debug_info     0x0000000000000000      0xbbc
 *(.debug_info .gnu.linkonce.wi.*)
 .debug_info    0x0000000000000000      0xbbc /usr/lib/gcc/avr/5.4.0/../../../avr/lib/avr6/crtatmega2560.o

.debug_abbrev   0x0000000000000000      0xb1a
 *(.debug_abbrev)
 .debug_abbrev  0x0000000000000000      0xb1a /usr/lib/gcc/avr/5.4.0/../../../avr/lib/avr6/crtatmega2560.o

.debug_line     0x0000000000000000       0x1a
 *(.debug_line .debug_line.* .debug_line_end)
 .debug_line    0x0000000000000000       0x1a /usr/lib/gcc/avr/5.4.0/../../../avr/lib/avr6/crtatmega2560.o

.debug_frame
 *(.debug_frame)

.debug_str      0x0000000000000000      0x3e6
 *(.debug_str)
 .debug_str     0x0000000000000000      0x3e6 /usr/lib/gcc/avr/5.4.0/../../../avr/lib/avr6/crtatmega2560.o

.debug_loc
 *(.debug_loc)

.debug_macinfo
 *(.debug_macinfo)

.debug_weaknames
 *(.debug_weaknames)

.debug_funcnames
 *(.debug_funcnames)

.debug_typenames
 *(.debug_typenames)

.debug_varnames
 *(.debug_varnames)

.debug_pubtypes
 *(.debug_pubtypes)

.debug_ranges
 *(.debug_ranges)

.debug_macro
 *(.debug_macro)
OUTPUT(Fisher.elf elf32-avr)
LOAD linker stubs

Cross Reference Table

Symbol                                            File
Serial                                            /ICESX/workSpaceC/IC/SmartCarPark/product/code/frontend/dev/SmartCarParkFront-Lib/ATMEGA_LIB/libSmartCarParkFront-Lib.a(HardwareSerial0.o)
                                                  /ICESX/workSpaceC/IC/SmartCarPark/product/code/frontend/dev/SmartCarParkFront-Lib-Mine/ATMEGA_LIB/libSmartCarParkFront-Lib-Mine.a(Sim900aHTTP.o)
                                                  ./src/fisher.o
Serial2                                           /ICESX/workSpaceC/IC/SmartCarPark/product/code/frontend/dev/SmartCarParkFront-Lib/ATMEGA_LIB/libSmartCarParkFront-Lib.a(HardwareSerial2.o)
                                                  ./src/fisher.o
_Z11intToStringiPc                                /ICESX/workSpaceC/IC/SmartCarPark/product/code/frontend/dev/SmartCarParkFront-Lib-Mine/ATMEGA_LIB/libSmartCarParkFront-Lib-Mine.a(util.o)
_Z11prepareGprsv                                  ./src/fisher.o
_Z11serialEventv                                  /ICESX/workSpaceC/IC/SmartCarPark/product/code/frontend/dev/SmartCarParkFront-Lib/ATMEGA_LIB/libSmartCarParkFront-Lib.a(HardwareSerial.o)
_Z12serialEvent1v                                 /ICESX/workSpaceC/IC/SmartCarPark/product/code/frontend/dev/SmartCarParkFront-Lib/ATMEGA_LIB/libSmartCarParkFront-Lib.a(HardwareSerial.o)
_Z12serialEvent2v                                 /ICESX/workSpaceC/IC/SmartCarPark/product/code/frontend/dev/SmartCarParkFront-Lib/ATMEGA_LIB/libSmartCarParkFront-Lib.a(HardwareSerial.o)
_Z12serialEvent3v                                 /ICESX/workSpaceC/IC/SmartCarPark/product/code/frontend/dev/SmartCarParkFront-Lib/ATMEGA_LIB/libSmartCarParkFront-Lib.a(HardwareSerial.o)
_Z12strAppendInt6Stringi                          /ICESX/workSpaceC/IC/SmartCarPark/product/code/frontend/dev/SmartCarParkFront-Lib-Mine/ATMEGA_LIB/libSmartCarParkFront-Lib-Mine.a(util.o)
                                                  /ICESX/workSpaceC/IC/SmartCarPark/product/code/frontend/dev/SmartCarParkFront-Lib-Mine/ATMEGA_LIB/libSmartCarParkFront-Lib-Mine.a(Sim900aHTTP.o)
_Z12strAppendStr6StringS_                         /ICESX/workSpaceC/IC/SmartCarPark/product/code/frontend/dev/SmartCarParkFront-Lib-Mine/ATMEGA_LIB/libSmartCarParkFront-Lib-Mine.a(util.o)
                                                  /ICESX/workSpaceC/IC/SmartCarPark/product/code/frontend/dev/SmartCarParkFront-Lib-Mine/ATMEGA_LIB/libSmartCarParkFront-Lib-Mine.a(Sim900aHTTP.o)
_Z13strAppendChar6StringPc                        /ICESX/workSpaceC/IC/SmartCarPark/product/code/frontend/dev/SmartCarParkFront-Lib-Mine/ATMEGA_LIB/libSmartCarParkFront-Lib-Mine.a(util.o)
                                                  /ICESX/workSpaceC/IC/SmartCarPark/product/code/frontend/dev/SmartCarParkFront-Lib-Mine/ATMEGA_LIB/libSmartCarParkFront-Lib-Mine.a(Sim900aHTTP.o)
_Z14charAppendCharPcS_                            /ICESX/workSpaceC/IC/SmartCarPark/product/code/frontend/dev/SmartCarParkFront-Lib-Mine/ATMEGA_LIB/libSmartCarParkFront-Lib-Mine.a(util.o)
_Z14serialEventRunv                               /ICESX/workSpaceC/IC/SmartCarPark/product/code/frontend/dev/SmartCarParkFront-Lib/ATMEGA_LIB/libSmartCarParkFront-Lib.a(HardwareSerial.o)
                                                  /ICESX/workSpaceC/IC/SmartCarPark/product/code/frontend/dev/SmartCarParkFront-Lib/ATMEGA_LIB/libSmartCarParkFront-Lib.a(main.o)
_Z15convertStrToHexPcPhi                          /ICESX/workSpaceC/IC/SmartCarPark/product/code/frontend/dev/SmartCarParkFront-Lib-Mine/ATMEGA_LIB/libSmartCarParkFront-Lib-Mine.a(util.o)
_Z17Serial0_availablev                            /ICESX/workSpaceC/IC/SmartCarPark/product/code/frontend/dev/SmartCarParkFront-Lib/ATMEGA_LIB/libSmartCarParkFront-Lib.a(HardwareSerial0.o)
                                                  /ICESX/workSpaceC/IC/SmartCarPark/product/code/frontend/dev/SmartCarParkFront-Lib/ATMEGA_LIB/libSmartCarParkFront-Lib.a(HardwareSerial.o)
_Z17Serial1_availablev                            /ICESX/workSpaceC/IC/SmartCarPark/product/code/frontend/dev/SmartCarParkFront-Lib/ATMEGA_LIB/libSmartCarParkFront-Lib.a(HardwareSerial.o)
_Z17Serial2_availablev                            /ICESX/workSpaceC/IC/SmartCarPark/product/code/frontend/dev/SmartCarParkFront-Lib/ATMEGA_LIB/libSmartCarParkFront-Lib.a(HardwareSerial2.o)
                                                  /ICESX/workSpaceC/IC/SmartCarPark/product/code/frontend/dev/SmartCarParkFront-Lib/ATMEGA_LIB/libSmartCarParkFront-Lib.a(HardwareSerial.o)
_Z17Serial3_availablev                            /ICESX/workSpaceC/IC/SmartCarPark/product/code/frontend/dev/SmartCarParkFront-Lib/ATMEGA_LIB/libSmartCarParkFront-Lib.a(HardwareSerial.o)
_Z3getv                                           ./src/fisher.o
_Z9strToChar6StringPc                             /ICESX/workSpaceC/IC/SmartCarPark/product/code/frontend/dev/SmartCarParkFront-Lib-Mine/ATMEGA_LIB/libSmartCarParkFront-Lib-Mine.a(util.o)
                                                  /ICESX/workSpaceC/IC/SmartCarPark/product/code/frontend/dev/SmartCarParkFront-Lib-Mine/ATMEGA_LIB/libSmartCarParkFront-Lib-Mine.a(Sim900aHTTP.o)
_ZN14HardwareSerial17_tx_udr_empty_irqEv          /ICESX/workSpaceC/IC/SmartCarPark/product/code/frontend/dev/SmartCarParkFront-Lib/ATMEGA_LIB/libSmartCarParkFront-Lib.a(HardwareSerial.o)
                                                  /ICESX/workSpaceC/IC/SmartCarPark/product/code/frontend/dev/SmartCarParkFront-Lib/ATMEGA_LIB/libSmartCarParkFront-Lib.a(HardwareSerial2.o)
                                                  /ICESX/workSpaceC/IC/SmartCarPark/product/code/frontend/dev/SmartCarParkFront-Lib/ATMEGA_LIB/libSmartCarParkFront-Lib.a(HardwareSerial0.o)
_ZN14HardwareSerial17availableForWriteEv          /ICESX/workSpaceC/IC/SmartCarPark/product/code/frontend/dev/SmartCarParkFront-Lib/ATMEGA_LIB/libSmartCarParkFront-Lib.a(HardwareSerial.o)
_ZN14HardwareSerial3endEv                         /ICESX/workSpaceC/IC/SmartCarPark/product/code/frontend/dev/SmartCarParkFront-Lib/ATMEGA_LIB/libSmartCarParkFront-Lib.a(HardwareSerial.o)
_ZN14HardwareSerial4peekEv                        /ICESX/workSpaceC/IC/SmartCarPark/product/code/frontend/dev/SmartCarParkFront-Lib/ATMEGA_LIB/libSmartCarParkFront-Lib.a(HardwareSerial.o)
_ZN14HardwareSerial4readEv                        /ICESX/workSpaceC/IC/SmartCarPark/product/code/frontend/dev/SmartCarParkFront-Lib/ATMEGA_LIB/libSmartCarParkFront-Lib.a(HardwareSerial.o)
_ZN14HardwareSerial5beginEmh                      /ICESX/workSpaceC/IC/SmartCarPark/product/code/frontend/dev/SmartCarParkFront-Lib/ATMEGA_LIB/libSmartCarParkFront-Lib.a(HardwareSerial.o)
                                                  /ICESX/workSpaceC/IC/SmartCarPark/product/code/frontend/dev/SmartCarParkFront-Lib-Mine/ATMEGA_LIB/libSmartCarParkFront-Lib-Mine.a(Sim900aHTTP.o)
                                                  ./src/fisher.o
_ZN14HardwareSerial5flushEv                       /ICESX/workSpaceC/IC/SmartCarPark/product/code/frontend/dev/SmartCarParkFront-Lib/ATMEGA_LIB/libSmartCarParkFront-Lib.a(HardwareSerial.o)
_ZN14HardwareSerial5writeEh                       /ICESX/workSpaceC/IC/SmartCarPark/product/code/frontend/dev/SmartCarParkFront-Lib/ATMEGA_LIB/libSmartCarParkFront-Lib.a(HardwareSerial.o)
_ZN14HardwareSerial9availableEv                   /ICESX/workSpaceC/IC/SmartCarPark/product/code/frontend/dev/SmartCarParkFront-Lib/ATMEGA_LIB/libSmartCarParkFront-Lib.a(HardwareSerial.o)
                                                  /ICESX/workSpaceC/IC/SmartCarPark/product/code/frontend/dev/SmartCarParkFront-Lib/ATMEGA_LIB/libSmartCarParkFront-Lib.a(HardwareSerial2.o)
                                                  /ICESX/workSpaceC/IC/SmartCarPark/product/code/frontend/dev/SmartCarParkFront-Lib/ATMEGA_LIB/libSmartCarParkFront-Lib.a(HardwareSerial0.o)
_ZN5Print10printFloatEdh                          /ICESX/workSpaceC/IC/SmartCarPark/product/code/frontend/dev/SmartCarParkFront-Lib/ATMEGA_LIB/libSmartCarParkFront-Lib.a(Print.o)
_ZN5Print11printNumberEmh                         /ICESX/workSpaceC/IC/SmartCarPark/product/code/frontend/dev/SmartCarParkFront-Lib/ATMEGA_LIB/libSmartCarParkFront-Lib.a(Print.o)
_ZN5Print5printEPK19__FlashStringHelper           /ICESX/workSpaceC/IC/SmartCarPark/product/code/frontend/dev/SmartCarParkFront-Lib/ATMEGA_LIB/libSmartCarParkFront-Lib.a(Print.o)
_ZN5Print5printEPKc                               /ICESX/workSpaceC/IC/SmartCarPark/product/code/frontend/dev/SmartCarParkFront-Lib/ATMEGA_LIB/libSmartCarParkFront-Lib.a(Print.o)
                                                  /ICESX/workSpaceC/IC/SmartCarPark/product/code/frontend/dev/SmartCarParkFront-Lib-Mine/ATMEGA_LIB/libSmartCarParkFront-Lib-Mine.a(Sim900aHTTP.o)
_ZN5Print5printERK6String                         /ICESX/workSpaceC/IC/SmartCarPark/product/code/frontend/dev/SmartCarParkFront-Lib/ATMEGA_LIB/libSmartCarParkFront-Lib.a(Print.o)
_ZN5Print5printERK9Printable                      /ICESX/workSpaceC/IC/SmartCarPark/product/code/frontend/dev/SmartCarParkFront-Lib/ATMEGA_LIB/libSmartCarParkFront-Lib.a(Print.o)
_ZN5Print5printEc                                 /ICESX/workSpaceC/IC/SmartCarPark/product/code/frontend/dev/SmartCarParkFront-Lib/ATMEGA_LIB/libSmartCarParkFront-Lib.a(Print.o)
                                                  /ICESX/workSpaceC/IC/SmartCarPark/product/code/frontend/dev/SmartCarParkFront-Lib-Mine/ATMEGA_LIB/libSmartCarParkFront-Lib-Mine.a(Sim900aHTTP.o)
_ZN5Print5printEdi                                /ICESX/workSpaceC/IC/SmartCarPark/product/code/frontend/dev/SmartCarParkFront-Lib/ATMEGA_LIB/libSmartCarParkFront-Lib.a(Print.o)
_ZN5Print5printEhi                                /ICESX/workSpaceC/IC/SmartCarPark/product/code/frontend/dev/SmartCarParkFront-Lib/ATMEGA_LIB/libSmartCarParkFront-Lib.a(Print.o)
_ZN5Print5printEii                                /ICESX/workSpaceC/IC/SmartCarPark/product/code/frontend/dev/SmartCarParkFront-Lib/ATMEGA_LIB/libSmartCarParkFront-Lib.a(Print.o)
                                                  /ICESX/workSpaceC/IC/SmartCarPark/product/code/frontend/dev/SmartCarParkFront-Lib-Mine/ATMEGA_LIB/libSmartCarParkFront-Lib-Mine.a(Sim900aHTTP.o)
_ZN5Print5printEji                                /ICESX/workSpaceC/IC/SmartCarPark/product/code/frontend/dev/SmartCarParkFront-Lib/ATMEGA_LIB/libSmartCarParkFront-Lib.a(Print.o)
_ZN5Print5printEli                                /ICESX/workSpaceC/IC/SmartCarPark/product/code/frontend/dev/SmartCarParkFront-Lib/ATMEGA_LIB/libSmartCarParkFront-Lib.a(Print.o)
_ZN5Print5printEmi                                /ICESX/workSpaceC/IC/SmartCarPark/product/code/frontend/dev/SmartCarParkFront-Lib/ATMEGA_LIB/libSmartCarParkFront-Lib.a(Print.o)
_ZN5Print5writeEPKc                               /ICESX/workSpaceC/IC/SmartCarPark/product/code/frontend/dev/SmartCarParkFront-Lib/ATMEGA_LIB/libSmartCarParkFront-Lib.a(Print.o)
_ZN5Print5writeEPKhj                              /ICESX/workSpaceC/IC/SmartCarPark/product/code/frontend/dev/SmartCarParkFront-Lib/ATMEGA_LIB/libSmartCarParkFront-Lib.a(Print.o)
                                                  /ICESX/workSpaceC/IC/SmartCarPark/product/code/frontend/dev/SmartCarParkFront-Lib/ATMEGA_LIB/libSmartCarParkFront-Lib.a(HardwareSerial.o)
_ZN5Print7printlnEPK19__FlashStringHelper         /ICESX/workSpaceC/IC/SmartCarPark/product/code/frontend/dev/SmartCarParkFront-Lib/ATMEGA_LIB/libSmartCarParkFront-Lib.a(Print.o)
_ZN5Print7printlnEPKc                             /ICESX/workSpaceC/IC/SmartCarPark/product/code/frontend/dev/SmartCarParkFront-Lib/ATMEGA_LIB/libSmartCarParkFront-Lib.a(Print.o)
                                                  /ICESX/workSpaceC/IC/SmartCarPark/product/code/frontend/dev/SmartCarParkFront-Lib-Mine/ATMEGA_LIB/libSmartCarParkFront-Lib-Mine.a(Sim900aHTTP.o)
                                                  ./src/fisher.o
_ZN5Print7printlnERK6String                       /ICESX/workSpaceC/IC/SmartCarPark/product/code/frontend/dev/SmartCarParkFront-Lib/ATMEGA_LIB/libSmartCarParkFront-Lib.a(Print.o)
                                                  /ICESX/workSpaceC/IC/SmartCarPark/product/code/frontend/dev/SmartCarParkFront-Lib-Mine/ATMEGA_LIB/libSmartCarParkFront-Lib-Mine.a(Sim900aHTTP.o)
_ZN5Print7printlnERK9Printable                    /ICESX/workSpaceC/IC/SmartCarPark/product/code/frontend/dev/SmartCarParkFront-Lib/ATMEGA_LIB/libSmartCarParkFront-Lib.a(Print.o)
_ZN5Print7printlnEc                               /ICESX/workSpaceC/IC/SmartCarPark/product/code/frontend/dev/SmartCarParkFront-Lib/ATMEGA_LIB/libSmartCarParkFront-Lib.a(Print.o)
_ZN5Print7printlnEdi                              /ICESX/workSpaceC/IC/SmartCarPark/product/code/frontend/dev/SmartCarParkFront-Lib/ATMEGA_LIB/libSmartCarParkFront-Lib.a(Print.o)
_ZN5Print7printlnEhi                              /ICESX/workSpaceC/IC/SmartCarPark/product/code/frontend/dev/SmartCarParkFront-Lib/ATMEGA_LIB/libSmartCarParkFront-Lib.a(Print.o)
_ZN5Print7printlnEii                              /ICESX/workSpaceC/IC/SmartCarPark/product/code/frontend/dev/SmartCarParkFront-Lib/ATMEGA_LIB/libSmartCarParkFront-Lib.a(Print.o)
                                                  /ICESX/workSpaceC/IC/SmartCarPark/product/code/frontend/dev/SmartCarParkFront-Lib-Mine/ATMEGA_LIB/libSmartCarParkFront-Lib-Mine.a(Sim900aHTTP.o)
_ZN5Print7printlnEji                              /ICESX/workSpaceC/IC/SmartCarPark/product/code/frontend/dev/SmartCarParkFront-Lib/ATMEGA_LIB/libSmartCarParkFront-Lib.a(Print.o)
_ZN5Print7printlnEli                              /ICESX/workSpaceC/IC/SmartCarPark/product/code/frontend/dev/SmartCarParkFront-Lib/ATMEGA_LIB/libSmartCarParkFront-Lib.a(Print.o)
                                                  /ICESX/workSpaceC/IC/SmartCarPark/product/code/frontend/dev/SmartCarParkFront-Lib-Mine/ATMEGA_LIB/libSmartCarParkFront-Lib-Mine.a(Sim900aHTTP.o)
_ZN5Print7printlnEmi                              /ICESX/workSpaceC/IC/SmartCarPark/product/code/frontend/dev/SmartCarParkFront-Lib/ATMEGA_LIB/libSmartCarParkFront-Lib.a(Print.o)
_ZN5Print7printlnEv                               /ICESX/workSpaceC/IC/SmartCarPark/product/code/frontend/dev/SmartCarParkFront-Lib/ATMEGA_LIB/libSmartCarParkFront-Lib.a(Print.o)
                                                  /ICESX/workSpaceC/IC/SmartCarPark/product/code/frontend/dev/SmartCarParkFront-Lib-Mine/ATMEGA_LIB/libSmartCarParkFront-Lib-Mine.a(Sim900aHTTP.o)
_ZN6String10invalidateEv                          /ICESX/workSpaceC/IC/SmartCarPark/product/code/frontend/dev/SmartCarParkFront-Lib/ATMEGA_LIB/libSmartCarParkFront-Lib.a(WString.o)
_ZN6String11toLowerCaseEv                         /ICESX/workSpaceC/IC/SmartCarPark/product/code/frontend/dev/SmartCarParkFront-Lib/ATMEGA_LIB/libSmartCarParkFront-Lib.a(WString.o)
_ZN6String11toUpperCaseEv                         /ICESX/workSpaceC/IC/SmartCarPark/product/code/frontend/dev/SmartCarParkFront-Lib/ATMEGA_LIB/libSmartCarParkFront-Lib.a(WString.o)
_ZN6String12changeBufferEj                        /ICESX/workSpaceC/IC/SmartCarPark/product/code/frontend/dev/SmartCarParkFront-Lib/ATMEGA_LIB/libSmartCarParkFront-Lib.a(WString.o)
_ZN6String4copyEPK19__FlashStringHelperj          /ICESX/workSpaceC/IC/SmartCarPark/product/code/frontend/dev/SmartCarParkFront-Lib/ATMEGA_LIB/libSmartCarParkFront-Lib.a(WString.o)
_ZN6String4copyEPKcj                              /ICESX/workSpaceC/IC/SmartCarPark/product/code/frontend/dev/SmartCarParkFront-Lib/ATMEGA_LIB/libSmartCarParkFront-Lib.a(WString.o)
_ZN6String4trimEv                                 /ICESX/workSpaceC/IC/SmartCarPark/product/code/frontend/dev/SmartCarParkFront-Lib/ATMEGA_LIB/libSmartCarParkFront-Lib.a(WString.o)
_ZN6String6concatEPK19__FlashStringHelper         /ICESX/workSpaceC/IC/SmartCarPark/product/code/frontend/dev/SmartCarParkFront-Lib/ATMEGA_LIB/libSmartCarParkFront-Lib.a(WString.o)
_ZN6String6concatEPKc                             /ICESX/workSpaceC/IC/SmartCarPark/product/code/frontend/dev/SmartCarParkFront-Lib/ATMEGA_LIB/libSmartCarParkFront-Lib.a(WString.o)
_ZN6String6concatEPKcj                            /ICESX/workSpaceC/IC/SmartCarPark/product/code/frontend/dev/SmartCarParkFront-Lib/ATMEGA_LIB/libSmartCarParkFront-Lib.a(WString.o)
_ZN6String6concatERKS_                            /ICESX/workSpaceC/IC/SmartCarPark/product/code/frontend/dev/SmartCarParkFront-Lib/ATMEGA_LIB/libSmartCarParkFront-Lib.a(WString.o)
_ZN6String6concatEc                               /ICESX/workSpaceC/IC/SmartCarPark/product/code/frontend/dev/SmartCarParkFront-Lib/ATMEGA_LIB/libSmartCarParkFront-Lib.a(WString.o)
_ZN6String6concatEd                               /ICESX/workSpaceC/IC/SmartCarPark/product/code/frontend/dev/SmartCarParkFront-Lib/ATMEGA_LIB/libSmartCarParkFront-Lib.a(WString.o)
_ZN6String6concatEf                               /ICESX/workSpaceC/IC/SmartCarPark/product/code/frontend/dev/SmartCarParkFront-Lib/ATMEGA_LIB/libSmartCarParkFront-Lib.a(WString.o)
_ZN6String6concatEh                               /ICESX/workSpaceC/IC/SmartCarPark/product/code/frontend/dev/SmartCarParkFront-Lib/ATMEGA_LIB/libSmartCarParkFront-Lib.a(WString.o)
_ZN6String6concatEi                               /ICESX/workSpaceC/IC/SmartCarPark/product/code/frontend/dev/SmartCarParkFront-Lib/ATMEGA_LIB/libSmartCarParkFront-Lib.a(WString.o)
_ZN6String6concatEj                               /ICESX/workSpaceC/IC/SmartCarPark/product/code/frontend/dev/SmartCarParkFront-Lib/ATMEGA_LIB/libSmartCarParkFront-Lib.a(WString.o)
_ZN6String6concatEl                               /ICESX/workSpaceC/IC/SmartCarPark/product/code/frontend/dev/SmartCarParkFront-Lib/ATMEGA_LIB/libSmartCarParkFront-Lib.a(WString.o)
_ZN6String6concatEm                               /ICESX/workSpaceC/IC/SmartCarPark/product/code/frontend/dev/SmartCarParkFront-Lib/ATMEGA_LIB/libSmartCarParkFront-Lib.a(WString.o)
_ZN6String6removeEj                               /ICESX/workSpaceC/IC/SmartCarPark/product/code/frontend/dev/SmartCarParkFront-Lib/ATMEGA_LIB/libSmartCarParkFront-Lib.a(WString.o)
_ZN6String6removeEjj                              /ICESX/workSpaceC/IC/SmartCarPark/product/code/frontend/dev/SmartCarParkFront-Lib/ATMEGA_LIB/libSmartCarParkFront-Lib.a(WString.o)
_ZN6String7replaceERKS_S1_                        /ICESX/workSpaceC/IC/SmartCarPark/product/code/frontend/dev/SmartCarParkFront-Lib/ATMEGA_LIB/libSmartCarParkFront-Lib.a(WString.o)
_ZN6String7replaceEcc                             /ICESX/workSpaceC/IC/SmartCarPark/product/code/frontend/dev/SmartCarParkFront-Lib/ATMEGA_LIB/libSmartCarParkFront-Lib.a(WString.o)
_ZN6String7reserveEj                              /ICESX/workSpaceC/IC/SmartCarPark/product/code/frontend/dev/SmartCarParkFront-Lib/ATMEGA_LIB/libSmartCarParkFront-Lib.a(WString.o)
_ZN6String9setCharAtEjc                           /ICESX/workSpaceC/IC/SmartCarPark/product/code/frontend/dev/SmartCarParkFront-Lib/ATMEGA_LIB/libSmartCarParkFront-Lib.a(WString.o)
_ZN6StringC1EPK19__FlashStringHelper              /ICESX/workSpaceC/IC/SmartCarPark/product/code/frontend/dev/SmartCarParkFront-Lib/ATMEGA_LIB/libSmartCarParkFront-Lib.a(WString.o)
_ZN6StringC1EPKc                                  /ICESX/workSpaceC/IC/SmartCarPark/product/code/frontend/dev/SmartCarParkFront-Lib/ATMEGA_LIB/libSmartCarParkFront-Lib.a(WString.o)
                                                  /ICESX/workSpaceC/IC/SmartCarPark/product/code/frontend/dev/SmartCarParkFront-Lib-Mine/ATMEGA_LIB/libSmartCarParkFront-Lib-Mine.a(Sim900aHTTP.o)
_ZN6StringC1ERKS_                                 /ICESX/workSpaceC/IC/SmartCarPark/product/code/frontend/dev/SmartCarParkFront-Lib/ATMEGA_LIB/libSmartCarParkFront-Lib.a(WString.o)
                                                  /ICESX/workSpaceC/IC/SmartCarPark/product/code/frontend/dev/SmartCarParkFront-Lib-Mine/ATMEGA_LIB/libSmartCarParkFront-Lib-Mine.a(util.o)
                                                  /ICESX/workSpaceC/IC/SmartCarPark/product/code/frontend/dev/SmartCarParkFront-Lib-Mine/ATMEGA_LIB/libSmartCarParkFront-Lib-Mine.a(Sim900aHTTP.o)
_ZN6StringC1Ec                                    /ICESX/workSpaceC/IC/SmartCarPark/product/code/frontend/dev/SmartCarParkFront-Lib/ATMEGA_LIB/libSmartCarParkFront-Lib.a(WString.o)
_ZN6StringC1Edh                                   /ICESX/workSpaceC/IC/SmartCarPark/product/code/frontend/dev/SmartCarParkFront-Lib/ATMEGA_LIB/libSmartCarParkFront-Lib.a(WString.o)
_ZN6StringC1Efh                                   /ICESX/workSpaceC/IC/SmartCarPark/product/code/frontend/dev/SmartCarParkFront-Lib/ATMEGA_LIB/libSmartCarParkFront-Lib.a(WString.o)
_ZN6StringC1Ehh                                   /ICESX/workSpaceC/IC/SmartCarPark/product/code/frontend/dev/SmartCarParkFront-Lib/ATMEGA_LIB/libSmartCarParkFront-Lib.a(WString.o)
_ZN6StringC1Eih                                   /ICESX/workSpaceC/IC/SmartCarPark/product/code/frontend/dev/SmartCarParkFront-Lib/ATMEGA_LIB/libSmartCarParkFront-Lib.a(WString.o)
_ZN6StringC1Ejh                                   /ICESX/workSpaceC/IC/SmartCarPark/product/code/frontend/dev/SmartCarParkFront-Lib/ATMEGA_LIB/libSmartCarParkFront-Lib.a(WString.o)
_ZN6StringC1Elh                                   /ICESX/workSpaceC/IC/SmartCarPark/product/code/frontend/dev/SmartCarParkFront-Lib/ATMEGA_LIB/libSmartCarParkFront-Lib.a(WString.o)
_ZN6StringC1Emh                                   /ICESX/workSpaceC/IC/SmartCarPark/product/code/frontend/dev/SmartCarParkFront-Lib/ATMEGA_LIB/libSmartCarParkFront-Lib.a(WString.o)
_ZN6StringC2EPK19__FlashStringHelper              /ICESX/workSpaceC/IC/SmartCarPark/product/code/frontend/dev/SmartCarParkFront-Lib/ATMEGA_LIB/libSmartCarParkFront-Lib.a(WString.o)
_ZN6StringC2EPKc                                  /ICESX/workSpaceC/IC/SmartCarPark/product/code/frontend/dev/SmartCarParkFront-Lib/ATMEGA_LIB/libSmartCarParkFront-Lib.a(WString.o)
_ZN6StringC2ERKS_                                 /ICESX/workSpaceC/IC/SmartCarPark/product/code/frontend/dev/SmartCarParkFront-Lib/ATMEGA_LIB/libSmartCarParkFront-Lib.a(WString.o)
                                                  /ICESX/workSpaceC/IC/SmartCarPark/product/code/frontend/dev/SmartCarParkFront-Lib-Mine/ATMEGA_LIB/libSmartCarParkFront-Lib-Mine.a(util.o)
_ZN6StringC2Ec                                    /ICESX/workSpaceC/IC/SmartCarPark/product/code/frontend/dev/SmartCarParkFront-Lib/ATMEGA_LIB/libSmartCarParkFront-Lib.a(WString.o)
_ZN6StringC2Edh                                   /ICESX/workSpaceC/IC/SmartCarPark/product/code/frontend/dev/SmartCarParkFront-Lib/ATMEGA_LIB/libSmartCarParkFront-Lib.a(WString.o)
_ZN6StringC2Efh                                   /ICESX/workSpaceC/IC/SmartCarPark/product/code/frontend/dev/SmartCarParkFront-Lib/ATMEGA_LIB/libSmartCarParkFront-Lib.a(WString.o)
_ZN6StringC2Ehh                                   /ICESX/workSpaceC/IC/SmartCarPark/product/code/frontend/dev/SmartCarParkFront-Lib/ATMEGA_LIB/libSmartCarParkFront-Lib.a(WString.o)
_ZN6StringC2Eih                                   /ICESX/workSpaceC/IC/SmartCarPark/product/code/frontend/dev/SmartCarParkFront-Lib/ATMEGA_LIB/libSmartCarParkFront-Lib.a(WString.o)
_ZN6StringC2Ejh                                   /ICESX/workSpaceC/IC/SmartCarPark/product/code/frontend/dev/SmartCarParkFront-Lib/ATMEGA_LIB/libSmartCarParkFront-Lib.a(WString.o)
_ZN6StringC2Elh                                   /ICESX/workSpaceC/IC/SmartCarPark/product/code/frontend/dev/SmartCarParkFront-Lib/ATMEGA_LIB/libSmartCarParkFront-Lib.a(WString.o)
_ZN6StringC2Emh                                   /ICESX/workSpaceC/IC/SmartCarPark/product/code/frontend/dev/SmartCarParkFront-Lib/ATMEGA_LIB/libSmartCarParkFront-Lib.a(WString.o)
_ZN6StringD1Ev                                    /ICESX/workSpaceC/IC/SmartCarPark/product/code/frontend/dev/SmartCarParkFront-Lib/ATMEGA_LIB/libSmartCarParkFront-Lib.a(WString.o)
                                                  /ICESX/workSpaceC/IC/SmartCarPark/product/code/frontend/dev/SmartCarParkFront-Lib-Mine/ATMEGA_LIB/libSmartCarParkFront-Lib-Mine.a(Sim900aHTTP.o)
_ZN6StringD2Ev                                    /ICESX/workSpaceC/IC/SmartCarPark/product/code/frontend/dev/SmartCarParkFront-Lib/ATMEGA_LIB/libSmartCarParkFront-Lib.a(WString.o)
                                                  /ICESX/workSpaceC/IC/SmartCarPark/product/code/frontend/dev/SmartCarParkFront-Lib-Mine/ATMEGA_LIB/libSmartCarParkFront-Lib-Mine.a(util.o)
_ZN6StringaSEPK19__FlashStringHelper              /ICESX/workSpaceC/IC/SmartCarPark/product/code/frontend/dev/SmartCarParkFront-Lib/ATMEGA_LIB/libSmartCarParkFront-Lib.a(WString.o)
_ZN6StringaSEPKc                                  /ICESX/workSpaceC/IC/SmartCarPark/product/code/frontend/dev/SmartCarParkFront-Lib/ATMEGA_LIB/libSmartCarParkFront-Lib.a(WString.o)
_ZN6StringaSERKS_                                 /ICESX/workSpaceC/IC/SmartCarPark/product/code/frontend/dev/SmartCarParkFront-Lib/ATMEGA_LIB/libSmartCarParkFront-Lib.a(WString.o)
                                                  /ICESX/workSpaceC/IC/SmartCarPark/product/code/frontend/dev/SmartCarParkFront-Lib-Mine/ATMEGA_LIB/libSmartCarParkFront-Lib-Mine.a(Sim900aHTTP.o)
_ZN6StringixEj                                    /ICESX/workSpaceC/IC/SmartCarPark/product/code/frontend/dev/SmartCarParkFront-Lib/ATMEGA_LIB/libSmartCarParkFront-Lib.a(WString.o)
_ZN7Sim900a10sendCodelnEPc                        /ICESX/workSpaceC/IC/SmartCarPark/product/code/frontend/dev/SmartCarParkFront-Lib-Mine/ATMEGA_LIB/libSmartCarParkFront-Lib-Mine.a(Sim900aHTTP.o)
_ZN7Sim900a10sendCodelnEi                         /ICESX/workSpaceC/IC/SmartCarPark/product/code/frontend/dev/SmartCarParkFront-Lib-Mine/ATMEGA_LIB/libSmartCarParkFront-Lib-Mine.a(Sim900aHTTP.o)
_ZN7Sim900a11prepareHttpEv                        /ICESX/workSpaceC/IC/SmartCarPark/product/code/frontend/dev/SmartCarParkFront-Lib-Mine/ATMEGA_LIB/libSmartCarParkFront-Lib-Mine.a(Sim900aHTTP.o)
                                                  ./src/fisher.o
_ZN7Sim900a11runHttpDataEP9HttpParam              /ICESX/workSpaceC/IC/SmartCarPark/product/code/frontend/dev/SmartCarParkFront-Lib-Mine/ATMEGA_LIB/libSmartCarParkFront-Lib-Mine.a(Sim900aHTTP.o)
_ZN7Sim900a11runHttpParaEP9HttpParam              /ICESX/workSpaceC/IC/SmartCarPark/product/code/frontend/dev/SmartCarParkFront-Lib-Mine/ATMEGA_LIB/libSmartCarParkFront-Lib-Mine.a(Sim900aHTTP.o)
_ZN7Sim900a12requestOnTcpEPcS0_P9HttpParam        /ICESX/workSpaceC/IC/SmartCarPark/product/code/frontend/dev/SmartCarParkFront-Lib-Mine/ATMEGA_LIB/libSmartCarParkFront-Lib-Mine.a(Sim900aHTTP.o)
_ZN7Sim900a13requestOnHttpEPcS0_P9HttpParam       /ICESX/workSpaceC/IC/SmartCarPark/product/code/frontend/dev/SmartCarParkFront-Lib-Mine/ATMEGA_LIB/libSmartCarParkFront-Lib-Mine.a(Sim900aHTTP.o)
_ZN7Sim900a14readFromServerElPc                   /ICESX/workSpaceC/IC/SmartCarPark/product/code/frontend/dev/SmartCarParkFront-Lib-Mine/ATMEGA_LIB/libSmartCarParkFront-Lib-Mine.a(Sim900aHTTP.o)
_ZN7Sim900a16readFromMySerialElPc                 /ICESX/workSpaceC/IC/SmartCarPark/product/code/frontend/dev/SmartCarParkFront-Lib-Mine/ATMEGA_LIB/libSmartCarParkFront-Lib-Mine.a(Sim900aHTTP.o)
_ZN7Sim900a20sendATcommandTimeoutEPcS0_lb         /ICESX/workSpaceC/IC/SmartCarPark/product/code/frontend/dev/SmartCarParkFront-Lib-Mine/ATMEGA_LIB/libSmartCarParkFront-Lib-Mine.a(Sim900aHTTP.o)
_ZN7Sim900a3tcpEPc                                /ICESX/workSpaceC/IC/SmartCarPark/product/code/frontend/dev/SmartCarParkFront-Lib-Mine/ATMEGA_LIB/libSmartCarParkFront-Lib-Mine.a(Sim900aHTTP.o)
_ZN7Sim900a7httpGetEP9HttpParam                   /ICESX/workSpaceC/IC/SmartCarPark/product/code/frontend/dev/SmartCarParkFront-Lib-Mine/ATMEGA_LIB/libSmartCarParkFront-Lib-Mine.a(Sim900aHTTP.o)
                                                  ./src/fisher.o
_ZN7Sim900a7poweronEv                             /ICESX/workSpaceC/IC/SmartCarPark/product/code/frontend/dev/SmartCarParkFront-Lib-Mine/ATMEGA_LIB/libSmartCarParkFront-Lib-Mine.a(Sim900aHTTP.o)
_ZN7Sim900a7prepareEv                             /ICESX/workSpaceC/IC/SmartCarPark/product/code/frontend/dev/SmartCarParkFront-Lib-Mine/ATMEGA_LIB/libSmartCarParkFront-Lib-Mine.a(Sim900aHTTP.o)
_ZN7Sim900a8httpPostEP9HttpParam                  /ICESX/workSpaceC/IC/SmartCarPark/product/code/frontend/dev/SmartCarParkFront-Lib-Mine/ATMEGA_LIB/libSmartCarParkFront-Lib-Mine.a(Sim900aHTTP.o)
_ZN7Sim900a8sendCodeEPc                           /ICESX/workSpaceC/IC/SmartCarPark/product/code/frontend/dev/SmartCarParkFront-Lib-Mine/ATMEGA_LIB/libSmartCarParkFront-Lib-Mine.a(Sim900aHTTP.o)
_ZN7Sim900a8sendCodeEi                            /ICESX/workSpaceC/IC/SmartCarPark/product/code/frontend/dev/SmartCarParkFront-Lib-Mine/ATMEGA_LIB/libSmartCarParkFront-Lib-Mine.a(Sim900aHTTP.o)
_ZN7Sim900a9reconnectEPci                         /ICESX/workSpaceC/IC/SmartCarPark/product/code/frontend/dev/SmartCarParkFront-Lib-Mine/ATMEGA_LIB/libSmartCarParkFront-Lib-Mine.a(Sim900aHTTP.o)
_ZNK6String10startsWithERKS_                      /ICESX/workSpaceC/IC/SmartCarPark/product/code/frontend/dev/SmartCarParkFront-Lib/ATMEGA_LIB/libSmartCarParkFront-Lib.a(WString.o)
_ZNK6String10startsWithERKS_j                     /ICESX/workSpaceC/IC/SmartCarPark/product/code/frontend/dev/SmartCarParkFront-Lib/ATMEGA_LIB/libSmartCarParkFront-Lib.a(WString.o)
_ZNK6String11lastIndexOfERKS_                     /ICESX/workSpaceC/IC/SmartCarPark/product/code/frontend/dev/SmartCarParkFront-Lib/ATMEGA_LIB/libSmartCarParkFront-Lib.a(WString.o)
_ZNK6String11lastIndexOfERKS_j                    /ICESX/workSpaceC/IC/SmartCarPark/product/code/frontend/dev/SmartCarParkFront-Lib/ATMEGA_LIB/libSmartCarParkFront-Lib.a(WString.o)
_ZNK6String11lastIndexOfEc                        /ICESX/workSpaceC/IC/SmartCarPark/product/code/frontend/dev/SmartCarParkFront-Lib/ATMEGA_LIB/libSmartCarParkFront-Lib.a(WString.o)
_ZNK6String11lastIndexOfEcj                       /ICESX/workSpaceC/IC/SmartCarPark/product/code/frontend/dev/SmartCarParkFront-Lib/ATMEGA_LIB/libSmartCarParkFront-Lib.a(WString.o)
_ZNK6String16equalsIgnoreCaseERKS_                /ICESX/workSpaceC/IC/SmartCarPark/product/code/frontend/dev/SmartCarParkFront-Lib/ATMEGA_LIB/libSmartCarParkFront-Lib.a(WString.o)
_ZNK6String5toIntEv                               /ICESX/workSpaceC/IC/SmartCarPark/product/code/frontend/dev/SmartCarParkFront-Lib/ATMEGA_LIB/libSmartCarParkFront-Lib.a(WString.o)
_ZNK6String6charAtEj                              /ICESX/workSpaceC/IC/SmartCarPark/product/code/frontend/dev/SmartCarParkFront-Lib/ATMEGA_LIB/libSmartCarParkFront-Lib.a(WString.o)
_ZNK6String6equalsEPKc                            /ICESX/workSpaceC/IC/SmartCarPark/product/code/frontend/dev/SmartCarParkFront-Lib/ATMEGA_LIB/libSmartCarParkFront-Lib.a(WString.o)
_ZNK6String6equalsERKS_                           /ICESX/workSpaceC/IC/SmartCarPark/product/code/frontend/dev/SmartCarParkFront-Lib/ATMEGA_LIB/libSmartCarParkFront-Lib.a(WString.o)
_ZNK6String7indexOfERKS_                          /ICESX/workSpaceC/IC/SmartCarPark/product/code/frontend/dev/SmartCarParkFront-Lib/ATMEGA_LIB/libSmartCarParkFront-Lib.a(WString.o)
_ZNK6String7indexOfERKS_j                         /ICESX/workSpaceC/IC/SmartCarPark/product/code/frontend/dev/SmartCarParkFront-Lib/ATMEGA_LIB/libSmartCarParkFront-Lib.a(WString.o)
_ZNK6String7indexOfEc                             /ICESX/workSpaceC/IC/SmartCarPark/product/code/frontend/dev/SmartCarParkFront-Lib/ATMEGA_LIB/libSmartCarParkFront-Lib.a(WString.o)
_ZNK6String7indexOfEcj                            /ICESX/workSpaceC/IC/SmartCarPark/product/code/frontend/dev/SmartCarParkFront-Lib/ATMEGA_LIB/libSmartCarParkFront-Lib.a(WString.o)
_ZNK6String7toFloatEv                             /ICESX/workSpaceC/IC/SmartCarPark/product/code/frontend/dev/SmartCarParkFront-Lib/ATMEGA_LIB/libSmartCarParkFront-Lib.a(WString.o)
_ZNK6String8endsWithERKS_                         /ICESX/workSpaceC/IC/SmartCarPark/product/code/frontend/dev/SmartCarParkFront-Lib/ATMEGA_LIB/libSmartCarParkFront-Lib.a(WString.o)
_ZNK6String8getBytesEPhjj                         /ICESX/workSpaceC/IC/SmartCarPark/product/code/frontend/dev/SmartCarParkFront-Lib/ATMEGA_LIB/libSmartCarParkFront-Lib.a(WString.o)
                                                  /ICESX/workSpaceC/IC/SmartCarPark/product/code/frontend/dev/SmartCarParkFront-Lib-Mine/ATMEGA_LIB/libSmartCarParkFront-Lib-Mine.a(util.o)
                                                  /ICESX/workSpaceC/IC/SmartCarPark/product/code/frontend/dev/SmartCarParkFront-Lib-Mine/ATMEGA_LIB/libSmartCarParkFront-Lib-Mine.a(Sim900aHTTP.o)
_ZNK6String9compareToERKS_                        /ICESX/workSpaceC/IC/SmartCarPark/product/code/frontend/dev/SmartCarParkFront-Lib/ATMEGA_LIB/libSmartCarParkFront-Lib.a(WString.o)
_ZNK6String9substringEjj                          /ICESX/workSpaceC/IC/SmartCarPark/product/code/frontend/dev/SmartCarParkFront-Lib/ATMEGA_LIB/libSmartCarParkFront-Lib.a(WString.o)
_ZNK6StringgeERKS_                                /ICESX/workSpaceC/IC/SmartCarPark/product/code/frontend/dev/SmartCarParkFront-Lib/ATMEGA_LIB/libSmartCarParkFront-Lib.a(WString.o)
_ZNK6StringgtERKS_                                /ICESX/workSpaceC/IC/SmartCarPark/product/code/frontend/dev/SmartCarParkFront-Lib/ATMEGA_LIB/libSmartCarParkFront-Lib.a(WString.o)
_ZNK6StringixEj                                   /ICESX/workSpaceC/IC/SmartCarPark/product/code/frontend/dev/SmartCarParkFront-Lib/ATMEGA_LIB/libSmartCarParkFront-Lib.a(WString.o)
_ZNK6StringleERKS_                                /ICESX/workSpaceC/IC/SmartCarPark/product/code/frontend/dev/SmartCarParkFront-Lib/ATMEGA_LIB/libSmartCarParkFront-Lib.a(WString.o)
_ZNK6StringltERKS_                                /ICESX/workSpaceC/IC/SmartCarPark/product/code/frontend/dev/SmartCarParkFront-Lib/ATMEGA_LIB/libSmartCarParkFront-Lib.a(WString.o)
_ZTV14HardwareSerial                              /ICESX/workSpaceC/IC/SmartCarPark/product/code/frontend/dev/SmartCarParkFront-Lib/ATMEGA_LIB/libSmartCarParkFront-Lib.a(HardwareSerial.o)
                                                  /ICESX/workSpaceC/IC/SmartCarPark/product/code/frontend/dev/SmartCarParkFront-Lib/ATMEGA_LIB/libSmartCarParkFront-Lib.a(HardwareSerial2.o)
                                                  /ICESX/workSpaceC/IC/SmartCarPark/product/code/frontend/dev/SmartCarParkFront-Lib/ATMEGA_LIB/libSmartCarParkFront-Lib.a(HardwareSerial0.o)
_ZTV5Print                                        /ICESX/workSpaceC/IC/SmartCarPark/product/code/frontend/dev/SmartCarParkFront-Lib/ATMEGA_LIB/libSmartCarParkFront-Lib.a(Print.o)
_ZdaPv                                            /ICESX/workSpaceC/IC/SmartCarPark/product/code/frontend/dev/SmartCarParkFront-Lib/ATMEGA_LIB/libSmartCarParkFront-Lib.a(new.o)
_ZdlPv                                            /ICESX/workSpaceC/IC/SmartCarPark/product/code/frontend/dev/SmartCarParkFront-Lib/ATMEGA_LIB/libSmartCarParkFront-Lib.a(new.o)
_Znaj                                             /ICESX/workSpaceC/IC/SmartCarPark/product/code/frontend/dev/SmartCarParkFront-Lib/ATMEGA_LIB/libSmartCarParkFront-Lib.a(new.o)
                                                  /ICESX/workSpaceC/IC/SmartCarPark/product/code/frontend/dev/SmartCarParkFront-Lib-Mine/ATMEGA_LIB/libSmartCarParkFront-Lib-Mine.a(util.o)
_Znwj                                             /ICESX/workSpaceC/IC/SmartCarPark/product/code/frontend/dev/SmartCarParkFront-Lib/ATMEGA_LIB/libSmartCarParkFront-Lib.a(new.o)
_ZplRK15StringSumHelperPK19__FlashStringHelper    /ICESX/workSpaceC/IC/SmartCarPark/product/code/frontend/dev/SmartCarParkFront-Lib/ATMEGA_LIB/libSmartCarParkFront-Lib.a(WString.o)
_ZplRK15StringSumHelperPKc                        /ICESX/workSpaceC/IC/SmartCarPark/product/code/frontend/dev/SmartCarParkFront-Lib/ATMEGA_LIB/libSmartCarParkFront-Lib.a(WString.o)
                                                  /ICESX/workSpaceC/IC/SmartCarPark/product/code/frontend/dev/SmartCarParkFront-Lib-Mine/ATMEGA_LIB/libSmartCarParkFront-Lib-Mine.a(util.o)
_ZplRK15StringSumHelperRK6String                  /ICESX/workSpaceC/IC/SmartCarPark/product/code/frontend/dev/SmartCarParkFront-Lib/ATMEGA_LIB/libSmartCarParkFront-Lib.a(WString.o)
                                                  /ICESX/workSpaceC/IC/SmartCarPark/product/code/frontend/dev/SmartCarParkFront-Lib-Mine/ATMEGA_LIB/libSmartCarParkFront-Lib-Mine.a(util.o)
_ZplRK15StringSumHelperc                          /ICESX/workSpaceC/IC/SmartCarPark/product/code/frontend/dev/SmartCarParkFront-Lib/ATMEGA_LIB/libSmartCarParkFront-Lib.a(WString.o)
_ZplRK15StringSumHelperd                          /ICESX/workSpaceC/IC/SmartCarPark/product/code/frontend/dev/SmartCarParkFront-Lib/ATMEGA_LIB/libSmartCarParkFront-Lib.a(WString.o)
_ZplRK15StringSumHelperf                          /ICESX/workSpaceC/IC/SmartCarPark/product/code/frontend/dev/SmartCarParkFront-Lib/ATMEGA_LIB/libSmartCarParkFront-Lib.a(WString.o)
_ZplRK15StringSumHelperh                          /ICESX/workSpaceC/IC/SmartCarPark/product/code/frontend/dev/SmartCarParkFront-Lib/ATMEGA_LIB/libSmartCarParkFront-Lib.a(WString.o)
_ZplRK15StringSumHelperi                          /ICESX/workSpaceC/IC/SmartCarPark/product/code/frontend/dev/SmartCarParkFront-Lib/ATMEGA_LIB/libSmartCarParkFront-Lib.a(WString.o)
                                                  /ICESX/workSpaceC/IC/SmartCarPark/product/code/frontend/dev/SmartCarParkFront-Lib-Mine/ATMEGA_LIB/libSmartCarParkFront-Lib-Mine.a(util.o)
_ZplRK15StringSumHelperj                          /ICESX/workSpaceC/IC/SmartCarPark/product/code/frontend/dev/SmartCarParkFront-Lib/ATMEGA_LIB/libSmartCarParkFront-Lib.a(WString.o)
_ZplRK15StringSumHelperl                          /ICESX/workSpaceC/IC/SmartCarPark/product/code/frontend/dev/SmartCarParkFront-Lib/ATMEGA_LIB/libSmartCarParkFront-Lib.a(WString.o)
_ZplRK15StringSumHelperm                          /ICESX/workSpaceC/IC/SmartCarPark/product/code/frontend/dev/SmartCarParkFront-Lib/ATMEGA_LIB/libSmartCarParkFront-Lib.a(WString.o)
__FUSE_REGION_LENGTH__                            /usr/lib/gcc/avr/5.4.0/../../../avr/lib/avr6/crtatmega2560.o
__addsf3                                          /usr/lib/gcc/avr/5.4.0/../../../avr/lib/avr6/libm.a(addsf3.o)
                                                  /ICESX/workSpaceC/IC/SmartCarPark/product/code/frontend/dev/SmartCarParkFront-Lib/ATMEGA_LIB/libSmartCarParkFront-Lib.a(Print.o)
__addsf3x                                         /usr/lib/gcc/avr/5.4.0/../../../avr/lib/avr6/libm.a(addsf3x.o)
                                                  /usr/lib/gcc/avr/5.4.0/../../../avr/lib/avr6/libm.a(addsf3.o)
__bad_interrupt                                   /usr/lib/gcc/avr/5.4.0/../../../avr/lib/avr6/crtatmega2560.o
__brkval                                          /usr/lib/gcc/avr/5.4.0/../../../avr/lib/avr6/libc.a(malloc.o)
                                                  /usr/lib/gcc/avr/5.4.0/../../../avr/lib/avr6/libc.a(realloc.o)
__bss_end                                         /usr/lib/gcc/avr/5.4.0/avr6/libgcc.a(_clear_bss.o)
__bss_start                                       /usr/lib/gcc/avr/5.4.0/avr6/libgcc.a(_clear_bss.o)
__cmpsf2                                          /usr/lib/gcc/avr/5.4.0/../../../avr/lib/avr6/libm.a(cmpsf2.o)
__ctors_end                                       /usr/lib/gcc/avr/5.4.0/avr6/libgcc.a(_ctors.o)
__ctors_start                                     /usr/lib/gcc/avr/5.4.0/avr6/libgcc.a(_ctors.o)
__ctype_isfalse                                   /usr/lib/gcc/avr/5.4.0/../../../avr/lib/avr6/libc.a(cty_isfalse.o)
                                                  /usr/lib/gcc/avr/5.4.0/../../../avr/lib/avr6/libc.a(isspace.o)
__ctype_istrue                                    /usr/lib/gcc/avr/5.4.0/../../../avr/lib/avr6/libc.a(cty_isfalse.o)
__cxa_deleted_virtual                             /ICESX/workSpaceC/IC/SmartCarPark/product/code/frontend/dev/SmartCarParkFront-Lib/ATMEGA_LIB/libSmartCarParkFront-Lib.a(abi.o)
__cxa_pure_virtual                                /ICESX/workSpaceC/IC/SmartCarPark/product/code/frontend/dev/SmartCarParkFront-Lib/ATMEGA_LIB/libSmartCarParkFront-Lib.a(abi.o)
                                                  /ICESX/workSpaceC/IC/SmartCarPark/product/code/frontend/dev/SmartCarParkFront-Lib/ATMEGA_LIB/libSmartCarParkFront-Lib.a(Print.o)
__data_end                                        /usr/lib/gcc/avr/5.4.0/avr6/libgcc.a(_copy_data.o)
__data_load_start                                 /usr/lib/gcc/avr/5.4.0/avr6/libgcc.a(_copy_data.o)
__data_start                                      /usr/lib/gcc/avr/5.4.0/avr6/libgcc.a(_copy_data.o)
__divsf3                                          /usr/lib/gcc/avr/5.4.0/../../../avr/lib/avr6/libm.a(divsf3.o)
                                                  /ICESX/workSpaceC/IC/SmartCarPark/product/code/frontend/dev/SmartCarParkFront-Lib/ATMEGA_LIB/libSmartCarParkFront-Lib.a(Print.o)
__divsf3_pse                                      /usr/lib/gcc/avr/5.4.0/../../../avr/lib/avr6/libm.a(divsf3x.o)
__divsf3x                                         /usr/lib/gcc/avr/5.4.0/../../../avr/lib/avr6/libm.a(divsf3x.o)
                                                  /usr/lib/gcc/avr/5.4.0/../../../avr/lib/avr6/libm.a(divsf3.o)
__do_clear_bss                                    /usr/lib/gcc/avr/5.4.0/avr6/libgcc.a(_clear_bss.o)
                                                  /usr/lib/gcc/avr/5.4.0/../../../avr/lib/avr6/libc.a(errno.o)
                                                  /usr/lib/gcc/avr/5.4.0/../../../avr/lib/avr6/libc.a(malloc.o)
                                                  /ICESX/workSpaceC/IC/SmartCarPark/product/code/frontend/dev/SmartCarParkFront-Lib/ATMEGA_LIB/libSmartCarParkFront-Lib.a(wiring.o)
                                                  /ICESX/workSpaceC/IC/SmartCarPark/product/code/frontend/dev/SmartCarParkFront-Lib/ATMEGA_LIB/libSmartCarParkFront-Lib.a(WString.o)
                                                  /ICESX/workSpaceC/IC/SmartCarPark/product/code/frontend/dev/SmartCarParkFront-Lib/ATMEGA_LIB/libSmartCarParkFront-Lib.a(HardwareSerial2.o)
                                                  /ICESX/workSpaceC/IC/SmartCarPark/product/code/frontend/dev/SmartCarParkFront-Lib/ATMEGA_LIB/libSmartCarParkFront-Lib.a(HardwareSerial0.o)
                                                  ./src/fisher.o
__do_copy_data                                    /usr/lib/gcc/avr/5.4.0/avr6/libgcc.a(_copy_data.o)
                                                  /usr/lib/gcc/avr/5.4.0/../../../avr/lib/avr6/libc.a(malloc.o)
                                                  /ICESX/workSpaceC/IC/SmartCarPark/product/code/frontend/dev/SmartCarParkFront-Lib/ATMEGA_LIB/libSmartCarParkFront-Lib.a(WString.o)
                                                  /ICESX/workSpaceC/IC/SmartCarPark/product/code/frontend/dev/SmartCarParkFront-Lib/ATMEGA_LIB/libSmartCarParkFront-Lib.a(Print.o)
                                                  /ICESX/workSpaceC/IC/SmartCarPark/product/code/frontend/dev/SmartCarParkFront-Lib/ATMEGA_LIB/libSmartCarParkFront-Lib.a(HardwareSerial.o)
                                                  /ICESX/workSpaceC/IC/SmartCarPark/product/code/frontend/dev/SmartCarParkFront-Lib-Mine/ATMEGA_LIB/libSmartCarParkFront-Lib-Mine.a(util.o)
                                                  /ICESX/workSpaceC/IC/SmartCarPark/product/code/frontend/dev/SmartCarParkFront-Lib-Mine/ATMEGA_LIB/libSmartCarParkFront-Lib-Mine.a(Sim900aHTTP.o)
                                                  ./src/fisher.o
__do_global_ctors                                 /usr/lib/gcc/avr/5.4.0/avr6/libgcc.a(_ctors.o)
                                                  /ICESX/workSpaceC/IC/SmartCarPark/product/code/frontend/dev/SmartCarParkFront-Lib/ATMEGA_LIB/libSmartCarParkFront-Lib.a(HardwareSerial2.o)
                                                  /ICESX/workSpaceC/IC/SmartCarPark/product/code/frontend/dev/SmartCarParkFront-Lib/ATMEGA_LIB/libSmartCarParkFront-Lib.a(HardwareSerial0.o)
                                                  ./src/fisher.o
__eqsf2                                           /usr/lib/gcc/avr/5.4.0/../../../avr/lib/avr6/libm.a(cmpsf2.o)
                                                  /usr/lib/gcc/avr/5.4.0/../../../avr/lib/avr6/libc.a(strtod.o)
__fixsfsi                                         /usr/lib/gcc/avr/5.4.0/../../../avr/lib/avr6/libm.a(fixsfsi.o)
                                                  /ICESX/workSpaceC/IC/SmartCarPark/product/code/frontend/dev/SmartCarParkFront-Lib/ATMEGA_LIB/libSmartCarParkFront-Lib.a(Print.o)
__fixunssfsi                                      /usr/lib/gcc/avr/5.4.0/../../../avr/lib/avr6/libm.a(fixunssfsi.o)
                                                  /usr/lib/gcc/avr/5.4.0/../../../avr/lib/avr6/libm.a(fixsfsi.o)
                                                  /ICESX/workSpaceC/IC/SmartCarPark/product/code/frontend/dev/SmartCarParkFront-Lib/ATMEGA_LIB/libSmartCarParkFront-Lib.a(Print.o)
__floatsisf                                       /usr/lib/gcc/avr/5.4.0/../../../avr/lib/avr6/libm.a(floatsisf.o)
                                                  /ICESX/workSpaceC/IC/SmartCarPark/product/code/frontend/dev/SmartCarParkFront-Lib/ATMEGA_LIB/libSmartCarParkFront-Lib.a(Print.o)
__floatunsisf                                     /usr/lib/gcc/avr/5.4.0/../../../avr/lib/avr6/libm.a(floatsisf.o)
                                                  /usr/lib/gcc/avr/5.4.0/../../../avr/lib/avr6/libc.a(strtod.o)
                                                  /ICESX/workSpaceC/IC/SmartCarPark/product/code/frontend/dev/SmartCarParkFront-Lib/ATMEGA_LIB/libSmartCarParkFront-Lib.a(Print.o)
__flp                                             /usr/lib/gcc/avr/5.4.0/../../../avr/lib/avr6/libc.a(malloc.o)
                                                  /usr/lib/gcc/avr/5.4.0/../../../avr/lib/avr6/libc.a(realloc.o)
__fp_cmp                                          /usr/lib/gcc/avr/5.4.0/../../../avr/lib/avr6/libm.a(fp_cmp.o)
                                                  /usr/lib/gcc/avr/5.4.0/../../../avr/lib/avr6/libm.a(unordsf2.o)
                                                  /usr/lib/gcc/avr/5.4.0/../../../avr/lib/avr6/libm.a(gesf2.o)
                                                  /usr/lib/gcc/avr/5.4.0/../../../avr/lib/avr6/libm.a(cmpsf2.o)
__fp_inf                                          /usr/lib/gcc/avr/5.4.0/../../../avr/lib/avr6/libm.a(fp_inf.o)
                                                  /usr/lib/gcc/avr/5.4.0/../../../avr/lib/avr6/libm.a(mulsf3x.o)
                                                  /usr/lib/gcc/avr/5.4.0/../../../avr/lib/avr6/libm.a(divsf3x.o)
                                                  /usr/lib/gcc/avr/5.4.0/../../../avr/lib/avr6/libm.a(addsf3x.o)
__fp_nan                                          /usr/lib/gcc/avr/5.4.0/../../../avr/lib/avr6/libm.a(fp_nan.o)
                                                  /usr/lib/gcc/avr/5.4.0/../../../avr/lib/avr6/libm.a(mulsf3x.o)
                                                  /usr/lib/gcc/avr/5.4.0/../../../avr/lib/avr6/libm.a(divsf3x.o)
                                                  /usr/lib/gcc/avr/5.4.0/../../../avr/lib/avr6/libm.a(addsf3x.o)
__fp_pscA                                         /usr/lib/gcc/avr/5.4.0/../../../avr/lib/avr6/libm.a(fp_pscA.o)
                                                  /usr/lib/gcc/avr/5.4.0/../../../avr/lib/avr6/libm.a(mulsf3x.o)
                                                  /usr/lib/gcc/avr/5.4.0/../../../avr/lib/avr6/libm.a(divsf3x.o)
                                                  /usr/lib/gcc/avr/5.4.0/../../../avr/lib/avr6/libm.a(addsf3x.o)
__fp_pscB                                         /usr/lib/gcc/avr/5.4.0/../../../avr/lib/avr6/libm.a(fp_pscB.o)
                                                  /usr/lib/gcc/avr/5.4.0/../../../avr/lib/avr6/libm.a(mulsf3x.o)
                                                  /usr/lib/gcc/avr/5.4.0/../../../avr/lib/avr6/libm.a(divsf3x.o)
                                                  /usr/lib/gcc/avr/5.4.0/../../../avr/lib/avr6/libm.a(addsf3x.o)
__fp_round                                        /usr/lib/gcc/avr/5.4.0/../../../avr/lib/avr6/libm.a(fp_round.o)
                                                  /usr/lib/gcc/avr/5.4.0/../../../avr/lib/avr6/libm.a(mulsf3.o)
                                                  /usr/lib/gcc/avr/5.4.0/../../../avr/lib/avr6/libm.a(divsf3.o)
                                                  /usr/lib/gcc/avr/5.4.0/../../../avr/lib/avr6/libm.a(addsf3.o)
__fp_split3                                       /usr/lib/gcc/avr/5.4.0/../../../avr/lib/avr6/libm.a(fp_split3.o)
                                                  /usr/lib/gcc/avr/5.4.0/../../../avr/lib/avr6/libm.a(mulsf3x.o)
                                                  /usr/lib/gcc/avr/5.4.0/../../../avr/lib/avr6/libm.a(divsf3x.o)
                                                  /usr/lib/gcc/avr/5.4.0/../../../avr/lib/avr6/libm.a(addsf3x.o)
__fp_splitA                                       /usr/lib/gcc/avr/5.4.0/../../../avr/lib/avr6/libm.a(fp_split3.o)
                                                  /usr/lib/gcc/avr/5.4.0/../../../avr/lib/avr6/libm.a(fixunssfsi.o)
__fp_szero                                        /usr/lib/gcc/avr/5.4.0/../../../avr/lib/avr6/libm.a(fp_zero.o)
                                                  /usr/lib/gcc/avr/5.4.0/../../../avr/lib/avr6/libm.a(mulsf3x.o)
                                                  /usr/lib/gcc/avr/5.4.0/../../../avr/lib/avr6/libm.a(fixsfsi.o)
                                                  /usr/lib/gcc/avr/5.4.0/../../../avr/lib/avr6/libm.a(divsf3x.o)
__fp_zero                                         /usr/lib/gcc/avr/5.4.0/../../../avr/lib/avr6/libm.a(fp_zero.o)
                                                  /usr/lib/gcc/avr/5.4.0/../../../avr/lib/avr6/libm.a(fixunssfsi.o)
                                                  /usr/lib/gcc/avr/5.4.0/../../../avr/lib/avr6/libm.a(addsf3x.o)
__ftoa_engine                                     /usr/lib/gcc/avr/5.4.0/../../../avr/lib/avr6/libc.a(ftoa_engine.o)
                                                  /usr/lib/gcc/avr/5.4.0/../../../avr/lib/avr6/libc.a(dtoa_prf.o)
__gesf2                                           /usr/lib/gcc/avr/5.4.0/../../../avr/lib/avr6/libm.a(gesf2.o)
__gtsf2                                           /usr/lib/gcc/avr/5.4.0/../../../avr/lib/avr6/libm.a(gesf2.o)
                                                  /ICESX/workSpaceC/IC/SmartCarPark/product/code/frontend/dev/SmartCarParkFront-Lib/ATMEGA_LIB/libSmartCarParkFront-Lib.a(Print.o)
__heap_end                                        /usr/lib/gcc/avr/5.4.0/../../../avr/lib/avr6/crtatmega2560.o
                                                  /usr/lib/gcc/avr/5.4.0/../../../avr/lib/avr6/libc.a(malloc.o)
__heap_start                                      /usr/lib/gcc/avr/5.4.0/../../../avr/lib/avr6/libc.a(malloc.o)
__init                                            /usr/lib/gcc/avr/5.4.0/../../../avr/lib/avr6/crtatmega2560.o
__itoa                                            /usr/lib/gcc/avr/5.4.0/../../../avr/lib/avr6/libc.a(itoa.o)
                                                  /ICESX/workSpaceC/IC/SmartCarPark/product/code/frontend/dev/SmartCarParkFront-Lib/ATMEGA_LIB/libSmartCarParkFront-Lib.a(WString.o)
__itoa_ncheck                                     /usr/lib/gcc/avr/5.4.0/../../../avr/lib/avr6/libc.a(itoa_ncheck.o)