Archive member included to satisfy reference by file (symbol)

/ICESX/workSpaceC/IC/SmartCarPark/product/code/frontend/dev/SmartCarParkFront-Lib/ATMEGA_LIB/libSmartCarParkFront-Lib.a(HardwareSerial.o)
                              ./src/NewRainSmartCar.o (_ZN14HardwareSerial5beginEmh)
/ICESX/workSpaceC/IC/SmartCarPark/product/code/frontend/dev/SmartCarParkFront-Lib/ATMEGA_LIB/libSmartCarParkFront-Lib.a(HardwareSerial0.o)
                              ./src/NewRainSmartCar.o (Serial)
/ICESX/workSpaceC/IC/SmartCarPark/product/code/frontend/dev/SmartCarParkFront-Lib/ATMEGA_LIB/libSmartCarParkFront-Lib.a(Print.o)
                              /ICESX/workSpaceC/IC/SmartCarPark/product/code/frontend/dev/SmartCarParkFront-Lib/ATMEGA_LIB/libSmartCarParkFront-Lib.a(HardwareSerial.o) (_ZN5Print5writeEPKhj)
/ICESX/workSpaceC/IC/SmartCarPark/product/code/frontend/dev/SmartCarParkFront-Lib/ATMEGA_LIB/libSmartCarParkFront-Lib.a(WInterrupts.o)
                              ./src/NewRainSmartCar.o (attachInterrupt)
/ICESX/workSpaceC/IC/SmartCarPark/product/code/frontend/dev/SmartCarParkFront-Lib/ATMEGA_LIB/libSmartCarParkFront-Lib.a(abi.o)
                              /ICESX/workSpaceC/IC/SmartCarPark/product/code/frontend/dev/SmartCarParkFront-Lib/ATMEGA_LIB/libSmartCarParkFront-Lib.a(Print.o) (__cxa_pure_virtual)
/ICESX/workSpaceC/IC/SmartCarPark/product/code/frontend/dev/SmartCarParkFront-Lib/ATMEGA_LIB/libSmartCarParkFront-Lib.a(main.o)
                              /usr/lib/gcc/avr/5.4.0/../../../avr/lib/avr6/crtatmega2560.o (main)
/ICESX/workSpaceC/IC/SmartCarPark/product/code/frontend/dev/SmartCarParkFront-Lib/ATMEGA_LIB/libSmartCarParkFront-Lib.a(wiring.o)
                              ./src/NewRainSmartCar.o (delay)
/ICESX/workSpaceC/IC/SmartCarPark/product/code/frontend/dev/SmartCarParkFront-Lib/ATMEGA_LIB/libSmartCarParkFront-Lib.a(wiring_digital.o)
                              ./AFMotor/AFMotor.o (pinMode)
/ICESX/workSpaceC/IC/SmartCarPark/product/code/frontend/dev/SmartCarParkFront-Lib/ATMEGA_LIB/libSmartCarParkFront-Lib.a(wiring_pulse.o)
                              ./ultrasonic/Ultrasonic.o (pulseIn)
/ICESX/workSpaceC/IC/SmartCarPark/product/code/frontend/dev/SmartCarParkFront-Lib/ATMEGA_LIB/libSmartCarParkFront-Lib.a(wiring_pulse.s.o)
                              /ICESX/workSpaceC/IC/SmartCarPark/product/code/frontend/dev/SmartCarParkFront-Lib/ATMEGA_LIB/libSmartCarParkFront-Lib.a(wiring_pulse.o) (countPulseASM)
/ICESX/workSpaceC/IC/SmartCarPark/product/code/frontend/dev/SmartCarParkFront-Lib/ATMEGA_LIB/libSmartCarParkFront-Lib.a(Servo.o)
                              ./src/NewRainSmartCar.o (_ZN5ServoC1Ev)
/ICESX/workSpaceC/IC/SmartCarPark/product/code/frontend/dev/SmartCarParkFront-Lib/ATMEGA_LIB/libSmartCarParkFront-Lib.a(WMath.o)
                              /ICESX/workSpaceC/IC/SmartCarPark/product/code/frontend/dev/SmartCarParkFront-Lib/ATMEGA_LIB/libSmartCarParkFront-Lib.a(Servo.o) (_Z3maplllll)
/ICESX/workSpaceC/IC/SmartCarPark/product/code/frontend/dev/SmartCarParkFront-Lib/ATMEGA_LIB/libSmartCarParkFront-Lib.a(hooks.o)
                              /ICESX/workSpaceC/IC/SmartCarPark/product/code/frontend/dev/SmartCarParkFront-Lib/ATMEGA_LIB/libSmartCarParkFront-Lib.a(wiring.o) (yield)
/usr/lib/gcc/avr/5.4.0/avr6/libgcc.a(_mulsi3.o)
                              /ICESX/workSpaceC/IC/SmartCarPark/product/code/frontend/dev/SmartCarParkFront-Lib/ATMEGA_LIB/libSmartCarParkFront-Lib.a(WMath.o) (__mulsi3)
/usr/lib/gcc/avr/5.4.0/avr6/libgcc.a(_udivmodqi4.o)
                              /ICESX/workSpaceC/IC/SmartCarPark/product/code/frontend/dev/SmartCarParkFront-Lib/ATMEGA_LIB/libSmartCarParkFront-Lib.a(Servo.o) (__udivmodqi4)
/usr/lib/gcc/avr/5.4.0/avr6/libgcc.a(_udivmodsi4.o)
                              ./AFMotor/AFMotor.o (__udivmodsi4)
/usr/lib/gcc/avr/5.4.0/avr6/libgcc.a(_divmodsi4.o)
                              /ICESX/workSpaceC/IC/SmartCarPark/product/code/frontend/dev/SmartCarParkFront-Lib/ATMEGA_LIB/libSmartCarParkFront-Lib.a(WMath.o) (__divmodsi4)
/usr/lib/gcc/avr/5.4.0/avr6/libgcc.a(_negsi2.o)
                              /usr/lib/gcc/avr/5.4.0/avr6/libgcc.a(_divmodsi4.o) (__negsi2)
/usr/lib/gcc/avr/5.4.0/avr6/libgcc.a(_exit.o)
                              /usr/lib/gcc/avr/5.4.0/../../../avr/lib/avr6/crtatmega2560.o (exit)
/usr/lib/gcc/avr/5.4.0/avr6/libgcc.a(_tablejump2.o)
                              ./AFMotor/AFMotor.o (__tablejump2__)
/usr/lib/gcc/avr/5.4.0/avr6/libgcc.a(_copy_data.o)
                              ./src/NewRainSmartCar.o (__do_copy_data)
/usr/lib/gcc/avr/5.4.0/avr6/libgcc.a(_clear_bss.o)
                              ./src/NewRainSmartCar.o (__do_clear_bss)
/usr/lib/gcc/avr/5.4.0/avr6/libgcc.a(_ctors.o)
                              ./src/NewRainSmartCar.o (__do_global_ctors)
/usr/lib/gcc/avr/5.4.0/avr6/libgcc.a(_umulhisi3.o)
                              ./AFMotor/AFMotor.o (__umulhisi3)
/usr/lib/gcc/avr/5.4.0/avr6/libgcc.a(_muluhisi3.o)
[...]
Memory Configuration

Name             Origin             Length             Attributes
text             0x0000000000000000 0x0000000000100000 xr
data             0x0000000000800200 0x000000000000fe00 rw !x
eeprom           0x0000000000810000 0x0000000000010000 rw !x
fuse             0x0000000000820000 0x0000000000000003 rw !x
lock             0x0000000000830000 0x0000000000000400 rw !x
signature        0x0000000000840000 0x0000000000000400 rw !x
user_signatures  0x0000000000850000 0x0000000000000400 rw !x
*default*        0x0000000000000000 0xffffffffffffffff

Linker script and memory map

Address of section .data set to 0x800200
LOAD /usr/lib/gcc/avr/5.4.0/../../../avr/lib/avr6/crtatmega2560.o
LOAD ./ultrasonic/Ultrasonic.o
LOAD ./stepcounter/stepcounter.o
LOAD ./src/NewRainSmartCar.o
LOAD ./AFMotor/AFMotor.o
LOAD /ICESX/workSpaceC/IC/SmartCarPark/product/code/frontend/dev/SmartCarParkFront-Lib/ATMEGA_LIB/libSmartCarParkFront-Lib.a
START GROUP
LOAD /usr/lib/gcc/avr/5.4.0/avr6/libgcc.a
LOAD /usr/lib/gcc/avr/5.4.0/../../../avr/lib/avr6/libm.a
LOAD /usr/lib/gcc/avr/5.4.0/../../../avr/lib/avr6/libc.a
LOAD /usr/lib/gcc/avr/5.4.0/../../../avr/lib/avr6/libatmega2560.a
END GROUP
                0x0000000000100000                __TEXT_REGION_LENGTH__ = DEFINED (__TEXT_REGION_LENGTH__)?__TEXT_REGION_LENGTH__:0x100000
                0x000000000000fe00                __DATA_REGION_LENGTH__ = DEFINED (__DATA_REGION_LENGTH__)?__DATA_REGION_LENGTH__:0xfe00
                0x0000000000010000                __EEPROM_REGION_LENGTH__ = DEFINED (__EEPROM_REGION_LENGTH__)?__EEPROM_REGION_LENGTH__:0x10000
                [0x0000000000000003]                __FUSE_REGION_LENGTH__ = DEFINED (__FUSE_REGION_LENGTH__)?__FUSE_REGION_LENGTH__:0x400
                0x0000000000000400                __LOCK_REGION_LENGTH__ = DEFINED (__LOCK_REGION_LENGTH__)?__LOCK_REGION_LENGTH__:0x400
                0x0000000000000400                __SIGNATURE_REGION_LENGTH__ = DEFINED (__SIGNATURE_REGION_LENGTH__)?__SIGNATURE_REGION_LENGTH__:0x400
                0x0000000000000400                __USER_SIGNATURE_REGION_LENGTH__ = DEFINED (__USER_SIGNATURE_REGION_LENGTH__)?__USER_SIGNATURE_REGION_LENGTH__:0x400

.hash
 *(.hash)

.dynsym
 *(.dynsym)

.dynstr
 *(.dynstr)

.gnu.version
 *(.gnu.version)

.gnu.version_d
 *(.gnu.version_d)

.gnu.version_r
 *(.gnu.version_r)

.rel.init
 *(.rel.init)

.rela.init
 *(.rela.init)

.rel.text
 *(.rel.text)
 *(.rel.text.*)
 *(.rel.gnu.linkonce.t*)

.rela.text
 *(.rela.text)
 *(.rela.text.*)
 *(.rela.gnu.linkonce.t*)

.rel.fini
 *(.rel.fini)

.rela.fini
 *(.rela.fini)

.rel.rodata
 *(.rel.rodata)
 *(.rel.rodata.*)
 *(.rel.gnu.linkonce.r*)

.rela.rodata
 *(.rela.rodata)
 *(.rela.rodata.*)
 *(.rela.gnu.linkonce.r*)

.rel.data
 *(.rel.data)
 *(.rel.data.*)
 *(.rel.gnu.linkonce.d*)

.rela.data
 *(.rela.data)
 *(.rela.data.*)
 *(.rela.gnu.linkonce.d*)

.rel.ctors
 *(.rel.ctors)

.rela.ctors
 *(.rela.ctors)

.rel.dtors
 *(.rel.dtors)

.rela.dtors
 *(.rela.dtors)

.rel.got
 *(.rel.got)

.rela.got
 *(.rela.got)

.rel.bss
 *(.rel.bss)

.rela.bss
 *(.rela.bss)

.rel.plt
 *(.rel.plt)

.rela.plt
 *(.rela.plt)

.text           0x0000000000000000     0x2022
 *(.vectors)
 .vectors       0x0000000000000000       0xe4 /usr/lib/gcc/avr/5.4.0/../../../avr/lib/avr6/crtatmega2560.o
                0x0000000000000000                __vectors
                0x0000000000000000                __vector_default
 *(.vectors)
 *(.progmem.gcc*)
 .progmem.gcc_sw_table.turnOffPWM
                0x00000000000000e4       0x24 /ICESX/workSpaceC/IC/SmartCarPark/product/code/frontend/dev/SmartCarParkFront-Lib/ATMEGA_LIB/libSmartCarParkFront-Lib.a(wiring_digital.o)
                0x0000000000000108                . = ALIGN (0x2)
                0x0000000000000108                __trampolines_start = .
 *(.trampolines)
 .trampolines   0x0000000000000108        0x0 linker stubs
 *(.trampolines*)
                0x0000000000000108                __trampolines_end = .
 *libprintf_flt.a:*(.progmem.data)
 *libc.a:*(.progmem.data)
 *(.progmem*)
 .progmem.data.digital_pin_to_timer_PGM
                0x0000000000000108       0x46 /ICESX/workSpaceC/IC/SmartCarPark/product/code/frontend/dev/SmartCarParkFront-Lib/ATMEGA_LIB/libSmartCarParkFront-Lib.a(wiring_digital.o)
                0x0000000000000108                digital_pin_to_timer_PGM
 .progmem.data.digital_pin_to_bit_mask_PGM
                0x000000000000014e       0x46 /ICESX/workSpaceC/IC/SmartCarPark/product/code/frontend/dev/SmartCarParkFront-Lib/ATMEGA_LIB/libSmartCarParkFront-Lib.a(wiring_digital.o)
                0x000000000000014e                digital_pin_to_bit_mask_PGM
 .progmem.data.digital_pin_to_port_PGM
                0x0000000000000194       0x46 /ICESX/workSpaceC/IC/SmartCarPark/product/code/frontend/dev/SmartCarParkFront-Lib/ATMEGA_LIB/libSmartCarParkFront-Lib.a(wiring_digital.o)
                0x0000000000000194                digital_pin_to_port_PGM
 .progmem.data.port_to_input_PGM
                0x00000000000001da       0x1a /ICESX/workSpaceC/IC/SmartCarPark/product/code/frontend/dev/SmartCarParkFront-Lib/ATMEGA_LIB/libSmartCarParkFront-Lib.a(wiring_digital.o)
                0x00000000000001da                port_to_input_PGM
 .progmem.data.port_to_output_PGM
                0x00000000000001f4       0x1a /ICESX/workSpaceC/IC/SmartCarPark/product/code/frontend/dev/SmartCarParkFront-Lib/ATMEGA_LIB/libSmartCarParkFront-Lib.a(wiring_digital.o)
                0x00000000000001f4                port_to_output_PGM
 .progmem.data.port_to_mode_PGM
                0x000000000000020e       0x1a /ICESX/workSpaceC/IC/SmartCarPark/product/code/frontend/dev/SmartCarParkFront-Lib/ATMEGA_LIB/libSmartCarParkFront-Lib.a(wiring_digital.o)
                0x000000000000020e                port_to_mode_PGM
                0x0000000000000228                . = ALIGN (0x2)
 *(.jumptables)
 *(.jumptables*)
 *(.lowtext)
 *(.lowtext*)
                0x0000000000000228                __ctors_start = .
 *(.ctors)
 .ctors         0x0000000000000228        0x2 ./src/NewRainSmartCar.o
 .ctors         0x000000000000022a        0x2 /ICESX/workSpaceC/IC/SmartCarPark/product/code/frontend/dev/SmartCarParkFront-Lib/ATMEGA_LIB/libSmartCarParkFront-Lib.a(HardwareSerial0.o)
                0x000000000000022c                __ctors_end = .
                0x000000000000022c                __dtors_start = .
 *(.dtors)
                0x000000000000022c                __dtors_end = .
 SORT(*)(.ctors)
 SORT(*)(.dtors)
 *(.init0)
 .init0         0x000000000000022c        0x0 /usr/lib/gcc/avr/5.4.0/../../../avr/lib/avr6/crtatmega2560.o
                0x000000000000022c                __init
 *(.init0)
 *(.init1)
 *(.init1)
 *(.init2)
 .init2         0x000000000000022c       0x10 /usr/lib/gcc/avr/5.4.0/../../../avr/lib/avr6/crtatmega2560.o
 *(.init2)
 *(.init3)
 *(.init3)
 *(.init4)
 .init4         0x000000000000023c       0x1a /usr/lib/gcc/avr/5.4.0/avr6/libgcc.a(_copy_data.o)
                0x000000000000023c                __do_copy_data
 .init4         0x0000000000000256       0x10 /usr/lib/gcc/avr/5.4.0/avr6/libgcc.a(_clear_bss.o)
                0x0000000000000256                __do_clear_bss
 *(.init4)
 *(.init5)
 *(.init5)
 *(.init6)
 .init6         0x0000000000000266       0x20 /usr/lib/gcc/avr/5.4.0/avr6/libgcc.a(_ctors.o)
                0x0000000000000266                __do_global_ctors
 *(.init6)
 *(.init7)
 *(.init7)
 *(.init8)
 *(.init8)
 *(.init9)
 .init9         0x0000000000000286        0x6 /usr/lib/gcc/avr/5.4.0/../../../avr/lib/avr6/crtatmega2560.o
 *(.init9)
 *(.text)
 .text          0x000000000000028c        0x2 /usr/lib/gcc/avr/5.4.0/../../../avr/lib/avr6/crtatmega2560.o
                0x000000000000028c                __vector_38
                0x000000000000028c                __vector_22
                0x000000000000028c                __vector_28
                0x000000000000028c                __vector_34
                0x000000000000028c                __vector_24
                0x000000000000028c                __vector_12
                0x000000000000028c                __vector_55
                0x000000000000028c                __vector_46
                0x000000000000028c                __bad_interrupt
                0x000000000000028c                __vector_31
                0x000000000000028c                __vector_35
                0x000000000000028c                __vector_39
                0x000000000000028c                __vector_30
                0x000000000000028c                __vector_45
                0x000000000000028c                __vector_11
                0x000000000000028c                __vector_54
                0x000000000000028c                __vector_13
                0x000000000000028c                __vector_19
                0x000000000000028c                __vector_56
                0x000000000000028c                __vector_49
                0x000000000000028c                __vector_41
                0x000000000000028c                __vector_43
                0x000000000000028c                __vector_27
                0x000000000000028c                __vector_33
                0x000000000000028c                __vector_52
                0x000000000000028c                __vector_37
                0x000000000000028c                __vector_44
                0x000000000000028c                __vector_51
                0x000000000000028c                __vector_9
                0x000000000000028c                __vector_21
                0x000000000000028c                __vector_15
                0x000000000000028c                __vector_36
                0x000000000000028c                __vector_29
                0x000000000000028c                __vector_40
                0x000000000000028c                __vector_48
                0x000000000000028c                __vector_14
                0x000000000000028c                __vector_53
                0x000000000000028c                __vector_10
                0x000000000000028c                __vector_50
                0x000000000000028c                __vector_16
                0x000000000000028c                __vector_18
                0x000000000000028c                __vector_20
 .text          0x000000000000028e       0x8a /ICESX/workSpaceC/IC/SmartCarPark/product/code/frontend/dev/SmartCarParkFront-Lib/ATMEGA_LIB/libSmartCarParkFront-Lib.a(wiring_pulse.s.o)
                0x000000000000028e                countPulseASM
                0x0000000000000318                . = ALIGN (0x2)
 *(.text.*)
 .text._ZN10Ultrasonic8distanceEv
                0x0000000000000318       0x98 ./ultrasonic/Ultrasonic.o
                0x0000000000000318                _ZN10Ultrasonic8distanceEv
 .text._ZN11StepCounter5speedEv
                0x00000000000003b0        0x8 ./stepcounter/stepcounter.o
                0x00000000000003b0                _ZN11StepCounter5speedEv
 .text._Z10servoResetv
                0x00000000000003b8       0x16 ./src/NewRainSmartCar.o
                0x00000000000003b8                _Z10servoResetv
 .text._Z7forwardv
                0x00000000000003ce       0x26 ./src/NewRainSmartCar.o
                0x00000000000003ce                _Z7forwardv
 .text._Z8backwardv
                0x00000000000003f4       0x26 ./src/NewRainSmartCar.o
                0x00000000000003f4                _Z8backwardv
 .text._Z8turnLeftv
                0x000000000000041a       0x26 ./src/NewRainSmartCar.o
                0x000000000000041a                _Z8turnLeftv
 .text._Z9turnRightv
                0x0000000000000440       0x26 ./src/NewRainSmartCar.o
                0x0000000000000440                _Z9turnRightv
 .text._Z4stopv
                0x0000000000000466       0x1a ./src/NewRainSmartCar.o
                0x0000000000000466                _Z4stopv
 .text._Z4turni
                0x0000000000000480       0x42 ./src/NewRainSmartCar.o
                0x0000000000000480                _Z4turni
 .text._Z15changeDirectionv
                0x00000000000004c2       0xe2 ./src/NewRainSmartCar.o
                0x00000000000004c2                _Z15changeDirectionv
 .text._Z6carRunv
                0x00000000000005a4       0x3e ./src/NewRainSmartCar.o
                0x00000000000005a4                _Z6carRunv
 .text.setup    0x00000000000005e2       0x2e ./src/NewRainSmartCar.o
                0x00000000000005e2                setup
 .text._Z9sameSpeedv
                0x0000000000000610        0xc ./src/NewRainSmartCar.o
                0x0000000000000610                _Z9sameSpeedv
 .text.loop     0x000000000000061c        0xe ./src/NewRainSmartCar.o
                0x000000000000061c                loop
 .text.startup._GLOBAL__sub_I_uc
                0x000000000000062a       0x52 ./src/NewRainSmartCar.o
 .text._ZN17AFMotorController8latch_txEv
                0x000000000000067c       0x4e ./AFMotor/AFMotor.o
                0x000000000000067c                _ZN17AFMotorController8latch_txEv
 .text._ZN17AFMotorController6enableEv
                0x00000000000006ca       0x30 ./AFMotor/AFMotor.o
                0x00000000000006ca                _ZN17AFMotorController6enableEv
 .text._Z8initPWM1h
                0x00000000000006fa       0x20 ./AFMotor/AFMotor.o
                0x00000000000006fa                _Z8initPWM1h
 .text._Z8initPWM2h
                0x000000000000071a       0x20 ./AFMotor/AFMotor.o
                0x000000000000071a                _Z8initPWM2h
 .text._Z8initPWM3h
                0x000000000000073a       0x20 ./AFMotor/AFMotor.o
                0x000000000000073a                _Z8initPWM3h
 .text._Z8initPWM4h
                0x000000000000075a       0x20 ./AFMotor/AFMotor.o
                0x000000000000075a                _Z8initPWM4h
 .text._ZN10AF_DCMotorC2Ehh
                0x000000000000077a       0x8c ./AFMotor/AFMotor.o
                0x000000000000077a                _ZN10AF_DCMotorC1Ehh
                0x000000000000077a                _ZN10AF_DCMotorC2Ehh
 .text._ZN10AF_DCMotor3runEh
                0x0000000000000806       0xae ./AFMotor/AFMotor.o
                0x0000000000000806                _ZN10AF_DCMotor3runEh
 .text._ZN10AF_DCMotor8setSpeedEh
                0x00000000000008b4       0x4a ./AFMotor/AFMotor.o
                0x00000000000008b4                _ZN10AF_DCMotor8setSpeedEh
 .text._ZN14HardwareSerial9availableEv
                0x00000000000008fe       0x18 /ICESX/workSpaceC/IC/SmartCarPark/product/code/frontend/dev/SmartCarParkFront-Lib/ATMEGA_LIB/libSmartCarParkFront-Lib.a(HardwareSerial.o)
                0x00000000000008fe                _ZN14HardwareSerial9availableEv
 .text._ZN14HardwareSerial4peekEv
                0x0000000000000916       0x1c /ICESX/workSpaceC/IC/SmartCarPark/product/code/frontend/dev/SmartCarParkFront-Lib/ATMEGA_LIB/libSmartCarParkFront-Lib.a(HardwareSerial.o)
                0x0000000000000916                _ZN14HardwareSerial4peekEv
 .text._ZN14HardwareSerial4readEv
                0x0000000000000932       0x28 /ICESX/workSpaceC/IC/SmartCarPark/product/code/frontend/dev/SmartCarParkFront-Lib/ATMEGA_LIB/libSmartCarParkFront-Lib.a(HardwareSerial.o)
                0x0000000000000932                _ZN14HardwareSerial4readEv
 .text._Z14serialEventRunv
                0x000000000000095a       0x78 /ICESX/workSpaceC/IC/SmartCarPark/product/code/frontend/dev/SmartCarParkFront-Lib/ATMEGA_LIB/libSmartCarParkFront-Lib.a(HardwareSerial.o)
                0x000000000000095a                _Z14serialEventRunv
 .text._ZN14HardwareSerial17_tx_udr_empty_irqEv
                0x00000000000009d2       0x42 /ICESX/workSpaceC/IC/SmartCarPark/product/code/frontend/dev/SmartCarParkFront-Lib/ATMEGA_LIB/libSmartCarParkFront-Lib.a(HardwareSerial.o)
                0x00000000000009d2                _ZN14HardwareSerial17_tx_udr_empty_irqEv
 .text._ZN14HardwareSerial5writeEh
                0x0000000000000a14       0x8c /ICESX/workSpaceC/IC/SmartCarPark/product/code/frontend/dev/SmartCarParkFront-Lib/ATMEGA_LIB/libSmartCarParkFront-Lib.a(HardwareSerial.o)
                0x0000000000000a14                _ZN14HardwareSerial5writeEh
 .text._ZN14HardwareSerial5flushEv
                0x0000000000000aa0       0x42 /ICESX/workSpaceC/IC/SmartCarPark/product/code/frontend/dev/SmartCarParkFront-Lib/ATMEGA_LIB/libSmartCarParkFront-Lib.a(HardwareSerial.o)
                0x0000000000000aa0                _ZN14HardwareSerial5flushEv
 .text._ZN14HardwareSerial5beginEmh
                0x0000000000000ae2       0xca /ICESX/workSpaceC/IC/SmartCarPark/product/code/frontend/dev/SmartCarParkFront-Lib/ATMEGA_LIB/libSmartCarParkFront-Lib.a(HardwareSerial.o)
                0x0000000000000ae2                _ZN14HardwareSerial5beginEmh
 .text.__vector_25
                0x0000000000000bac       0x6c /ICESX/workSpaceC/IC/SmartCarPark/product/code/frontend/dev/SmartCarParkFront-Lib/ATMEGA_LIB/libSmartCarParkFront-Lib.a(HardwareSerial0.o)
                0x0000000000000bac                __vector_25
 .text.__vector_26
                0x0000000000000c18       0x52 /ICESX/workSpaceC/IC/SmartCarPark/product/code/frontend/dev/SmartCarParkFront-Lib/ATMEGA_LIB/libSmartCarParkFront-Lib.a(HardwareSerial0.o)
                0x0000000000000c18                __vector_26
 .text._Z17Serial0_availablev
                0x0000000000000c6a       0x12 /ICESX/workSpaceC/IC/SmartCarPark/product/code/frontend/dev/SmartCarParkFront-Lib/ATMEGA_LIB/libSmartCarParkFront-Lib.a(HardwareSerial0.o)
                0x0000000000000c6a                _Z17Serial0_availablev
 .text.startup._GLOBAL__sub_I___vector_25
                0x0000000000000c7c       0x5a /ICESX/workSpaceC/IC/SmartCarPark/product/code/frontend/dev/SmartCarParkFront-Lib/ATMEGA_LIB/libSmartCarParkFront-Lib.a(HardwareSerial0.o)
 .text._ZN5Print5writeEPKhj
                0x0000000000000cd6       0x50 /ICESX/workSpaceC/IC/SmartCarPark/product/code/frontend/dev/SmartCarParkFront-Lib/ATMEGA_LIB/libSmartCarParkFront-Lib.a(Print.o)
                0x0000000000000cd6                _ZN5Print5writeEPKhj
 .text._ZN5Print5writeEPKc
                0x0000000000000d26       0x2a /ICESX/workSpaceC/IC/SmartCarPark/product/code/frontend/dev/SmartCarParkFront-Lib/ATMEGA_LIB/libSmartCarParkFront-Lib.a(Print.o)
                0x0000000000000d26                _ZN5Print5writeEPKc
 .text._ZN5Print5printEPKc
                0x0000000000000d50        0x2 /ICESX/workSpaceC/IC/SmartCarPark/product/code/frontend/dev/SmartCarParkFront-Lib/ATMEGA_LIB/libSmartCarParkFront-Lib.a(Print.o)
                0x0000000000000d50                _ZN5Print5printEPKc
 .text._ZN5Print5printEc
                0x0000000000000d52        0xe /ICESX/workSpaceC/IC/SmartCarPark/product/code/frontend/dev/SmartCarParkFront-Lib/ATMEGA_LIB/libSmartCarParkFront-Lib.a(Print.o)
                0x0000000000000d52                _ZN5Print5printEc
 .text._ZN5Print7printlnEv
                0x0000000000000d60        0x6 /ICESX/workSpaceC/IC/SmartCarPark/product/code/frontend/dev/SmartCarParkFront-Lib/ATMEGA_LIB/libSmartCarParkFront-Lib.a(Print.o)
                0x0000000000000d60                _ZN5Print7printlnEv
 .text._ZN5Print7printlnEPKc
                0x0000000000000d66       0x20 /ICESX/workSpaceC/IC/SmartCarPark/product/code/frontend/dev/SmartCarParkFront-Lib/ATMEGA_LIB/libSmartCarParkFront-Lib.a(Print.o)
                0x0000000000000d66                _ZN5Print7printlnEPKc
 .text._ZN5Print11printNumberEmh
                0x0000000000000d86       0xa8 /ICESX/workSpaceC/IC/SmartCarPark/product/code/frontend/dev/SmartCarParkFront-Lib/ATMEGA_LIB/libSmartCarParkFront-Lib.a(Print.o)
                0x0000000000000d86                _ZN5Print11printNumberEmh
 .text._ZN5Print5printEli
                0x0000000000000e2e       0x8a /ICESX/workSpaceC/IC/SmartCarPark/product/code/frontend/dev/SmartCarParkFront-Lib/ATMEGA_LIB/libSmartCarParkFront-Lib.a(Print.o)
                0x0000000000000e2e                _ZN5Print5printEli
 .text._ZN5Print5printEii
                0x0000000000000eb8        0xc /ICESX/workSpaceC/IC/SmartCarPark/product/code/frontend/dev/SmartCarParkFront-Lib/ATMEGA_LIB/libSmartCarParkFront-Lib.a(Print.o)
                0x0000000000000eb8                _ZN5Print5printEii
 .text._ZN5Print7printlnEii
                0x0000000000000ec4       0x20 /ICESX/workSpaceC/IC/SmartCarPark/product/code/frontend/dev/SmartCarParkFront-Lib/ATMEGA_LIB/libSmartCarParkFront-Lib.a(Print.o)
                0x0000000000000ec4                _ZN5Print7printlnEii
 .text.__vector_1
                0x0000000000000ee4       0x62 /ICESX/workSpaceC/IC/SmartCarPark/product/code/frontend/dev/SmartCarParkFront-Lib/ATMEGA_LIB/libSmartCarParkFront-Lib.a(WInterrupts.o)
                0x0000000000000ee4                __vector_1
 .text.__vector_2
                0x0000000000000f46       0x62 /ICESX/workSpaceC/IC/SmartCarPark/product/code/frontend/dev/SmartCarParkFront-Lib/ATMEGA_LIB/libSmartCarParkFront-Lib.a(WInterrupts.o)
                0x0000000000000f46                __vector_2
 .text.__vector_3
                0x0000000000000fa8       0x62 /ICESX/workSpaceC/IC/SmartCarPark/product/code/frontend/dev/SmartCarParkFront-Lib/ATMEGA_LIB/libSmartCarParkFront-Lib.a(WInterrupts.o)
                0x0000000000000fa8                __vector_3
 .text.__vector_4
                0x000000000000100a       0x62 /ICESX/workSpaceC/IC/SmartCarPark/product/code/frontend/dev/SmartCarParkFront-Lib/ATMEGA_LIB/libSmartCarParkFront-Lib.a(WInterrupts.o)
                0x000000000000100a                __vector_4
 .text.__vector_5
                0x000000000000106c       0x62 /ICESX/workSpaceC/IC/SmartCarPark/product/code/frontend/dev/SmartCarParkFront-Lib/ATMEGA_LIB/libSmartCarParkFront-Lib.a(WInterrupts.o)
                0x000000000000106c                __vector_5
 .text.__vector_6
                0x00000000000010ce       0x62 /ICESX/workSpaceC/IC/SmartCarPark/product/code/frontend/dev/SmartCarParkFront-Lib/ATMEGA_LIB/libSmartCarParkFront-Lib.a(WInterrupts.o)
                0x00000000000010ce                __vector_6
 .text.__vector_7
                0x0000000000001130       0x62 /ICESX/workSpaceC/IC/SmartCarPark/product/code/frontend/dev/SmartCarParkFront-Lib/ATMEGA_LIB/libSmartCarParkFront-Lib.a(WInterrupts.o)
                0x0000000000001130                __vector_7
 .text.__vector_8
                0x0000000000001192       0x62 /ICESX/workSpaceC/IC/SmartCarPark/product/code/frontend/dev/SmartCarParkFront-Lib/ATMEGA_LIB/libSmartCarParkFront-Lib.a(WInterrupts.o)
                0x0000000000001192                __vector_8
 .text.initVariant
                0x00000000000011f4        0x2 /ICESX/workSpaceC/IC/SmartCarPark/product/code/frontend/dev/SmartCarParkFront-Lib/ATMEGA_LIB/libSmartCarParkFront-Lib.a(main.o)
                0x00000000000011f4                initVariant
 .text.startup.main
                0x00000000000011f6       0x14 /ICESX/workSpaceC/IC/SmartCarPark/product/code/frontend/dev/SmartCarParkFront-Lib/ATMEGA_LIB/libSmartCarParkFront-Lib.a(main.o)
                0x00000000000011f6                main
 .text.__vector_23
                0x000000000000120a       0x94 /ICESX/workSpaceC/IC/SmartCarPark/product/code/frontend/dev/SmartCarParkFront-Lib/ATMEGA_LIB/libSmartCarParkFront-Lib.a(wiring.o)
                0x000000000000120a                __vector_23
 .text.micros   0x000000000000129e       0x4a /ICESX/workSpaceC/IC/SmartCarPark/product/code/frontend/dev/SmartCarParkFront-Lib/ATMEGA_LIB/libSmartCarParkFront-Lib.a(wiring.o)
                0x000000000000129e                micros
 .text.delay    0x00000000000012e8       0x4a /ICESX/workSpaceC/IC/SmartCarPark/product/code/frontend/dev/SmartCarParkFront-Lib/ATMEGA_LIB/libSmartCarParkFront-Lib.a(wiring.o)
                0x00000000000012e8                delay
 .text.delayMicroseconds
                0x0000000000001332       0x16 /ICESX/workSpaceC/IC/SmartCarPark/product/code/frontend/dev/SmartCarParkFront-Lib/ATMEGA_LIB/libSmartCarParkFront-Lib.a(wiring.o)
                0x0000000000001332                delayMicroseconds
 .text.init     0x0000000000001348       0xc4 /ICESX/workSpaceC/IC/SmartCarPark/product/code/frontend/dev/SmartCarParkFront-Lib/ATMEGA_LIB/libSmartCarParkFront-Lib.a(wiring.o)
                0x0000000000001348                init
 .text.turnOffPWM
                0x000000000000140c       0xaa /ICESX/workSpaceC/IC/SmartCarPark/product/code/frontend/dev/SmartCarParkFront-Lib/ATMEGA_LIB/libSmartCarParkFront-Lib.a(wiring_digital.o)
 .text.pinMode  0x00000000000014b6       0x78 /ICESX/workSpaceC/IC/SmartCarPark/product/code/frontend/dev/SmartCarParkFront-Lib/ATMEGA_LIB/libSmartCarParkFront-Lib.a(wiring_digital.o)
                0x00000000000014b6                pinMode
 .text.digitalWrite
                0x000000000000152e       0x5c /ICESX/workSpaceC/IC/SmartCarPark/product/code/frontend/dev/SmartCarParkFront-Lib/ATMEGA_LIB/libSmartCarParkFront-Lib.a(wiring_digital.o)
                0x000000000000152e                digitalWrite
 .text.pulseIn  0x000000000000158a       0x64 /ICESX/workSpaceC/IC/SmartCarPark/product/code/frontend/dev/SmartCarParkFront-Lib/ATMEGA_LIB/libSmartCarParkFront-Lib.a(wiring_pulse.o)
                0x000000000000158a                pulseIn
 .text._ZL17handle_interrupts18timer16_Sequence_tPVjS1_
                0x00000000000015ee      0x18a /ICESX/workSpaceC/IC/SmartCarPark/product/code/frontend/dev/SmartCarParkFront-Lib/ATMEGA_LIB/libSmartCarParkFront-Lib.a(Servo.o)
 .text.__vector_17
                0x0000000000001778       0x5a /ICESX/workSpaceC/IC/SmartCarPark/product/code/frontend/dev/SmartCarParkFront-Lib/ATMEGA_LIB/libSmartCarParkFront-Lib.a(Servo.o)
                0x0000000000001778                __vector_17
 .text.__vector_32
                0x00000000000017d2       0x5a /ICESX/workSpaceC/IC/SmartCarPark/product/code/frontend/dev/SmartCarParkFront-Lib/ATMEGA_LIB/libSmartCarParkFront-Lib.a(Servo.o)
                0x00000000000017d2                __vector_32
 .text.__vector_42
                0x000000000000182c       0x5a /ICESX/workSpaceC/IC/SmartCarPark/product/code/frontend/dev/SmartCarParkFront-Lib/ATMEGA_LIB/libSmartCarParkFront-Lib.a(Servo.o)
                0x000000000000182c                __vector_42
 .text.__vector_47
                0x0000000000001886       0x5a /ICESX/workSpaceC/IC/SmartCarPark/product/code/frontend/dev/SmartCarParkFront-Lib/ATMEGA_LIB/libSmartCarParkFront-Lib.a(Servo.o)
                0x0000000000001886                __vector_47
 .text._ZN5ServoC2Ev
                0x00000000000018e0       0x38 /ICESX/workSpaceC/IC/SmartCarPark/product/code/frontend/dev/SmartCarParkFront-Lib/ATMEGA_LIB/libSmartCarParkFront-Lib.a(Servo.o)
                0x00000000000018e0                _ZN5ServoC2Ev
                0x00000000000018e0                _ZN5ServoC1Ev
 .text._ZN5Servo6attachEiii
                0x0000000000001918      0x154 /ICESX/workSpaceC/IC/SmartCarPark/product/code/frontend/dev/SmartCarParkFront-Lib/ATMEGA_LIB/libSmartCarParkFront-Lib.a(Servo.o)
                0x0000000000001918                _ZN5Servo6attachEiii
 .text._ZN5Servo6attachEi
                0x0000000000001a6c        0xa /ICESX/workSpaceC/IC/SmartCarPark/product/code/frontend/dev/SmartCarParkFront-Lib/ATMEGA_LIB/libSmartCarParkFront-Lib.a(Servo.o)
                0x0000000000001a6c                _ZN5Servo6attachEi
 .text._ZN5Servo17writeMicrosecondsEi
                0x0000000000001a76       0x6c /ICESX/workSpaceC/IC/SmartCarPark/product/code/frontend/dev/SmartCarParkFront-Lib/ATMEGA_LIB/libSmartCarParkFront-Lib.a(Servo.o)
                0x0000000000001a76                _ZN5Servo17writeMicrosecondsEi
 .text._ZN5Servo5writeEi
                0x0000000000001ae2       0xb4 /ICESX/workSpaceC/IC/SmartCarPark/product/code/frontend/dev/SmartCarParkFront-Lib/ATMEGA_LIB/libSmartCarParkFront-Lib.a(Servo.o)
                0x0000000000001ae2                _ZN5Servo5writeEi
 .text._Z3maplllll
                0x0000000000001b96       0x7e /ICESX/workSpaceC/IC/SmartCarPark/product/code/frontend/dev/SmartCarParkFront-Lib/ATMEGA_LIB/libSmartCarParkFront-Lib.a(WMath.o)
                0x0000000000001b96                _Z3maplllll
 .text.__empty  0x0000000000001c14        0x2 /ICESX/workSpaceC/IC/SmartCarPark/product/code/frontend/dev/SmartCarParkFront-Lib/ATMEGA_LIB/libSmartCarParkFront-Lib.a(hooks.o)
                0x0000000000001c14                yield
 .text.libgcc.mul
                0x0000000000001c16       0x1e /usr/lib/gcc/avr/5.4.0/avr6/libgcc.a(_mulsi3.o)
                0x0000000000001c16                __mulsi3
 .text.libgcc.div
                0x0000000000001c34       0x18 /usr/lib/gcc/avr/5.4.0/avr6/libgcc.a(_udivmodqi4.o)
                0x0000000000001c34                __udivmodqi4
 .text.libgcc.div
                0x0000000000001c4c       0x44 /usr/lib/gcc/avr/5.4.0/avr6/libgcc.a(_udivmodsi4.o)
                0x0000000000001c4c                __udivmodsi4
 .text.libgcc.div
                0x0000000000001c90       0x28 /usr/lib/gcc/avr/5.4.0/avr6/libgcc.a(_divmodsi4.o)
                0x0000000000001c90                __divmodsi4
 .text.libgcc.div
                0x0000000000001cb8       0x10 /usr/lib/gcc/avr/5.4.0/avr6/libgcc.a(_negsi2.o)
                0x0000000000001cb8                __negsi2
 .text.libgcc   0x0000000000001cc8       0x10 /usr/lib/gcc/avr/5.4.0/avr6/libgcc.a(_tablejump2.o)
                0x0000000000001cc8                __tablejump2__
 .text.libgcc.mul
                0x0000000000001cd8       0x1e /usr/lib/gcc/avr/5.4.0/avr6/libgcc.a(_umulhisi3.o)
                0x0000000000001cd8                __umulhisi3
 .text.libgcc.mul
                0x0000000000001cf6       0x14 /usr/lib/gcc/avr/5.4.0/avr6/libgcc.a(_muluhisi3.o)
                0x0000000000001cf6                __muluhisi3
 .text.avr-libc.fplib
                0x0000000000001d0a        0x4 /usr/lib/gcc/avr/5.4.0/../../../avr/lib/avr6/libm.a(divsf3.o)
                0x0000000000001d0a                __divsf3
 .text.avr-libc.fplib
                0x0000000000001d0e       0xcc /usr/lib/gcc/avr/5.4.0/../../../avr/lib/avr6/libm.a(divsf3x.o)
                0x0000000000001d24                __divsf3x
                0x0000000000001d28                __divsf3_pse
 .text.avr-libc.fplib
                0x0000000000001dda        0xa /usr/lib/gcc/avr/5.4.0/../../../avr/lib/avr6/libm.a(fixsfsi.o)
                0x0000000000001dda                __fixsfsi
 .text.avr-libc.fplib
                0x0000000000001de4       0x58 /usr/lib/gcc/avr/5.4.0/../../../avr/lib/avr6/libm.a(fixunssfsi.o)
                0x0000000000001de4                __fixunssfsi
 .text.avr-libc.fplib
                0x0000000000001e3c       0x7a /usr/lib/gcc/avr/5.4.0/../../../avr/lib/avr6/libm.a(floatsisf.o)
                0x0000000000001e3c                __floatunsisf
                0x0000000000001e40                __floatsisf
 .text.avr-libc.fplib
                0x0000000000001eb6        0xc /usr/lib/gcc/avr/5.4.0/../../../avr/lib/avr6/libm.a(fp_inf.o)
                0x0000000000001eb6                __fp_inf
 .text.avr-libc.fplib
                0x0000000000001ec2        0x6 /usr/lib/gcc/avr/5.4.0/../../../avr/lib/avr6/libm.a(fp_nan.o)
                0x0000000000001ec2                __fp_nan
 .text.avr-libc.fplib
                0x0000000000001ec8        0xe /usr/lib/gcc/avr/5.4.0/../../../avr/lib/avr6/libm.a(fp_pscA.o)
                0x0000000000001ec8                __fp_pscA
 .text.avr-libc.fplib
                0x0000000000001ed6        0xe /usr/lib/gcc/avr/5.4.0/../../../avr/lib/avr6/libm.a(fp_pscB.o)
                0x0000000000001ed6                __fp_pscB
 .text.avr-libc.fplib
                0x0000000000001ee4       0x22 /usr/lib/gcc/avr/5.4.0/../../../avr/lib/avr6/libm.a(fp_round.o)
                0x0000000000001ee4                __fp_round
 .text.avr-libc.fplib
                0x0000000000001f06       0x44 /usr/lib/gcc/avr/5.4.0/../../../avr/lib/avr6/libm.a(fp_split3.o)
                0x0000000000001f06                __fp_split3
                0x0000000000001f16                __fp_splitA
 .text.avr-libc.fplib
                0x0000000000001f4a        0xe /usr/lib/gcc/avr/5.4.0/../../../avr/lib/avr6/libm.a(fp_zero.o)
                0x0000000000001f4a                __fp_zero
                0x0000000000001f4c                __fp_szero
 .text.avr-libc.fplib
                0x0000000000001f58        0x4 /usr/lib/gcc/avr/5.4.0/../../../avr/lib/avr6/libm.a(mulsf3.o)
                0x0000000000001f58                __mulsf3
 .text.avr-libc.fplib
                0x0000000000001f5c       0xc2 /usr/lib/gcc/avr/5.4.0/../../../avr/lib/avr6/libm.a(mulsf3x.o)
                0x0000000000001f70                __mulsf3x
                0x0000000000001f74                __mulsf3_pse
                0x000000000000201e                . = ALIGN (0x2)
 *(.fini9)
 .fini9         0x000000000000201e        0x0 /usr/lib/gcc/avr/5.4.0/avr6/libgcc.a(_exit.o)
                0x000000000000201e                exit
                0x000000000000201e                _exit
 *(.fini9)
 *(.fini8)
 *(.fini8)
 *(.fini7)
 *(.fini7)
 *(.fini6)
 *(.fini6)
 *(.fini5)
 *(.fini5)
 *(.fini4)
 *(.fini4)
 *(.fini3)
 *(.fini3)
 *(.fini2)
 *(.fini2)
 *(.fini1)
 *(.fini1)
 *(.fini0)
 .fini0         0x000000000000201e        0x4 /usr/lib/gcc/avr/5.4.0/avr6/libgcc.a(_exit.o)
 *(.fini0)
                0x0000000000002022                _etext = .

.data           0x0000000000800200       0xde load address 0x0000000000002022
                0x0000000000800200                PROVIDE (__data_start, .)
 *(.data)
 *(.data*)
 .data.distance
                0x0000000000800200        0x2 ./src/NewRainSmartCar.o
                0x0000000000800200                distance
 .data.turnPos  0x0000000000800202        0x2 ./src/NewRainSmartCar.o
                0x0000000000800202                turnPos
 *(.rodata)
 *(.rodata*)
 .rodata.str1.1
                0x0000000000800204       0xb9 ./src/NewRainSmartCar.o
                                         0xc6 (size before relaxing)
 .rodata._ZTV14HardwareSerial
                0x00000000008002bd       0x10 /ICESX/workSpaceC/IC/SmartCarPark/product/code/frontend/dev/SmartCarParkFront-Lib/ATMEGA_LIB/libSmartCarParkFront-Lib.a(HardwareSerial.o)
                0x00000000008002bd                _ZTV14HardwareSerial
 .rodata.str1.1
                0x00000000008002cd       0x11 /ICESX/workSpaceC/IC/SmartCarPark/product/code/frontend/dev/SmartCarParkFront-Lib/ATMEGA_LIB/libSmartCarParkFront-Lib.a(Print.o)
 *(.gnu.linkonce.d*)
                0x00000000008002de                . = ALIGN (0x2)
                0x00000000008002de                _edata = .
                0x00000000008002de                PROVIDE (__data_end, .)

.bss            0x00000000008002de      0x164
                0x00000000008002de                PROVIDE (__bss_start, .)
 *(.bss)
 *(.bss*)
 .bss.stepcounter_r
                0x00000000008002de        0x6 ./src/NewRainSmartCar.o
                0x00000000008002de                stepcounter_r
 .bss.stepcounter_l
                0x00000000008002e4        0x6 ./src/NewRainSmartCar.o
                0x00000000008002e4                stepcounter_l
 .bss.myservo   0x00000000008002ea        0x3 ./src/NewRainSmartCar.o
                0x00000000008002ea                myservo
 .bss.motor_l   0x00000000008002ed        0x2 ./src/NewRainSmartCar.o
                0x00000000008002ed                motor_l
 .bss.motor_r   0x00000000008002ef        0x2 ./src/NewRainSmartCar.o
                0x00000000008002ef                motor_r
 .bss.uc        0x00000000008002f1        0x4 ./src/NewRainSmartCar.o
                0x00000000008002f1                uc
 .bss._ZL2MC    0x00000000008002f5        0x1 ./AFMotor/AFMotor.o
 .bss._ZL11latch_state
                0x00000000008002f6        0x1 ./AFMotor/AFMotor.o
 .bss.Serial    0x00000000008002f7       0x9d /ICESX/workSpaceC/IC/SmartCarPark/product/code/frontend/dev/SmartCarParkFront-Lib/ATMEGA_LIB/libSmartCarParkFront-Lib.a(HardwareSerial0.o)
                0x00000000008002f7                Serial
 .bss.intFunc   0x0000000000800394       0x10 /ICESX/workSpaceC/IC/SmartCarPark/product/code/frontend/dev/SmartCarParkFront-Lib/ATMEGA_LIB/libSmartCarParkFront-Lib.a(WInterrupts.o)
 .bss.timer0_fract
                0x00000000008003a4        0x1 /ICESX/workSpaceC/IC/SmartCarPark/product/code/frontend/dev/SmartCarParkFront-Lib/ATMEGA_LIB/libSmartCarParkFront-Lib.a(wiring.o)
 .bss.timer0_millis
                0x00000000008003a5        0x4 /ICESX/workSpaceC/IC/SmartCarPark/product/code/frontend/dev/SmartCarParkFront-Lib/ATMEGA_LIB/libSmartCarParkFront-Lib.a(wiring.o)
                0x00000000008003a5                timer0_millis
 .bss.timer0_overflow_count
                0x00000000008003a9        0x4 /ICESX/workSpaceC/IC/SmartCarPark/product/code/frontend/dev/SmartCarParkFront-Lib/ATMEGA_LIB/libSmartCarParkFront-Lib.a(wiring.o)
                0x00000000008003a9                timer0_overflow_count
 .bss.ServoCount
                0x00000000008003ad        0x1 /ICESX/workSpaceC/IC/SmartCarPark/product/code/frontend/dev/SmartCarParkFront-Lib/ATMEGA_LIB/libSmartCarParkFront-Lib.a(Servo.o)
                0x00000000008003ad                ServoCount
 .bss._ZL7Channel
                0x00000000008003ae        0x4 /ICESX/workSpaceC/IC/SmartCarPark/product/code/frontend/dev/SmartCarParkFront-Lib/ATMEGA_LIB/libSmartCarParkFront-Lib.a(Servo.o)
 .bss._ZL6servos
                0x00000000008003b2       0x90 /ICESX/workSpaceC/IC/SmartCarPark/product/code/frontend/dev/SmartCarParkFront-Lib/ATMEGA_LIB/libSmartCarParkFront-Lib.a(Servo.o)
 *(COMMON)
                0x0000000000800442                PROVIDE (__bss_end, .)
                0x0000000000002022                __data_load_start = LOADADDR (.data)
                0x0000000000002100                __data_load_end = (__data_load_start + SIZEOF (.data))

.noinit         0x0000000000800442        0x0
                [!provide]                        PROVIDE (__noinit_start, .)
 *(.noinit*)
                [!provide]                        PROVIDE (__noinit_end, .)
                0x0000000000800442                _end = .
                [!provide]                        PROVIDE (__heap_start, .)

.eeprom         0x0000000000810000        0x0
 *(.eeprom*)
                0x0000000000810000                __eeprom_end = .

.fuse
 *(.fuse)
 *(.lfuse)
 *(.hfuse)
 *(.efuse)

.lock
 *(.lock*)

.signature
 *(.signature*)

.user_signatures
 *(.user_signatures*)

.stab           0x0000000000000000     0x2964
 *(.stab)
 .stab          0x0000000000000000      0x7c8 ./ultrasonic/Ultrasonic.o
 .stab          0x00000000000007c8      0x774 ./stepcounter/stepcounter.o
                                        0x84c (size before relaxing)
 .stab          0x0000000000000f3c      0xea0 ./src/NewRainSmartCar.o
                                        0xf54 (size before relaxing)
 .stab          0x0000000000001ddc      0xb88 ./AFMotor/AFMotor.o
                                       0x1464 (size before relaxing)

.stabstr        0x0000000000000000     0x2608
 *(.stabstr)
 .stabstr       0x0000000000000000     0x2608 ./ultrasonic/Ultrasonic.o

.stab.excl
 *(.stab.excl)

.stab.exclstr
 *(.stab.exclstr)

.stab.index
 *(.stab.index)

.stab.indexstr
 *(.stab.indexstr)

.comment        0x0000000000000000       0x11
 *(.comment)
 .comment       0x0000000000000000       0x11 ./ultrasonic/Ultrasonic.o
                                         0x12 (size before relaxing)
 .comment       0x0000000000000011       0x12 ./stepcounter/stepcounter.o
 .comment       0x0000000000000011       0x12 ./src/NewRainSmartCar.o
 .comment       0x0000000000000011       0x12 ./AFMotor/AFMotor.o
 .comment       0x0000000000000011       0x12 /ICESX/workSpaceC/IC/SmartCarPark/product/code/frontend/dev/SmartCarParkFront-Lib/ATMEGA_LIB/libSmartCarParkFront-Lib.a(HardwareSerial.o)
 .comment       0x0000000000000011       0x12 /ICESX/workSpaceC/IC/SmartCarPark/product/code/frontend/dev/SmartCarParkFront-Lib/ATMEGA_LIB/libSmartCarParkFront-Lib.a(HardwareSerial0.o)
 .comment       0x0000000000000011       0x12 /ICESX/workSpaceC/IC/SmartCarPark/product/code/frontend/dev/SmartCarParkFront-Lib/ATMEGA_LIB/libSmartCarParkFront-Lib.a(Print.o)
 .comment       0x0000000000000011       0x12 /ICESX/workSpaceC/IC/SmartCarPark/product/code/frontend/dev/SmartCarParkFront-Lib/ATMEGA_LIB/libSmartCarParkFront-Lib.a(WInterrupts.o)
 .comment       0x0000000000000011       0x12 /ICESX/workSpaceC/IC/SmartCarPark/product/code/frontend/dev/SmartCarParkFront-Lib/ATMEGA_LIB/libSmartCarParkFront-Lib.a(main.o)
 .comment       0x0000000000000011       0x12 /ICESX/workSpaceC/IC/SmartCarPark/product/code/frontend/dev/SmartCarParkFront-Lib/ATMEGA_LIB/libSmartCarParkFront-Lib.a(wiring.o)
 .comment       0x0000000000000011       0x12 /ICESX/workSpaceC/IC/SmartCarPark/product/code/frontend/dev/SmartCarParkFront-Lib/ATMEGA_LIB/libSmartCarParkFront-Lib.a(wiring_digital.o)
 .comment       0x0000000000000011       0x12 /ICESX/workSpaceC/IC/SmartCarPark/product/code/frontend/dev/SmartCarParkFront-Lib/ATMEGA_LIB/libSmartCarParkFront-Lib.a(wiring_pulse.o)
 .comment       0x0000000000000011       0x12 /ICESX/workSpaceC/IC/SmartCarPark/product/code/frontend/dev/SmartCarParkFront-Lib/ATMEGA_LIB/libSmartCarParkFront-Lib.a(Servo.o)
 .comment       0x0000000000000011       0x12 /ICESX/workSpaceC/IC/SmartCarPark/product/code/frontend/dev/SmartCarParkFront-Lib/ATMEGA_LIB/libSmartCarParkFront-Lib.a(WMath.o)
 .comment       0x0000000000000011       0x12 /ICESX/workSpaceC/IC/SmartCarPark/product/code/frontend/dev/SmartCarParkFront-Lib/ATMEGA_LIB/libSmartCarParkFront-Lib.a(hooks.o)

.note.gnu.avr.deviceinfo
                0x0000000000000000       0x40
 .note.gnu.avr.deviceinfo
                0x0000000000000000       0x40 /usr/lib/gcc/avr/5.4.0/../../../avr/lib/avr6/crtatmega2560.o

.note.gnu.build-id
 *(.note.gnu.build-id)

.debug
 *(.debug)

.line
 *(.line)

.debug_srcinfo
 *(.debug_srcinfo)

.debug_sfnames
 *(.debug_sfnames)

.debug_aranges
 *(.debug_aranges)

.debug_pubnames
 *(.debug_pubnames)

.debug_info     0x0000000000000000      0xbbc
 *(.debug_info .gnu.linkonce.wi.*)
 .debug_info    0x0000000000000000      0xbbc /usr/lib/gcc/avr/5.4.0/../../../avr/lib/avr6/crtatmega2560.o

.debug_abbrev   0x0000000000000000      0xb1a
 *(.debug_abbrev)
 .debug_abbrev  0x0000000000000000      0xb1a /usr/lib/gcc/avr/5.4.0/../../../avr/lib/avr6/crtatmega2560.o

.debug_line     0x0000000000000000       0x1a
 *(.debug_line .debug_line.* .debug_line_end)
 .debug_line    0x0000000000000000       0x1a /usr/lib/gcc/avr/5.4.0/../../../avr/lib/avr6/crtatmega2560.o

.debug_frame
 *(.debug_frame)

.debug_str      0x0000000000000000      0x3e6
 *(.debug_str)
 .debug_str     0x0000000000000000      0x3e6 /usr/lib/gcc/avr/5.4.0/../../../avr/lib/avr6/crtatmega2560.o

.debug_loc
 *(.debug_loc)

.debug_macinfo
 *(.debug_macinfo)

.debug_weaknames
 *(.debug_weaknames)

.debug_funcnames
 *(.debug_funcnames)

.debug_typenames
 *(.debug_typenames)

.debug_varnames
 *(.debug_varnames)

.debug_pubtypes
 *(.debug_pubtypes)

.debug_ranges
 *(.debug_ranges)

.debug_macro
 *(.debug_macro)
OUTPUT(NewRain-Smart-Car.elf elf32-avr)
LOAD linker stubs

Cross Reference Table

Symbol                                            File
Serial                                            /ICESX/workSpaceC/IC/SmartCarPark/product/code/frontend/dev/SmartCarParkFront-Lib/ATMEGA_LIB/libSmartCarParkFront-Lib.a(HardwareSerial0.o)
                                                  ./src/NewRainSmartCar.o
ServoCount                                        /ICESX/workSpaceC/IC/SmartCarPark/product/code/frontend/dev/SmartCarParkFront-Lib/ATMEGA_LIB/libSmartCarParkFront-Lib.a(Servo.o)
_Z10randomSeedm                                   /ICESX/workSpaceC/IC/SmartCarPark/product/code/frontend/dev/SmartCarParkFront-Lib/ATMEGA_LIB/libSmartCarParkFront-Lib.a(WMath.o)
_Z10servoResetv                                   ./src/NewRainSmartCar.o
_Z11serialEventv                                  /ICESX/workSpaceC/IC/SmartCarPark/product/code/frontend/dev/SmartCarParkFront-Lib/ATMEGA_LIB/libSmartCarParkFront-Lib.a(HardwareSerial.o)
_Z12serialEvent1v                                 /ICESX/workSpaceC/IC/SmartCarPark/product/code/frontend/dev/SmartCarParkFront-Lib/ATMEGA_LIB/libSmartCarParkFront-Lib.a(HardwareSerial.o)
_Z12serialEvent2v                                 /ICESX/workSpaceC/IC/SmartCarPark/product/code/frontend/dev/SmartCarParkFront-Lib/ATMEGA_LIB/libSmartCarParkFront-Lib.a(HardwareSerial.o)
_Z12serialEvent3v                                 /ICESX/workSpaceC/IC/SmartCarPark/product/code/frontend/dev/SmartCarParkFront-Lib/ATMEGA_LIB/libSmartCarParkFront-Lib.a(HardwareSerial.o)
_Z12testTurnLeftv                                 ./src/NewRainSmartCar.o
_Z13testTurnRightv                                ./src/NewRainSmartCar.o
_Z14serialEventRunv                               /ICESX/workSpaceC/IC/SmartCarPark/product/code/frontend/dev/SmartCarParkFront-Lib/ATMEGA_LIB/libSmartCarParkFront-Lib.a(HardwareSerial.o)
                                                  /ICESX/workSpaceC/IC/SmartCarPark/product/code/frontend/dev/SmartCarParkFront-Lib/ATMEGA_LIB/libSmartCarParkFront-Lib.a(main.o)
_Z15changeDirectionv                              ./src/NewRainSmartCar.o
_Z17Serial0_availablev                            /ICESX/workSpaceC/IC/SmartCarPark/product/code/frontend/dev/SmartCarParkFront-Lib/ATMEGA_LIB/libSmartCarParkFront-Lib.a(HardwareSerial0.o)
                                                  /ICESX/workSpaceC/IC/SmartCarPark/product/code/frontend/dev/SmartCarParkFront-Lib/ATMEGA_LIB/libSmartCarParkFront-Lib.a(HardwareSerial.o)
_Z17Serial1_availablev                            /ICESX/workSpaceC/IC/SmartCarPark/product/code/frontend/dev/SmartCarParkFront-Lib/ATMEGA_LIB/libSmartCarParkFront-Lib.a(HardwareSerial.o)
_Z17Serial2_availablev                            /ICESX/workSpaceC/IC/SmartCarPark/product/code/frontend/dev/SmartCarParkFront-Lib/ATMEGA_LIB/libSmartCarParkFront-Lib.a(HardwareSerial.o)
_Z17Serial3_availablev                            /ICESX/workSpaceC/IC/SmartCarPark/product/code/frontend/dev/SmartCarParkFront-Lib/ATMEGA_LIB/libSmartCarParkFront-Lib.a(HardwareSerial.o)
_Z19testAnglePrtSencondv                          ./src/NewRainSmartCar.o
_Z2irv                                            ./src/NewRainSmartCar.o
_Z3maplllll                                       /ICESX/workSpaceC/IC/SmartCarPark/product/code/frontend/dev/SmartCarParkFront-Lib/ATMEGA_LIB/libSmartCarParkFront-Lib.a(WMath.o)
                                                  /ICESX/workSpaceC/IC/SmartCarPark/product/code/frontend/dev/SmartCarParkFront-Lib/ATMEGA_LIB/libSmartCarParkFront-Lib.a(Servo.o)
_Z4stopv                                          ./src/NewRainSmartCar.o
_Z4turni                                          ./src/NewRainSmartCar.o
_Z6carRunv                                        ./src/NewRainSmartCar.o
_Z6randoml                                        /ICESX/workSpaceC/IC/SmartCarPark/product/code/frontend/dev/SmartCarParkFront-Lib/ATMEGA_LIB/libSmartCarParkFront-Lib.a(WMath.o)
_Z6randomll                                       /ICESX/workSpaceC/IC/SmartCarPark/product/code/frontend/dev/SmartCarParkFront-Lib/ATMEGA_LIB/libSmartCarParkFront-Lib.a(WMath.o)
_Z7forwardv                                       ./src/NewRainSmartCar.o
_Z8backwardv                                      ./src/NewRainSmartCar.o
_Z8initPWM1h                                      ./AFMotor/AFMotor.o
_Z8initPWM2h                                      ./AFMotor/AFMotor.o
_Z8initPWM3h                                      ./AFMotor/AFMotor.o
_Z8initPWM4h                                      ./AFMotor/AFMotor.o
_Z8makeWordhh                                     /ICESX/workSpaceC/IC/SmartCarPark/product/code/frontend/dev/SmartCarParkFront-Lib/ATMEGA_LIB/libSmartCarParkFront-Lib.a(WMath.o)
_Z8makeWordj                                      /ICESX/workSpaceC/IC/SmartCarPark/product/code/frontend/dev/SmartCarParkFront-Lib/ATMEGA_LIB/libSmartCarParkFront-Lib.a(WMath.o)
_Z8turnLeftv                                      ./src/NewRainSmartCar.o
_Z9sameSpeedv                                     ./src/NewRainSmartCar.o
_Z9turnRightv                                     ./src/NewRainSmartCar.o
_ZN10AF_DCMotor3runEh                             ./AFMotor/AFMotor.o
                                                  ./src/NewRainSmartCar.o
_ZN10AF_DCMotor8setSpeedEh                        ./AFMotor/AFMotor.o
                                                  ./src/NewRainSmartCar.o
_ZN10AF_DCMotorC1Ehh                              ./AFMotor/AFMotor.o
                                                  ./src/NewRainSmartCar.o
_ZN10AF_DCMotorC2Ehh                              ./AFMotor/AFMotor.o
_ZN10AF_Stepper4stepEjhh                          ./AFMotor/AFMotor.o
_ZN10AF_Stepper7onestepEhh                        ./AFMotor/AFMotor.o
_ZN10AF_Stepper7releaseEv                         ./AFMotor/AFMotor.o
_ZN10AF_Stepper8setSpeedEj                        ./AFMotor/AFMotor.o
_ZN10AF_StepperC1Ejh                              ./AFMotor/AFMotor.o
_ZN10AF_StepperC2Ejh                              ./AFMotor/AFMotor.o
_ZN10Ultrasonic8distanceEv                        ./ultrasonic/Ultrasonic.o
                                                  ./src/NewRainSmartCar.o
_ZN11StepCounter3endEPFvvE                        ./stepcounter/stepcounter.o
_ZN11StepCounter5beginEi                          ./stepcounter/stepcounter.o
_ZN11StepCounter5speedEv                          ./stepcounter/stepcounter.o
                                                  ./src/NewRainSmartCar.o
_ZN11StepCounter9stepcountEv                      ./stepcounter/stepcounter.o
_ZN14HardwareSerial17_tx_udr_empty_irqEv          /ICESX/workSpaceC/IC/SmartCarPark/product/code/frontend/dev/SmartCarParkFront-Lib/ATMEGA_LIB/libSmartCarParkFront-Lib.a(HardwareSerial.o)
                                                  /ICESX/workSpaceC/IC/SmartCarPark/product/code/frontend/dev/SmartCarParkFront-Lib/ATMEGA_LIB/libSmartCarParkFront-Lib.a(HardwareSerial0.o)
_ZN14HardwareSerial17availableForWriteEv          /ICESX/workSpaceC/IC/SmartCarPark/product/code/frontend/dev/SmartCarParkFront-Lib/ATMEGA_LIB/libSmartCarParkFront-Lib.a(HardwareSerial.o)
_ZN14HardwareSerial3endEv                         /ICESX/workSpaceC/IC/SmartCarPark/product/code/frontend/dev/SmartCarParkFront-Lib/ATMEGA_LIB/libSmartCarParkFront-Lib.a(HardwareSerial.o)
_ZN14HardwareSerial4peekEv                        /ICESX/workSpaceC/IC/SmartCarPark/product/code/frontend/dev/SmartCarParkFront-Lib/ATMEGA_LIB/libSmartCarParkFront-Lib.a(HardwareSerial.o)
_ZN14HardwareSerial4readEv                        /ICESX/workSpaceC/IC/SmartCarPark/product/code/frontend/dev/SmartCarParkFront-Lib/ATMEGA_LIB/libSmartCarParkFront-Lib.a(HardwareSerial.o)
_ZN14HardwareSerial5beginEmh                      /ICESX/workSpaceC/IC/SmartCarPark/product/code/frontend/dev/SmartCarParkFront-Lib/ATMEGA_LIB/libSmartCarParkFront-Lib.a(HardwareSerial.o)
                                                  ./src/NewRainSmartCar.o
_ZN14HardwareSerial5flushEv                       /ICESX/workSpaceC/IC/SmartCarPark/product/code/frontend/dev/SmartCarParkFront-Lib/ATMEGA_LIB/libSmartCarParkFront-Lib.a(HardwareSerial.o)
_ZN14HardwareSerial5writeEh                       /ICESX/workSpaceC/IC/SmartCarPark/product/code/frontend/dev/SmartCarParkFront-Lib/ATMEGA_LIB/libSmartCarParkFront-Lib.a(HardwareSerial.o)
_ZN14HardwareSerial9availableEv                   /ICESX/workSpaceC/IC/SmartCarPark/product/code/frontend/dev/SmartCarParkFront-Lib/ATMEGA_LIB/libSmartCarParkFront-Lib.a(HardwareSerial.o)
                                                  /ICESX/workSpaceC/IC/SmartCarPark/product/code/frontend/dev/SmartCarParkFront-Lib/ATMEGA_LIB/libSmartCarParkFront-Lib.a(HardwareSerial0.o)
_ZN17AFMotorController6enableEv                   ./AFMotor/AFMotor.o
_ZN17AFMotorController8latch_txEv                 ./AFMotor/AFMotor.o
_ZN17AFMotorControllerC1Ev                        ./AFMotor/AFMotor.o
_ZN17AFMotorControllerC2Ev                        ./AFMotor/AFMotor.o
_ZN5Print10printFloatEdh                          /ICESX/workSpaceC/IC/SmartCarPark/product/code/frontend/dev/SmartCarParkFront-Lib/ATMEGA_LIB/libSmartCarParkFront-Lib.a(Print.o)
_ZN5Print11printNumberEmh                         /ICESX/workSpaceC/IC/SmartCarPark/product/code/frontend/dev/SmartCarParkFront-Lib/ATMEGA_LIB/libSmartCarParkFront-Lib.a(Print.o)
_ZN5Print5printEPK19__FlashStringHelper           /ICESX/workSpaceC/IC/SmartCarPark/product/code/frontend/dev/SmartCarParkFront-Lib/ATMEGA_LIB/libSmartCarParkFront-Lib.a(Print.o)
_ZN5Print5printEPKc                               /ICESX/workSpaceC/IC/SmartCarPark/product/code/frontend/dev/SmartCarParkFront-Lib/ATMEGA_LIB/libSmartCarParkFront-Lib.a(Print.o)
                                                  ./src/NewRainSmartCar.o
_ZN5Print5printERK6String                         /ICESX/workSpaceC/IC/SmartCarPark/product/code/frontend/dev/SmartCarParkFront-Lib/ATMEGA_LIB/libSmartCarParkFront-Lib.a(Print.o)
_ZN5Print5printERK9Printable                      /ICESX/workSpaceC/IC/SmartCarPark/product/code/frontend/dev/SmartCarParkFront-Lib/ATMEGA_LIB/libSmartCarParkFront-Lib.a(Print.o)
_ZN5Print5printEc                                 /ICESX/workSpaceC/IC/SmartCarPark/product/code/frontend/dev/SmartCarParkFront-Lib/ATMEGA_LIB/libSmartCarParkFront-Lib.a(Print.o)
_ZN5Print5printEdi                                /ICESX/workSpaceC/IC/SmartCarPark/product/code/frontend/dev/SmartCarParkFront-Lib/ATMEGA_LIB/libSmartCarParkFront-Lib.a(Print.o)
_ZN5Print5printEhi                                /ICESX/workSpaceC/IC/SmartCarPark/product/code/frontend/dev/SmartCarParkFront-Lib/ATMEGA_LIB/libSmartCarParkFront-Lib.a(Print.o)
_ZN5Print5printEii                                /ICESX/workSpaceC/IC/SmartCarPark/product/code/frontend/dev/SmartCarParkFront-Lib/ATMEGA_LIB/libSmartCarParkFront-Lib.a(Print.o)
                                                  ./src/NewRainSmartCar.o
_ZN5Print5printEji                                /ICESX/workSpaceC/IC/SmartCarPark/product/code/frontend/dev/SmartCarParkFront-Lib/ATMEGA_LIB/libSmartCarParkFront-Lib.a(Print.o)
_ZN5Print5printEli                                /ICESX/workSpaceC/IC/SmartCarPark/product/code/frontend/dev/SmartCarParkFront-Lib/ATMEGA_LIB/libSmartCarParkFront-Lib.a(Print.o)
_ZN5Print5printEmi                                /ICESX/workSpaceC/IC/SmartCarPark/product/code/frontend/dev/SmartCarParkFront-Lib/ATMEGA_LIB/libSmartCarParkFront-Lib.a(Print.o)
_ZN5Print5writeEPKc                               /ICESX/workSpaceC/IC/SmartCarPark/product/code/frontend/dev/SmartCarParkFront-Lib/ATMEGA_LIB/libSmartCarParkFront-Lib.a(Print.o)
_ZN5Print5writeEPKhj                              /ICESX/workSpaceC/IC/SmartCarPark/product/code/frontend/dev/SmartCarParkFront-Lib/ATMEGA_LIB/libSmartCarParkFront-Lib.a(Print.o)
                                                  /ICESX/workSpaceC/IC/SmartCarPark/product/code/frontend/dev/SmartCarParkFront-Lib/ATMEGA_LIB/libSmartCarParkFront-Lib.a(HardwareSerial.o)
_ZN5Print7printlnEPK19__FlashStringHelper         /ICESX/workSpaceC/IC/SmartCarPark/product/code/frontend/dev/SmartCarParkFront-Lib/ATMEGA_LIB/libSmartCarParkFront-Lib.a(Print.o)
_ZN5Print7printlnEPKc                             /ICESX/workSpaceC/IC/SmartCarPark/product/code/frontend/dev/SmartCarParkFront-Lib/ATMEGA_LIB/libSmartCarParkFront-Lib.a(Print.o)
                                                  ./src/NewRainSmartCar.o
_ZN5Print7printlnERK6String                       /ICESX/workSpaceC/IC/SmartCarPark/product/code/frontend/dev/SmartCarParkFront-Lib/ATMEGA_LIB/libSmartCarParkFront-Lib.a(Print.o)
_ZN5Print7printlnERK9Printable                    /ICESX/workSpaceC/IC/SmartCarPark/product/code/frontend/dev/SmartCarParkFront-Lib/ATMEGA_LIB/libSmartCarParkFront-Lib.a(Print.o)
_ZN5Print7printlnEc                               /ICESX/workSpaceC/IC/SmartCarPark/product/code/frontend/dev/SmartCarParkFront-Lib/ATMEGA_LIB/libSmartCarParkFront-Lib.a(Print.o)
_ZN5Print7printlnEdi                              /ICESX/workSpaceC/IC/SmartCarPark/product/code/frontend/dev/SmartCarParkFront-Lib/ATMEGA_LIB/libSmartCarParkFront-Lib.a(Print.o)
_ZN5Print7printlnEhi                              /ICESX/workSpaceC/IC/SmartCarPark/product/code/frontend/dev/SmartCarParkFront-Lib/ATMEGA_LIB/libSmartCarParkFront-Lib.a(Print.o)
_ZN5Print7printlnEii                              /ICESX/workSpaceC/IC/SmartCarPark/product/code/frontend/dev/SmartCarParkFront-Lib/ATMEGA_LIB/libSmartCarParkFront-Lib.a(Print.o)
                                                  ./src/NewRainSmartCar.o
_ZN5Print7printlnEji                              /ICESX/workSpaceC/IC/SmartCarPark/product/code/frontend/dev/SmartCarParkFront-Lib/ATMEGA_LIB/libSmartCarParkFront-Lib.a(Print.o)
_ZN5Print7printlnEli                              /ICESX/workSpaceC/IC/SmartCarPark/product/code/frontend/dev/SmartCarParkFront-Lib/ATMEGA_LIB/libSmartCarParkFront-Lib.a(Print.o)
_ZN5Print7printlnEmi                              /ICESX/workSpaceC/IC/SmartCarPark/product/code/frontend/dev/SmartCarParkFront-Lib/ATMEGA_LIB/libSmartCarParkFront-Lib.a(Print.o)
_ZN5Print7printlnEv                               /ICESX/workSpaceC/IC/SmartCarPark/product/code/frontend/dev/SmartCarParkFront-Lib/ATMEGA_LIB/libSmartCarParkFront-Lib.a(Print.o)
_ZN5Servo16readMicrosecondsEv                     /ICESX/workSpaceC/IC/SmartCarPark/product/code/frontend/dev/SmartCarParkFront-Lib/ATMEGA_LIB/libSmartCarParkFront-Lib.a(Servo.o)
_ZN5Servo17writeMicrosecondsEi                    /ICESX/workSpaceC/IC/SmartCarPark/product/code/frontend/dev/SmartCarParkFront-Lib/ATMEGA_LIB/libSmartCarParkFront-Lib.a(Servo.o)
_ZN5Servo4readEv                                  /ICESX/workSpaceC/IC/SmartCarPark/product/code/frontend/dev/SmartCarParkFront-Lib/ATMEGA_LIB/libSmartCarParkFront-Lib.a(Servo.o)
_ZN5Servo5writeEi                                 /ICESX/workSpaceC/IC/SmartCarPark/product/code/frontend/dev/SmartCarParkFront-Lib/ATMEGA_LIB/libSmartCarParkFront-Lib.a(Servo.o)
                                                  ./src/NewRainSmartCar.o
_ZN5Servo6attachEi                                /ICESX/workSpaceC/IC/SmartCarPark/product/code/frontend/dev/SmartCarParkFront-Lib/ATMEGA_LIB/libSmartCarParkFront-Lib.a(Servo.o)
                                                  ./src/NewRainSmartCar.o
_ZN5Servo6attachEiii                              /ICESX/workSpaceC/IC/SmartCarPark/product/code/frontend/dev/SmartCarParkFront-Lib/ATMEGA_LIB/libSmartCarParkFront-Lib.a(Servo.o)
_ZN5Servo6detachEv                                /ICESX/workSpaceC/IC/SmartCarPark/product/code/frontend/dev/SmartCarParkFront-Lib/ATMEGA_LIB/libSmartCarParkFront-Lib.a(Servo.o)
_ZN5Servo8attachedEv                              /ICESX/workSpaceC/IC/SmartCarPark/product/code/frontend/dev/SmartCarParkFront-Lib/ATMEGA_LIB/libSmartCarParkFront-Lib.a(Servo.o)
_ZN5ServoC1Ev                                     /ICESX/workSpaceC/IC/SmartCarPark/product/code/frontend/dev/SmartCarParkFront-Lib/ATMEGA_LIB/libSmartCarParkFront-Lib.a(Servo.o)
                                                  ./src/NewRainSmartCar.o
_ZN5ServoC2Ev                                     /ICESX/workSpaceC/IC/SmartCarPark/product/code/frontend/dev/SmartCarParkFront-Lib/ATMEGA_LIB/libSmartCarParkFront-Lib.a(Servo.o)
_ZTV14HardwareSerial                              /ICESX/workSpaceC/IC/SmartCarPark/product/code/frontend/dev/SmartCarParkFront-Lib/ATMEGA_LIB/libSmartCarParkFront-Lib.a(HardwareSerial.o)
                                                  /ICESX/workSpaceC/IC/SmartCarPark/product/code/frontend/dev/SmartCarParkFront-Lib/ATMEGA_LIB/libSmartCarParkFront-Lib.a(HardwareSerial0.o)
_ZTV5Print                                        /ICESX/workSpaceC/IC/SmartCarPark/product/code/frontend/dev/SmartCarParkFront-Lib/ATMEGA_LIB/libSmartCarParkFront-Lib.a(Print.o)
__FUSE_REGION_LENGTH__                            /usr/lib/gcc/avr/5.4.0/../../../avr/lib/avr6/crtatmega2560.o
__addsf3                                          /usr/lib/gcc/avr/5.4.0/../../../avr/lib/avr6/libm.a(addsf3.o)
                                                  /ICESX/workSpaceC/IC/SmartCarPark/product/code/frontend/dev/SmartCarParkFront-Lib/ATMEGA_LIB/libSmartCarParkFront-Lib.a(Print.o)
__addsf3x                                         /usr/lib/gcc/avr/5.4.0/../../../avr/lib/avr6/libm.a(addsf3x.o)
                                                  /usr/lib/gcc/avr/5.4.0/../../../avr/lib/avr6/libm.a(addsf3.o)
__bad_interrupt                                   /usr/lib/gcc/avr/5.4.0/../../../avr/lib/avr6/crtatmega2560.o
__bss_end                                         /usr/lib/gcc/avr/5.4.0/avr6/libgcc.a(_clear_bss.o)
__bss_start                                       /usr/lib/gcc/avr/5.4.0/avr6/libgcc.a(_clear_bss.o)
__cmpsf2                                          /usr/lib/gcc/avr/5.4.0/../../../avr/lib/avr6/libm.a(cmpsf2.o)
__ctors_end                                       /usr/lib/gcc/avr/5.4.0/avr6/libgcc.a(_ctors.o)
__ctors_start                                     /usr/lib/gcc/avr/5.4.0/avr6/libgcc.a(_ctors.o)
__cxa_deleted_virtual                             /ICESX/workSpaceC/IC/SmartCarPark/product/code/frontend/dev/SmartCarParkFront-Lib/ATMEGA_LIB/libSmartCarParkFront-Lib.a(abi.o)
__cxa_pure_virtual                                /ICESX/workSpaceC/IC/SmartCarPark/product/code/frontend/dev/SmartCarParkFront-Lib/ATMEGA_LIB/libSmartCarParkFront-Lib.a(abi.o)
                                                  /ICESX/workSpaceC/IC/SmartCarPark/product/code/frontend/dev/SmartCarParkFront-Lib/ATMEGA_LIB/libSmartCarParkFront-Lib.a(Print.o)
__data_end                                        /usr/lib/gcc/avr/5.4.0/avr6/libgcc.a(_copy_data.o)
__data_load_start                                 /usr/lib/gcc/avr/5.4.0/avr6/libgcc.a(_copy_data.o)
__data_start                                      /usr/lib/gcc/avr/5.4.0/avr6/libgcc.a(_copy_data.o)
__divmodsi4                                       /usr/lib/gcc/avr/5.4.0/avr6/libgcc.a(_divmodsi4.o)
                                                  /usr/lib/gcc/avr/5.4.0/../../../avr/lib/avr6/libc.a(random.o)
                                                  /ICESX/workSpaceC/IC/SmartCarPark/product/code/frontend/dev/SmartCarParkFront-Lib/ATMEGA_LIB/libSmartCarParkFront-Lib.a(WMath.o)
__divsf3                                          /usr/lib/gcc/avr/5.4.0/../../../avr/lib/avr6/libm.a(divsf3.o)
                                                  /ICESX/workSpaceC/IC/SmartCarPark/product/code/frontend/dev/SmartCarParkFront-Lib/ATMEGA_LIB/libSmartCarParkFront-Lib.a(Print.o)
                                                  ./ultrasonic/Ultrasonic.o
__divsf3_pse                                      /usr/lib/gcc/avr/5.4.0/../../../avr/lib/avr6/libm.a(divsf3x.o)
__divsf3x                                         /usr/lib/gcc/avr/5.4.0/../../../avr/lib/avr6/libm.a(divsf3x.o)
                                                  /usr/lib/gcc/avr/5.4.0/../../../avr/lib/avr6/libm.a(divsf3.o)
__do_clear_bss                                    /usr/lib/gcc/avr/5.4.0/avr6/libgcc.a(_clear_bss.o)
                                                  /ICESX/workSpaceC/IC/SmartCarPark/product/code/frontend/dev/SmartCarParkFront-Lib/ATMEGA_LIB/libSmartCarParkFront-Lib.a(Servo.o)
                                                  /ICESX/workSpaceC/IC/SmartCarPark/product/code/frontend/dev/SmartCarParkFront-Lib/ATMEGA_LIB/libSmartCarParkFront-Lib.a(wiring.o)
                                                  /ICESX/workSpaceC/IC/SmartCarPark/product/code/frontend/dev/SmartCarParkFront-Lib/ATMEGA_LIB/libSmartCarParkFront-Lib.a(WInterrupts.o)
                                                  /ICESX/workSpaceC/IC/SmartCarPark/product/code/frontend/dev/SmartCarParkFront-Lib/ATMEGA_LIB/libSmartCarParkFront-Lib.a(HardwareSerial0.o)
                                                  ./AFMotor/AFMotor.o
                                                  ./src/NewRainSmartCar.o
__do_copy_data                                    /usr/lib/gcc/avr/5.4.0/avr6/libgcc.a(_copy_data.o)
                                                  /usr/lib/gcc/avr/5.4.0/../../../avr/lib/avr6/libc.a(random.o)
                                                  /ICESX/workSpaceC/IC/SmartCarPark/product/code/frontend/dev/SmartCarParkFront-Lib/ATMEGA_LIB/libSmartCarParkFront-Lib.a(Print.o)
                                                  /ICESX/workSpaceC/IC/SmartCarPark/product/code/frontend/dev/SmartCarParkFront-Lib/ATMEGA_LIB/libSmartCarParkFront-Lib.a(HardwareSerial.o)
                                                  ./AFMotor/AFMotor.o
                                                  ./src/NewRainSmartCar.o
__do_global_ctors                                 /usr/lib/gcc/avr/5.4.0/avr6/libgcc.a(_ctors.o)
                                                  /ICESX/workSpaceC/IC/SmartCarPark/product/code/frontend/dev/SmartCarParkFront-Lib/ATMEGA_LIB/libSmartCarParkFront-Lib.a(HardwareSerial0.o)
                                                  ./src/NewRainSmartCar.o
__eqsf2                                           /usr/lib/gcc/avr/5.4.0/../../../avr/lib/avr6/libm.a(cmpsf2.o)
__fixsfsi                                         /usr/lib/gcc/avr/5.4.0/../../../avr/lib/avr6/libm.a(fixsfsi.o)
                                                  /ICESX/workSpaceC/IC/SmartCarPark/product/code/frontend/dev/SmartCarParkFront-Lib/ATMEGA_LIB/libSmartCarParkFront-Lib.a(Print.o)
                                                  ./ultrasonic/Ultrasonic.o
__fixunssfsi                                      /usr/lib/gcc/avr/5.4.0/../../../avr/lib/avr6/libm.a(fixunssfsi.o)
                                                  /usr/lib/gcc/avr/5.4.0/../../../avr/lib/avr6/libm.a(fixsfsi.o)
                                                  /ICESX/workSpaceC/IC/SmartCarPark/product/code/frontend/dev/SmartCarParkFront-Lib/ATMEGA_LIB/libSmartCarParkFront-Lib.a(Print.o)
__floatsisf                                       /usr/lib/gcc/avr/5.4.0/../../../avr/lib/avr6/libm.a(floatsisf.o)
                                                  /ICESX/workSpaceC/IC/SmartCarPark/product/code/frontend/dev/SmartCarParkFront-Lib/ATMEGA_LIB/libSmartCarParkFront-Lib.a(Print.o)
                                                  ./ultrasonic/Ultrasonic.o
__floatunsisf                                     /usr/lib/gcc/avr/5.4.0/../../../avr/lib/avr6/libm.a(floatsisf.o)
                                                  /ICESX/workSpaceC/IC/SmartCarPark/product/code/frontend/dev/SmartCarParkFront-Lib/ATMEGA_LIB/libSmartCarParkFront-Lib.a(Print.o)
                                                  ./ultrasonic/Ultrasonic.o
__fp_cmp                                          /usr/lib/gcc/avr/5.4.0/../../../avr/lib/avr6/libm.a(fp_cmp.o)
                                                  /usr/lib/gcc/avr/5.4.0/../../../avr/lib/avr6/libm.a(unordsf2.o)
                                                  /usr/lib/gcc/avr/5.4.0/../../../avr/lib/avr6/libm.a(gesf2.o)
                                                  /usr/lib/gcc/avr/5.4.0/../../../avr/lib/avr6/libm.a(cmpsf2.o)
__fp_inf                                          /usr/lib/gcc/avr/5.4.0/../../../avr/lib/avr6/libm.a(fp_inf.o)
                                                  /usr/lib/gcc/avr/5.4.0/../../../avr/lib/avr6/libm.a(mulsf3x.o)
                                                  /usr/lib/gcc/avr/5.4.0/../../../avr/lib/avr6/libm.a(divsf3x.o)
                                                  /usr/lib/gcc/avr/5.4.0/../../../avr/lib/avr6/libm.a(addsf3x.o)
__fp_nan                                          /usr/lib/gcc/avr/5.4.0/../../../avr/lib/avr6/libm.a(fp_nan.o)
                                                  /usr/lib/gcc/avr/5.4.0/../../../avr/lib/avr6/libm.a(mulsf3x.o)
                                                  /usr/lib/gcc/avr/5.4.0/../../../avr/lib/avr6/libm.a(divsf3x.o)
                                                  /usr/lib/gcc/avr/5.4.0/../../../avr/lib/avr6/libm.a(addsf3x.o)
__fp_pscA                                         /usr/lib/gcc/avr/5.4.0/../../../avr/lib/avr6/libm.a(fp_pscA.o)
                                                  /usr/lib/gcc/avr/5.4.0/../../../avr/lib/avr6/libm.a(mulsf3x.o)
                                                  /usr/lib/gcc/avr/5.4.0/../../../avr/lib/avr6/libm.a(divsf3x.o)
                                                  /usr/lib/gcc/avr/5.4.0/../../../avr/lib/avr6/libm.a(addsf3x.o)
__fp_pscB                                         /usr/lib/gcc/avr/5.4.0/../../../avr/lib/avr6/libm.a(fp_pscB.o)
                                                  /usr/lib/gcc/avr/5.4.0/../../../avr/lib/avr6/libm.a(mulsf3x.o)
                                                  /usr/lib/gcc/avr/5.4.0/../../../avr/lib/avr6/libm.a(divsf3x.o)
                                                  /usr/lib/gcc/avr/5.4.0/../../../avr/lib/avr6/libm.a(addsf3x.o)
__fp_round                                        /usr/lib/gcc/avr/5.4.0/../../../avr/lib/avr6/libm.a(fp_round.o)
                                                  /usr/lib/gcc/avr/5.4.0/../../../avr/lib/avr6/libm.a(mulsf3.o)
                                                  /usr/lib/gcc/avr/5.4.0/../../../avr/lib/avr6/libm.a(divsf3.o)
                                                  /usr/lib/gcc/avr/5.4.0/../../../avr/lib/avr6/libm.a(addsf3.o)
__fp_split3                                       /usr/lib/gcc/avr/5.4.0/../../../avr/lib/avr6/libm.a(fp_split3.o)
                                                  /usr/lib/gcc/avr/5.4.0/../../../avr/lib/avr6/libm.a(mulsf3x.o)
                                                  /usr/lib/gcc/avr/5.4.0/../../../avr/lib/avr6/libm.a(divsf3x.o)
                                                  /usr/lib/gcc/avr/5.4.0/../../../avr/lib/avr6/libm.a(addsf3x.o)
__fp_splitA                                       /usr/lib/gcc/avr/5.4.0/../../../avr/lib/avr6/libm.a(fp_split3.o)
                                                  /usr/lib/gcc/avr/5.4.0/../../../avr/lib/avr6/libm.a(fixunssfsi.o)
__fp_szero                                        /usr/lib/gcc/avr/5.4.0/../../../avr/lib/avr6/libm.a(fp_zero.o)
                                                  /usr/lib/gcc/avr/5.4.0/../../../avr/lib/avr6/libm.a(mulsf3x.o)
                                                  /usr/lib/gcc/avr/5.4.0/../../../avr/lib/avr6/libm.a(fixsfsi.o)
                                                  /usr/lib/gcc/avr/5.4.0/../../../avr/lib/avr6/libm.a(divsf3x.o)
__fp_zero                                         /usr/lib/gcc/avr/5.4.0/../../../avr/lib/avr6/libm.a(fp_zero.o)
                                                  /usr/lib/gcc/avr/5.4.0/../../../avr/lib/avr6/libm.a(fixunssfsi.o)
                                                  /usr/lib/gcc/avr/5.4.0/../../../avr/lib/avr6/libm.a(addsf3x.o)
__gesf2                                           /usr/lib/gcc/avr/5.4.0/../../../avr/lib/avr6/libm.a(gesf2.o)
__gtsf2                                           /usr/lib/gcc/avr/5.4.0/../../../avr/lib/avr6/libm.a(gesf2.o)
                                                  /ICESX/workSpaceC/IC/SmartCarPark/product/code/frontend/dev/SmartCarParkFront-Lib/ATMEGA_LIB/libSmartCarParkFront-Lib.a(Print.o)
__heap_end                                        /usr/lib/gcc/avr/5.4.0/../../../avr/lib/avr6/crtatmega2560.o
__init                                            /usr/lib/gcc/avr/5.4.0/../../../avr/lib/avr6/crtatmega2560.o
__lesf2                                           /usr/lib/gcc/avr/5.4.0/../../../avr/lib/avr6/libm.a(cmpsf2.o)
                                                  /ICESX/workSpaceC/IC/SmartCarPark/product/code/frontend/dev/SmartCarParkFront-Lib/ATMEGA_LIB/libSmartCarParkFront-Lib.a(Print.o)
__ltsf2                                           /usr/lib/gcc/avr/5.4.0/../../../avr/lib/avr6/libm.a(cmpsf2.o)
                                                  /ICESX/workSpaceC/IC/SmartCarPark/product/code/frontend/dev/SmartCarParkFront-Lib/ATMEGA_LIB/libSmartCarParkFront-Lib.a(Print.o)
__mulohisi3                                       /usr/lib/gcc/avr/5.4.0/avr6/libgcc.a(_mulshisi3.o)
                                                  /usr/lib/gcc/avr/5.4.0/../../../avr/lib/avr6/libc.a(random.o)
__mulsf3                                          /usr/lib/gcc/avr/5.4.0/../../../avr/lib/avr6/libm.a(mulsf3.o)
                                                  /ICESX/workSpaceC/IC/SmartCarPark/product/code/frontend/dev/SmartCarParkFront-Lib/ATMEGA_LIB/libSmartCarParkFront-Lib.a(Print.o)
                                                  ./ultrasonic/Ultrasonic.o
__mulsf3_pse                                      /usr/lib/gcc/avr/5.4.0/../../../avr/lib/avr6/libm.a(mulsf3x.o)
__mulsf3x                                         /usr/lib/gcc/avr/5.4.0/../../../avr/lib/avr6/libm.a(mulsf3x.o)
                                                  /usr/lib/gcc/avr/5.4.0/../../../avr/lib/avr6/libm.a(mulsf3.o)
__mulshisi3                                       /usr/lib/gcc/avr/5.4.0/avr6/libgcc.a(_mulshisi3.o)
__mulsi3                                          /usr/lib/gcc/avr/5.4.0/avr6/libgcc.a(_mulsi3.o)
                                                  /ICESX/workSpaceC/IC/SmartCarPark/product/code/frontend/dev/SmartCarParkFront-Lib/ATMEGA_LIB/libSmartCarParkFront-Lib.a(WMath.o)
__muluhisi3                                       /usr/lib/gcc/avr/5.4.0/avr6/libgcc.a(_muluhisi3.o)
                                                  /usr/lib/gcc/avr/5.4.0/avr6/libgcc.a(_mulshisi3.o)
                                                  /usr/lib/gcc/avr/5.4.0/../../../avr/lib/avr6/libc.a(random.o)
                                                  /usr/lib/gcc/avr/5.4.0/avr6/libgcc.a(_mulsi3.o)
__negsi2                                          /usr/lib/gcc/avr/5.4.0/avr6/libgcc.a(_negsi2.o)
                                                  /usr/lib/gcc/avr/5.4.0/avr6/libgcc.a(_divmodsi4.o)
__nesf2                                           /usr/lib/gcc/avr/5.4.0/../../../avr/lib/avr6/libm.a(cmpsf2.o)
__stack                                           /usr/lib/gcc/avr/5.4.0/../../../avr/lib/avr6/crtatmega2560.o
__subsf3                                          /usr/lib/gcc/avr/5.4.0/../../../avr/lib/avr6/libm.a(addsf3.o)
                                                  /ICESX/workSpaceC/IC/SmartCarPark/product/code/frontend/dev/SmartCarParkFront-Lib/ATMEGA_LIB/libSmartCarParkFront-Lib.a(Print.o)
__tablejump2__                                    /usr/lib/gcc/avr/5.4.0/avr6/libgcc.a(_tablejump2.o)
                                                  /usr/lib/gcc/avr/5.4.0/avr6/libgcc.a(_ctors.o)
                                                  /ICESX/workSpaceC/IC/SmartCarPark/product/code/frontend/dev/SmartCarParkFront-Lib/ATMEGA_LIB/libSmartCarParkFront-Lib.a(wiring_digital.o)
                                                  /ICESX/workSpaceC/IC/SmartCarPark/product/code/frontend/dev/SmartCarParkFront-Lib/ATMEGA_LIB/libSmartCarParkFront-Lib.a(WInterrupts.o)
                                                  ./AFMotor/AFMotor.o
__udivmodqi4                                      /usr/lib/gcc/avr/5.4.0/avr6/libgcc.a(_udivmodqi4.o)
                                                  /ICESX/workSpaceC/IC/SmartCarPark/product/code/frontend/dev/SmartCarParkFront-Lib/ATMEGA_LIB/libSmartCarParkFront-Lib.a(Servo.o)
__udivmodsi4                                      /usr/lib/gcc/avr/5.4.0/avr6/libgcc.a(_udivmodsi4.o)
                                                  /usr/lib/gcc/avr/5.4.0/avr6/libgcc.a(_divmodsi4.o)
                                                  /ICESX/workSpaceC/IC/SmartCarPark/product/code/frontend/dev/SmartCarParkFront-Lib/ATMEGA_LIB/libSmartCarParkFront-Lib.a(Print.o)
                                                  /ICESX/workSpaceC/IC/SmartCarPark/product/code/frontend/dev/SmartCarParkFront-Lib/ATMEGA_LIB/libSmartCarParkFront-Lib.a(HardwareSerial.o)
                                                  ./AFMotor/AFMotor.o
__umulhisi3                                       /usr/lib/gcc/avr/5.4.0/avr6/libgcc.a(_umulhisi3.o)
                                                  /usr/lib/gcc/avr/5.4.0/avr6/libgcc.a(_muluhisi3.o)
                                                  ./AFMotor/AFMotor.o
__unordsf2                                        /usr/lib/gcc/avr/5.4.0/../../../avr/lib/avr6/libm.a(unordsf2.o)
                                                  /ICESX/workSpaceC/IC/SmartCarPark/product/code/frontend/dev/SmartCarParkFront-Lib/ATMEGA_LIB/libSmartCarParkFront-Lib.a(Print.o)
__vector_1                                        /ICESX/workSpaceC/IC/SmartCarPark/product/code/frontend/dev/SmartCarParkFront-Lib/ATMEGA_LIB/libSmartCarParkFront-Lib.a(WInterrupts.o)
                                                  /usr/lib/gcc/avr/5.4.0/../../../avr/lib/avr6/crtatmega2560.o
__vector_10                                       /usr/lib/gcc/avr/5.4.0/../../../avr/lib/avr6/crtatmega2560.o
__vector_11                                       /usr/lib/gcc/avr/5.4.0/../../../avr/lib/avr6/crtatmega2560.o
__vector_12                                       /usr/lib/gcc/avr/5.4.0/../../../avr/lib/avr6/crtatmega2560.o
__vector_13                                       /usr/lib/gcc/avr/5.4.0/../../../avr/lib/avr6/crtatmega2560.o
__vector_14                                       /usr/lib/gcc/avr/5.4.0/../../../avr/lib/avr6/crtatmega2560.o
__vector_15                                       /usr/lib/gcc/avr/5.4.0/../../../avr/lib/avr6/crtatmega2560.o
__vector_16                                       /usr/lib/gcc/avr/5.4.0/../../../avr/lib/avr6/crtatmega2560.o
__vector_17                                       /ICESX/workSpaceC/IC/SmartCarPark/product/code/frontend/dev/SmartCarParkFront-Lib/ATMEGA_LIB/libSmartCarParkFront-Lib.a(Servo.o)
                                                  /usr/lib/gcc/avr/5.4.0/../../../avr/lib/avr6/crtatmega2560.o
__vector_18                                       /usr/lib/gcc/avr/5.4.0/../../../avr/lib/avr6/crtatmega2560.o
__vector_19                                       /usr/lib/gcc/avr/5.4.0/../../../avr/lib/avr6/crtatmega2560.o
__vector_2                                        /ICESX/workSpaceC/IC/SmartCarPark/product/code/frontend/dev/SmartCarParkFront-Lib/ATMEGA_LIB/libSmartCarParkFront-Lib.a(WInterrupts.o)
                                                  /usr/lib/gcc/avr/5.4.0/../../../avr/lib/avr6/crtatmega2560.o
__vector_20                                       /usr/lib/gcc/avr/5.4.0/../../../avr/lib/avr6/crtatmega2560.o
__vector_21                                       /usr/lib/gcc/avr/5.4.0/../../../avr/lib/avr6/crtatmega2560.o
__vector_22                                       /usr/lib/gcc/avr/5.4.0/../../../avr/lib/avr6/crtatmega2560.o
__vector_23                                       /ICESX/workSpaceC/IC/SmartCarPark/product/code/frontend/dev/SmartCarParkFront-Lib/ATMEGA_LIB/libSmartCarParkFront-Lib.a(wiring.o)
                                                  /usr/lib/gcc/avr/5.4.0/../../../avr/lib/avr6/crtatmega2560.o
__vector_24                                       /usr/lib/gcc/avr/5.4.0/../../../avr/lib/avr6/crtatmega2560.o
__vector_25                                       /ICESX/workSpaceC/IC/SmartCarPark/product/code/frontend/dev/SmartCarParkFront-Lib/ATMEGA_LIB/libSmartCarParkFront-Lib.a(HardwareSerial0.o)
                                                  /usr/lib/gcc/avr/5.4.0/../../../avr/lib/avr6/crtatmega2560.o
__vector_26                                       /ICESX/workSpaceC/IC/SmartCarPark/product/code/frontend/dev/SmartCarParkFront-Lib/ATMEGA_LIB/libSmartCarParkFront-Lib.a(HardwareSerial0.o)
                                                  /usr/lib/gcc/avr/5.4.0/../../../avr/lib/avr6/crtatmega2560.o
__vector_27                                       /usr/lib/gcc/avr/5.4.0/../../../avr/lib/avr6/crtatmega2560.o
__vector_28                                       /usr/lib/gcc/avr/5.4.0/../../../avr/lib/avr6/crtatmega2560.o
__vector_29                                       /usr/lib/gcc/avr/5.4.0/../../../avr/lib/avr6/crtatmega2560.o
__vector_3                                        /ICESX/workSpaceC/IC/SmartCarPark/product/code/frontend/dev/SmartCarParkFront-Lib/ATMEGA_LIB/libSmartCarParkFront-Lib.a(WInterrupts.o)
                                                  /usr/lib/gcc/avr/5.4.0/../../../avr/lib/avr6/crtatmega2560.o
__vector_30                                       /usr/lib/gcc/avr/5.4.0/../../../avr/lib/avr6/crtatmega2560.o
__vector_31                                       /usr/lib/gcc/avr/5.4.0/../../../avr/lib/avr6/crtatmega2560.o
__vector_32                                       /ICESX/workSpaceC/IC/SmartCarPark/product/code/frontend/dev/SmartCarParkFront-Lib/ATMEGA_LIB/libSmartCarParkFront-Lib.a(Servo.o)
                                                  /usr/lib/gcc/avr/5.4.0/../../../avr/lib/avr6/crtatmega2560.o
__vector_33                                       /usr/lib/gcc/avr/5.4.0/../../../avr/lib/avr6/crtatmega2560.o
__vector_34                                       /usr/lib/gcc/avr/5.4.0/../../../avr/lib/avr6/crtatmega2560.o
__vector_35                                       /usr/lib/gcc/avr/5.4.0/../../../avr/lib/avr6/crtatmega2560.o
__vector_36                                       /usr/lib/gcc/avr/5.4.0/../../../avr/lib/avr6/crtatmega2560.o
__vector_37                                       /usr/lib/gcc/avr/5.4.0/../../../avr/lib/avr6/crtatmega2560.o
__vector_38                                       /usr/lib/gcc/avr/5.4.0/../../../avr/lib/avr6/crtatmega2560.o
__vector_39                                       /usr/lib/gcc/avr/5.4.0/../../../avr/lib/avr6/crtatmega2560.o
__vector_4                                        /ICESX/workSpaceC/IC/SmartCarPark/product/code/frontend/dev/SmartCarParkFront-Lib/ATMEGA_LIB/libSmartCarParkFront-Lib.a(WInterrupts.o)
                                                  /usr/lib/gcc/avr/5.4.0/../../../avr/lib/avr6/crtatmega2560.o
__vector_40                                       /usr/lib/gcc/avr/5.4.0/../../../avr/lib/avr6/crtatmega2560.o
__vector_41                                       /usr/lib/gcc/avr/5.4.0/../../../avr/lib/avr6/crtatmega2560.o
__vector_42                                       /ICESX/workSpaceC/IC/SmartCarPark/product/code/frontend/dev/SmartCarParkFront-Lib/ATMEGA_LIB/libSmartCarParkFront-Lib.a(Servo.o)
                                                  /usr/lib/gcc/avr/5.4.0/../../../avr/lib/avr6/crtatmega2560.o
__vector_43                                       /usr/lib/gcc/avr/5.4.0/../../../avr/lib/avr6/crtatmega2560.o
__vector_44                                       /usr/lib/gcc/avr/5.4.0/../../../avr/lib/avr6/crtatmega2560.o
__vector_45                                       /usr/lib/gcc/avr/5.4.0/../../../avr/lib/avr6/crtatmega2560.o
__vector_46                                       /usr/lib/gcc/avr/5.4.0/../../../avr/lib/avr6/crtatmega2560.o
__vector_47                                       /ICESX/workSpaceC/IC/SmartCarPark/product/code/frontend/dev/SmartCarParkFront-Lib/ATMEGA_LIB/libSmartCarParkFront-Lib.a(Servo.o)
                                                  /usr/lib/gcc/avr/5.4.0/../../../avr/lib/avr6/crtatmega2560.o
__vector_48                                       /usr/lib/gcc/avr/5.4.0/../../../avr/lib/avr6/crtatmega2560.o
__vector_49                                       /usr/lib/gcc/avr/5.4.0/../../../avr/lib/avr6/crtatmega2560.o
__vector_5                                        /ICESX/workSpaceC/IC/SmartCarPark/product/code/frontend/dev/SmartCarParkFront-Lib/ATMEGA_LIB/libSmartCarParkFront-Lib.a(WInterrupts.o)
                                                  /usr/lib/gcc/avr/5.4.0/../../../avr/lib/avr6/crtatmega2560.o
__vector_50                                       /usr/lib/gcc/avr/5.4.0/../../../avr/lib/avr6/crtatmega2560.o
__vector_51                                       /usr/lib/gcc/avr/5.4.0/../../../avr/lib/avr6/crtatmega2560.o
__vector_52                                       /usr/lib/gcc/avr/5.4.0/../../../avr/lib/avr6/crtatmega2560.o
__vector_53                                       /usr/lib/gcc/avr/5.4.0/../../../avr/lib/avr6/crtatmega2560.o
__vector_54                                       /usr/lib/gcc/avr/5.4.0/../../../avr/lib/avr6/crtatmega2560.o
__vector_55                                       /usr/lib/gcc/avr/5.4.0/../../../avr/lib/avr6/crtatmega2560.o
__vector_56                                       /usr/lib/gcc/avr/5.4.0/../../../avr/lib/avr6/crtatmega2560.o
__vector_6                                        /ICESX/workSpaceC/IC/SmartCarPark/product/code/frontend/dev/SmartCarParkFront-Lib/ATMEGA_LIB/libSmartCarParkFront-Lib.a(WInterrupts.o)
                                                  /usr/lib/gcc/avr/5.4.0/../../../avr/lib/avr6/crtatmega2560.o
__vector_7                                        /ICESX/workSpaceC/IC/SmartCarPark/product/code/frontend/dev/SmartCarParkFront-Lib/ATMEGA_LIB/libSmartCarParkFront-Lib.a(WInterrupts.o)
                                                  /usr/lib/gcc/avr/5.4.0/../../../avr/lib/avr6/crtatmega2560.o
__vector_8                                        /ICESX/workSpaceC/IC/SmartCarPark/product/code/frontend/dev/SmartCarParkFront-Lib/ATMEGA_LIB/libSmartCarParkFront-Lib.a(WInterrupts.o)
                                                  /usr/lib/gcc/avr/5.4.0/../../../avr/lib/avr6/crtatmega2560.o
__vector_9                                        /usr/lib/gcc/avr/5.4.0/../../../avr/lib/avr6/crtatmega2560.o
__vector_default                                  /usr/lib/gcc/avr/5.4.0/../../../avr/lib/avr6/crtatmega2560.o
__vectors                                         /usr/lib/gcc/avr/5.4.0/../../../avr/lib/avr6/crtatmega2560.o
_exit                                             /usr/lib/gcc/avr/5.4.0/avr6/libgcc.a(_exit.o)
                                                  /usr/lib/gcc/avr/5.4.0/../../../avr/lib/avr6/libc.a(abort.o)
abort                                             /usr/lib/gcc/avr/5.4.0/../../../avr/lib/avr6/libc.a(abort.o)
                                                  /ICESX/workSpaceC/IC/SmartCarPark/product/code/frontend/dev/SmartCarParkFront-Lib/ATMEGA_LIB/libSmartCarParkFront-Lib.a(abi.o)
atexit                                            /ICESX/workSpaceC/IC/SmartCarPark/product/code/frontend/dev/SmartCarParkFront-Lib/ATMEGA_LIB/libSmartCarParkFront-Lib.a(main.o)
attachInterrupt                                   /ICESX/workSpaceC/IC/SmartCarPark/product/code/frontend/dev/SmartCarParkFront-Lib/ATMEGA_LIB/libSmartCarParkFront-Lib.a(WInterrupts.o)
                                                  ./src/NewRainSmartCar.o
countPulseASM                                     /ICESX/workSpaceC/IC/SmartCarPark/product/code/frontend/dev/SmartCarParkFront-Lib/ATMEGA_LIB/libSmartCarParkFront-Lib.a(wiring_pulse.s.o)
                                                  /ICESX/workSpaceC/IC/SmartCarPark/product/code/frontend/dev/SmartCarParkFront-Lib/ATMEGA_LIB/libSmartCarParkFront-Lib.a(wiring_pulse.o)
delay                                             /ICESX/workSpaceC/IC/SmartCarPark/product/code/frontend/dev/SmartCarParkFront-Lib/ATMEGA_LIB/libSmartCarParkFront-Lib.a(wiring.o)
                                                  ./AFMotor/AFMotor.o
                                                  ./src/NewRainSmartCar.o
delayMicroseconds                                 /ICESX/workSpaceC/IC/SmartCarPark/product/code/frontend/dev/SmartCarParkFront-Lib/ATMEGA_LIB/libSmartCarParkFront-Lib.a(wiring.o)
                                                  ./ultrasonic/Ultrasonic.o
detachInterrupt                                   /ICESX/workSpaceC/IC/SmartCarPark/product/code/frontend/dev/SmartCarParkFront-Lib/ATMEGA_LIB/libSmartCarParkFront-Lib.a(WInterrupts.o)
digitalRead                                       /ICESX/workSpaceC/IC/SmartCarPark/product/code/frontend/dev/SmartCarParkFront-Lib/ATMEGA_LIB/libSmartCarParkFront-Lib.a(wiring_digital.o)
digitalWrite                                      /ICESX/workSpaceC/IC/SmartCarPark/product/code/frontend/dev/SmartCarParkFront-Lib/ATMEGA_LIB/libSmartCarParkFront-Lib.a(wiring_digital.o)
                                                  /ICESX/workSpaceC/IC/SmartCarPark/product/code/frontend/dev/SmartCarParkFront-Lib/ATMEGA_LIB/libSmartCarParkFront-Lib.a(Servo.o)
                                                  ./AFMotor/AFMotor.o
                                                  ./ultrasonic/Ultrasonic.o
digital_pin_to_bit_mask_PGM                       /ICESX/workSpaceC/IC/SmartCarPark/product/code/frontend/dev/SmartCarParkFront-Lib/ATMEGA_LIB/libSmartCarParkFront-Lib.a(wiring_digital.o)
                                                  /ICESX/workSpaceC/IC/SmartCarPark/product/code/frontend/dev/SmartCarParkFront-Lib/ATMEGA_LIB/libSmartCarParkFront-Lib.a(wiring_pulse.o)
digital_pin_to_port_PGM                           /ICESX/workSpaceC/IC/SmartCarPark/product/code/frontend/dev/SmartCarParkFront-Lib/ATMEGA_LIB/libSmartCarParkFront-Lib.a(wiring_digital.o)
                                                  /ICESX/workSpaceC/IC/SmartCarPark/product/code/frontend/dev/SmartCarParkFront-Lib/ATMEGA_LIB/libSmartCarParkFront-Lib.a(wiring_pulse.o)
digital_pin_to_timer_PGM                          /ICESX/workSpaceC/IC/SmartCarPark/product/code/frontend/dev/SmartCarParkFront-Lib/ATMEGA_LIB/libSmartCarParkFront-Lib.a(wiring_digital.o)
distance                                          ./src/NewRainSmartCar.o
exit                                              /usr/lib/gcc/avr/5.4.0/avr6/libgcc.a(_exit.o)
                                                  /usr/lib/gcc/avr/5.4.0/../../../avr/lib/avr6/crtatmega2560.o
init                                              /ICESX/workSpaceC/IC/SmartCarPark/product/code/frontend/dev/SmartCarParkFront-Lib/ATMEGA_LIB/libSmartCarParkFront-Lib.a(wiring.o)
                                                  /ICESX/workSpaceC/IC/SmartCarPark/product/code/frontend/dev/SmartCarParkFront-Lib/ATMEGA_LIB/libSmartCarParkFront-Lib.a(main.o)
initVariant                                       /ICESX/workSpaceC/IC/SmartCarPark/product/code/frontend/dev/SmartCarParkFront-Lib/ATMEGA_LIB/libSmartCarParkFront-Lib.a(main.o)
loop                                              ./src/NewRainSmartCar.o
                                                  /ICESX/workSpaceC/IC/SmartCarPark/product/code/frontend/dev/SmartCarParkFront-Lib/ATMEGA_LIB/libSmartCarParkFront-Lib.a(main.o)
main                                              /ICESX/workSpaceC/IC/SmartCarPark/product/code/frontend/dev/SmartCarParkFront-Lib/ATMEGA_LIB/libSmartCarParkFront-Lib.a(main.o)
                                                  /usr/lib/gcc/avr/5.4.0/../../../avr/lib/avr6/crtatmega2560.o
micros                                            /ICESX/workSpaceC/IC/SmartCarPark/product/code/frontend/dev/SmartCarParkFront-Lib/ATMEGA_LIB/libSmartCarParkFront-Lib.a(wiring.o)
                                                  /ICESX/workSpaceC/IC/SmartCarPark/product/code/frontend/dev/SmartCarParkFront-Lib/ATMEGA_LIB/libSmartCarParkFront-Lib.a(wiring_pulse.o)
microstepcurve                                    ./AFMotor/AFMotor.o
millis                                            /ICESX/workSpaceC/IC/SmartCarPark/product/code/frontend/dev/SmartCarParkFront-Lib/ATMEGA_LIB/libSmartCarParkFront-Lib.a(wiring.o)
motor_l                                           ./src/NewRainSmartCar.o
motor_r                                           ./src/NewRainSmartCar.o
myservo                                           ./src/NewRainSmartCar.o
pinMode                                           /ICESX/workSpaceC/IC/SmartCarPark/product/code/frontend/dev/SmartCarParkFront-Lib/ATMEGA_LIB/libSmartCarParkFront-Lib.a(wiring_digital.o)
                                                  /ICESX/workSpaceC/IC/SmartCarPark/product/code/frontend/dev/SmartCarParkFront-Lib/ATMEGA_LIB/libSmartCarParkFront-Lib.a(Servo.o)
                                                  ./AFMotor/AFMotor.o
port_to_input_PGM                                 /ICESX/workSpaceC/IC/SmartCarPark/product/code/frontend/dev/SmartCarParkFront-Lib/ATMEGA_LIB/libSmartCarParkFront-Lib.a(wiring_digital.o)
                                                  /ICESX/workSpaceC/IC/SmartCarPark/product/code/frontend/dev/SmartCarParkFront-Lib/ATMEGA_LIB/libSmartCarParkFront-Lib.a(wiring_pulse.o)
port_to_mode_PGM                                  /ICESX/workSpaceC/IC/SmartCarPark/product/code/frontend/dev/SmartCarParkFront-Lib/ATMEGA_LIB/libSmartCarParkFront-Lib.a(wiring_digital.o)
port_to_output_PGM                                /ICESX/workSpaceC/IC/SmartCarPark/product/code/frontend/dev/SmartCarParkFront-Lib/ATMEGA_LIB/libSmartCarParkFront-Lib.a(wiring_digital.o)
pulseIn                                           /ICESX/workSpaceC/IC/SmartCarPark/product/code/frontend/dev/SmartCarParkFront-Lib/ATMEGA_LIB/libSmartCarParkFront-Lib.a(wiring_pulse.o)
                                                  ./ultrasonic/Ultrasonic.o
pulseInLong                                       /ICESX/workSpaceC/IC/SmartCarPark/product/code/frontend/dev/SmartCarParkFront-Lib/ATMEGA_LIB/libSmartCarParkFront-Lib.a(wiring_pulse.o)
random                                            /usr/lib/gcc/avr/5.4.0/../../../avr/lib/avr6/libc.a(random.o)
                                                  /ICESX/workSpaceC/IC/SmartCarPark/product/code/frontend/dev/SmartCarParkFront-Lib/ATMEGA_LIB/libSmartCarParkFront-Lib.a(WMath.o)
random_r                                          /usr/lib/gcc/avr/5.4.0/../../../avr/lib/avr6/libc.a(random.o)
setup                                             ./src/NewRainSmartCar.o
                                                  /ICESX/workSpaceC/IC/SmartCarPark/product/code/frontend/dev/SmartCarParkFront-Lib/ATMEGA_LIB/libSmartCarParkFront-Lib.a(main.o)
srandom                                           /usr/lib/gcc/avr/5.4.0/../../../avr/lib/avr6/libc.a(random.o)
                                                  /ICESX/workSpaceC/IC/SmartCarPark/product/code/frontend/dev/SmartCarParkFront-Lib/ATMEGA_LIB/libSmartCarParkFront-Lib.a(WMath.o)
stepcounter_l                                     ./src/NewRainSmartCar.o