Archive member included to satisfy reference by file (symbol)

/usr/lib/gcc/arm-none-eabi/6.3.1/thumb/v7-m/libgcc.a(_arm_addsubdf3.o)
                              ./src/gpio_lib_c/wiringPi/max31855.o (__aeabi_dadd)
/usr/lib/gcc/arm-none-eabi/6.3.1/thumb/v7-m/libgcc.a(_arm_muldivdf3.o)
                              ./src/gpio_lib_c/wiringPi/max31855.o (__aeabi_dmul)
/usr/lib/gcc/arm-none-eabi/6.3.1/thumb/v7-m/libgcc.a(_arm_fixdfsi.o)
                              ./src/gpio_lib_c/wiringPi/max31855.o (__aeabi_d2iz)

Allocating common symbols
Common symbol       size              file

wpMode              0x4               ./src/gpio_lib_c/gpio/gpio.o
lcds                0x20              ./src/gpio_lib_c/devLib/lcd.o

Discarded input sections

 .text          0x0000000000000000        0x0 /usr/lib/gcc/arm-none-eabi/6.3.1/thumb/v7-m/crti.o
 .data          0x0000000000000000        0x0 /usr/lib/gcc/arm-none-eabi/6.3.1/thumb/v7-m/crti.o
 .bss           0x0000000000000000        0x0 /usr/lib/gcc/arm-none-eabi/6.3.1/thumb/v7-m/crti.o
 .data          0x0000000000000000        0x4 /usr/lib/gcc/arm-none-eabi/6.3.1/thumb/v7-m/crtbegin.o
 .data          0x0000000000000000        0x0 /usr/lib/gcc/arm-none-eabi/6.3.1/../../../arm-none-eabi/lib/crt0.o
 .bss           0x0000000000000000        0x0 /usr/lib/gcc/arm-none-eabi/6.3.1/../../../arm-none-eabi/lib/crt0.o
 .ARM.extab     0x0000000000000000        0x0 /usr/lib/gcc/arm-none-eabi/6.3.1/../../../arm-none-eabi/lib/crt0.o
 .text          0x0000000000000000        0x0 ./src/gpio_lib_c/wiringPi/drcSerial.o
 .data          0x0000000000000000        0x0 ./src/gpio_lib_c/wiringPi/drcSerial.o
 .bss           0x0000000000000000        0x0 ./src/gpio_lib_c/wiringPi/drcSerial.o
 .text          0x0000000000000000        0x0 ./src/gpio_lib_c/wiringPi/max31855.o
 .data          0x0000000000000000        0x0 ./src/gpio_lib_c/wiringPi/max31855.o
 .bss           0x0000000000000000        0x0 ./src/gpio_lib_c/wiringPi/max31855.o
 .text          0x0000000000000000        0x0 ./src/gpio_lib_c/wiringPi/max5322.o
 .data          0x0000000000000000        0x0 ./src/gpio_lib_c/wiringPi/max5322.o
 .bss           0x0000000000000000        0x0 ./src/gpio_lib_c/wiringPi/max5322.o
 .text          0x0000000000000000        0x0 ./src/gpio_lib_c/wiringPi/mcp23008.o
 .data          0x0000000000000000        0x0 ./src/gpio_lib_c/wiringPi/mcp23008.o
 .bss           0x0000000000000000        0x0 ./src/gpio_lib_c/wiringPi/mcp23008.o
 .text          0x0000000000000000        0x0 ./src/gpio_lib_c/wiringPi/mcp23016.o
 .data          0x0000000000000000        0x0 ./src/gpio_lib_c/wiringPi/mcp23016.o
 .bss           0x0000000000000000        0x0 ./src/gpio_lib_c/wiringPi/mcp23016.o
 .text          0x0000000000000000        0x0 ./src/gpio_lib_c/wiringPi/mcp23017.o
 .data          0x0000000000000000        0x0 ./src/gpio_lib_c/wiringPi/mcp23017.o
 .bss           0x0000000000000000        0x0 ./src/gpio_lib_c/wiringPi/mcp23017.o
 .text          0x0000000000000000        0x0 ./src/gpio_lib_c/wiringPi/mcp23s08.o
 .data          0x0000000000000000        0x0 ./src/gpio_lib_c/wiringPi/mcp23s08.o
 .bss           0x0000000000000000        0x0 ./src/gpio_lib_c/wiringPi/mcp23s08.o
 .text          0x0000000000000000        0x0 ./src/gpio_lib_c/wiringPi/mcp23s17.o
 .data          0x0000000000000000        0x0 ./src/gpio_lib_c/wiringPi/mcp23s17.o
 .bss           0x0000000000000000        0x0 ./src/gpio_lib_c/wiringPi/mcp23s17.o
 .text          0x0000000000000000        0x0 ./src/gpio_lib_c/wiringPi/mcp3002.o
 .data          0x0000000000000000        0x0 ./src/gpio_lib_c/wiringPi/mcp3002.o
 .bss           0x0000000000000000        0x0 ./src/gpio_lib_c/wiringPi/mcp3002.o
 .text          0x0000000000000000        0x0 ./src/gpio_lib_c/wiringPi/mcp3004.o
 .data          0x0000000000000000        0x0 ./src/gpio_lib_c/wiringPi/mcp3004.o
 .bss           0x0000000000000000        0x0 ./src/gpio_lib_c/wiringPi/mcp3004.o
 .text          0x0000000000000000        0x0 ./src/gpio_lib_c/wiringPi/mcp3422.o
 .data          0x0000000000000000        0x0 ./src/gpio_lib_c/wiringPi/mcp3422.o
 .bss           0x0000000000000000        0x0 ./src/gpio_lib_c/wiringPi/mcp3422.o
 .text          0x0000000000000000        0x0 ./src/gpio_lib_c/wiringPi/mcp4802.o
 .data          0x0000000000000000        0x0 ./src/gpio_lib_c/wiringPi/mcp4802.o
 .bss           0x0000000000000000        0x0 ./src/gpio_lib_c/wiringPi/mcp4802.o
 .text          0x0000000000000000        0x0 ./src/gpio_lib_c/wiringPi/pcf8574.o
 .data          0x0000000000000000        0x0 ./src/gpio_lib_c/wiringPi/pcf8574.o
 .bss           0x0000000000000000        0x0 ./src/gpio_lib_c/wiringPi/pcf8574.o
 .text          0x0000000000000000        0x0 ./src/gpio_lib_c/wiringPi/pcf8591.o
 .data          0x0000000000000000        0x0 ./src/gpio_lib_c/wiringPi/pcf8591.o
 .bss           0x0000000000000000        0x0 ./src/gpio_lib_c/wiringPi/pcf8591.o
[...]
Memory Configuration

Name             Origin             Length             Attributes
*default*        0x0000000000000000 0xffffffffffffffff

Linker script and memory map

LOAD /usr/lib/gcc/arm-none-eabi/6.3.1/thumb/v7-m/crti.o
LOAD /usr/lib/gcc/arm-none-eabi/6.3.1/thumb/v7-m/crtbegin.o
LOAD /usr/lib/gcc/arm-none-eabi/6.3.1/../../../arm-none-eabi/lib/crt0.o
LOAD ./src/gpio_lib_c/wiringPi/drcSerial.o
LOAD ./src/gpio_lib_c/wiringPi/max31855.o
LOAD ./src/gpio_lib_c/wiringPi/max5322.o
LOAD ./src/gpio_lib_c/wiringPi/mcp23008.o
LOAD ./src/gpio_lib_c/wiringPi/mcp23016.o
LOAD ./src/gpio_lib_c/wiringPi/mcp23017.o
LOAD ./src/gpio_lib_c/wiringPi/mcp23s08.o
LOAD ./src/gpio_lib_c/wiringPi/mcp23s17.o
LOAD ./src/gpio_lib_c/wiringPi/mcp3002.o
LOAD ./src/gpio_lib_c/wiringPi/mcp3004.o
LOAD ./src/gpio_lib_c/wiringPi/mcp3422.o
LOAD ./src/gpio_lib_c/wiringPi/mcp4802.o
LOAD ./src/gpio_lib_c/wiringPi/pcf8574.o
LOAD ./src/gpio_lib_c/wiringPi/pcf8591.o
LOAD ./src/gpio_lib_c/wiringPi/piHiPri.o
LOAD ./src/gpio_lib_c/wiringPi/piThread.o
LOAD ./src/gpio_lib_c/wiringPi/sn3218.o
LOAD ./src/gpio_lib_c/wiringPi/softPwm.o
LOAD ./src/gpio_lib_c/wiringPi/softServo.o
LOAD ./src/gpio_lib_c/wiringPi/softTone.o
LOAD ./src/gpio_lib_c/wiringPi/sr595.o
LOAD ./src/gpio_lib_c/wiringPi/wiringPi.o
LOAD ./src/gpio_lib_c/wiringPi/wiringPiI2C.o
LOAD ./src/gpio_lib_c/wiringPi/wiringPiSPI.o
LOAD ./src/gpio_lib_c/wiringPi/wiringSerial.o
LOAD ./src/gpio_lib_c/wiringPi/wiringShift.o
LOAD ./src/gpio_lib_c/wiringPi/wiringTB.o
LOAD ./src/gpio_lib_c/wiringPi/wpiExtensions.o
LOAD ./src/gpio_lib_c/gpio/gpio.o
LOAD ./src/gpio_lib_c/gpio/pins.o
LOAD ./src/gpio_lib_c/gpio/readall.o
LOAD ./src/gpio_lib_c/devLib/ds1302.o
LOAD ./src/gpio_lib_c/devLib/gertboard.o
LOAD ./src/gpio_lib_c/devLib/lcd.o
LOAD ./src/gpio_lib_c/devLib/lcd128x64.o
LOAD ./src/gpio_lib_c/devLib/maxdetect.o
LOAD ./src/gpio_lib_c/devLib/piFace.o
LOAD ./src/gpio_lib_c/devLib/piGlow.o
LOAD ./src/gpio_lib_c/devLib/piNes.o
LOAD /usr/lib/gcc/arm-none-eabi/6.3.1/../../../arm-none-eabi/lib/thumb/v7-m/libstdc++.a
LOAD /usr/lib/gcc/arm-none-eabi/6.3.1/../../../arm-none-eabi/lib/libm.a
START GROUP
LOAD /usr/lib/gcc/arm-none-eabi/6.3.1/thumb/v7-m/libgcc.a
END GROUP
LOAD /usr/lib/gcc/arm-none-eabi/6.3.1/thumb/v7-m/crtend.o
LOAD /usr/lib/gcc/arm-none-eabi/6.3.1/thumb/v7-m/crtn.o
                0x00000000000000b4                . = (0x0 + SIZEOF_HEADERS)

.note.gnu.build-id
 *(.note.gnu.build-id)

.hash           0x00000000000000b4      0x8d8
 *(.hash)
 .hash          0x00000000000000b4      0x8d8 /usr/lib/gcc/arm-none-eabi/6.3.1/thumb/v7-m/crti.o

.gnu.hash
 *(.gnu.hash)

.dynsym         0x000000000000098c     0x12d0
 *(.dynsym)
 .dynsym        0x000000000000098c     0x12d0 /usr/lib/gcc/arm-none-eabi/6.3.1/thumb/v7-m/crti.o

.dynstr         0x0000000000001c5c      0xe8c
 *(.dynstr)
 .dynstr        0x0000000000001c5c      0xe8c /usr/lib/gcc/arm-none-eabi/6.3.1/thumb/v7-m/crti.o

.gnu.version    0x0000000000002ae8        0x0
 *(.gnu.version)
 .gnu.version   0x0000000000002ae8        0x0 /usr/lib/gcc/arm-none-eabi/6.3.1/thumb/v7-m/crti.o

.gnu.version_d  0x0000000000002ae8        0x0
 *(.gnu.version_d)
 .gnu.version_d
                0x0000000000002ae8        0x0 /usr/lib/gcc/arm-none-eabi/6.3.1/thumb/v7-m/crti.o

.gnu.version_r  0x0000000000002ae8        0x0
 *(.gnu.version_r)
 .gnu.version_r
                0x0000000000002ae8        0x0 /usr/lib/gcc/arm-none-eabi/6.3.1/thumb/v7-m/crti.o

.rel.dyn        0x0000000000002ae8     0x2420
 *(.rel.init)
 *(.rel.text .rel.text.* .rel.gnu.linkonce.t.*)
 .rel.text      0x0000000000002ae8       0xa0 /usr/lib/gcc/arm-none-eabi/6.3.1/thumb/v7-m/crti.o
 .rel.text.drcSetupSerial
                0x0000000000002b88       0x40 /usr/lib/gcc/arm-none-eabi/6.3.1/thumb/v7-m/crti.o
 .rel.text.max31855Setup
                0x0000000000002bc8        0x8 /usr/lib/gcc/arm-none-eabi/6.3.1/thumb/v7-m/crti.o
 .rel.text.max5322Setup
                0x0000000000002bd0        0x8 /usr/lib/gcc/arm-none-eabi/6.3.1/thumb/v7-m/crti.o
 .rel.text.mcp23008Setup
                0x0000000000002bd8       0x20 /usr/lib/gcc/arm-none-eabi/6.3.1/thumb/v7-m/crti.o
 .rel.text.mcp23016Setup
                0x0000000000002bf8       0x18 /usr/lib/gcc/arm-none-eabi/6.3.1/thumb/v7-m/crti.o
 .rel.text.mcp23017Setup
                0x0000000000002c10       0x20 /usr/lib/gcc/arm-none-eabi/6.3.1/thumb/v7-m/crti.o
 .rel.text.mcp23s08Setup
                0x0000000000002c30       0x20 /usr/lib/gcc/arm-none-eabi/6.3.1/thumb/v7-m/crti.o
 .rel.text.mcp23s17Setup
                0x0000000000002c50       0x20 /usr/lib/gcc/arm-none-eabi/6.3.1/thumb/v7-m/crti.o
 .rel.text.mcp3002Setup
                0x0000000000002c70        0x8 /usr/lib/gcc/arm-none-eabi/6.3.1/thumb/v7-m/crti.o
 .rel.text.mcp3004Setup
                0x0000000000002c78        0x8 /usr/lib/gcc/arm-none-eabi/6.3.1/thumb/v7-m/crti.o
 .rel.text.mcp3422Setup
                0x0000000000002c80        0x8 /usr/lib/gcc/arm-none-eabi/6.3.1/thumb/v7-m/crti.o
 .rel.text.mcp4802Setup
                0x0000000000002c88        0x8 /usr/lib/gcc/arm-none-eabi/6.3.1/thumb/v7-m/crti.o
 .rel.text.pcf8574Setup
                0x0000000000002c90       0x18 /usr/lib/gcc/arm-none-eabi/6.3.1/thumb/v7-m/crti.o
 .rel.text.pcf8591Setup
                0x0000000000002ca8       0x10 /usr/lib/gcc/arm-none-eabi/6.3.1/thumb/v7-m/crti.o
 .rel.text.piLock
                0x0000000000002cb8        0x8 /usr/lib/gcc/arm-none-eabi/6.3.1/thumb/v7-m/crti.o
 .rel.text.piUnlock
                0x0000000000002cc0        0x8 /usr/lib/gcc/arm-none-eabi/6.3.1/thumb/v7-m/crti.o
 .rel.text.sn3218Setup
                0x0000000000002cc8        0x8 /usr/lib/gcc/arm-none-eabi/6.3.1/thumb/v7-m/crti.o
 .rel.text.softPwmThread
                0x0000000000002cd0       0x18 /usr/lib/gcc/arm-none-eabi/6.3.1/thumb/v7-m/crti.o
 .rel.text.softPwmWrite
                0x0000000000002ce8       0x10 /usr/lib/gcc/arm-none-eabi/6.3.1/thumb/v7-m/crti.o
 .rel.text.softPwmCreate
                0x0000000000002cf8       0x28 /usr/lib/gcc/arm-none-eabi/6.3.1/thumb/v7-m/crti.o
 .rel.text.softPwmStop
                0x0000000000002d20       0x10 /usr/lib/gcc/arm-none-eabi/6.3.1/thumb/v7-m/crti.o
 .rel.text.softServoThread
                0x0000000000002d30       0x10 /usr/lib/gcc/arm-none-eabi/6.3.1/thumb/v7-m/crti.o
 .rel.text.softServoWrite
                0x0000000000002d40       0x10 /usr/lib/gcc/arm-none-eabi/6.3.1/thumb/v7-m/crti.o
 .rel.text.softServoSetup
                0x0000000000002d50       0x18 /usr/lib/gcc/arm-none-eabi/6.3.1/thumb/v7-m/crti.o
 .rel.text.softToneThread
                0x0000000000002d68       0x10 /usr/lib/gcc/arm-none-eabi/6.3.1/thumb/v7-m/crti.o
 .rel.text.softToneWrite
                0x0000000000002d78        0x8 /usr/lib/gcc/arm-none-eabi/6.3.1/thumb/v7-m/crti.o
 .rel.text.softToneCreate
                0x0000000000002d80       0x20 /usr/lib/gcc/arm-none-eabi/6.3.1/thumb/v7-m/crti.o
 .rel.text.softToneStop
                0x0000000000002da0        0x8 /usr/lib/gcc/arm-none-eabi/6.3.1/thumb/v7-m/crti.o
 .rel.text.sr595Setup
                0x0000000000002da8        0x8 /usr/lib/gcc/arm-none-eabi/6.3.1/thumb/v7-m/crti.o
 .rel.text.unlikely.piGpioLayoutOops
                0x0000000000002db0       0x28 /usr/lib/gcc/arm-none-eabi/6.3.1/thumb/v7-m/crti.o
 .rel.text.initialiseEpoch
                0x0000000000002dd8       0x10 /usr/lib/gcc/arm-none-eabi/6.3.1/thumb/v7-m/crti.o
 .rel.text.piGpioLayout.part.0
                0x0000000000002de8       0xe8 /usr/lib/gcc/arm-none-eabi/6.3.1/thumb/v7-m/crti.o
 .rel.text.wiringPiFailure
                0x0000000000002ed0       0x10 /usr/lib/gcc/arm-none-eabi/6.3.1/thumb/v7-m/crti.o
 .rel.text.piGpioLayout
                0x0000000000002ee0        0x8 /usr/lib/gcc/arm-none-eabi/6.3.1/thumb/v7-m/crti.o
 .rel.text.piBoardRev
                0x0000000000002ee8        0x8 /usr/lib/gcc/arm-none-eabi/6.3.1/thumb/v7-m/crti.o
 .rel.text.piBoardId
                0x0000000000002ef0       0x88 /usr/lib/gcc/arm-none-eabi/6.3.1/thumb/v7-m/crti.o
 .rel.text.wpiPinToGpio
                0x0000000000002f78        0x8 /usr/lib/gcc/arm-none-eabi/6.3.1/thumb/v7-m/crti.o
 .rel.text.physPinToGpio
                0x0000000000002f80        0x8 /usr/lib/gcc/arm-none-eabi/6.3.1/thumb/v7-m/crti.o
 .rel.text.setPadDrive
                0x0000000000002f88       0x10 /usr/lib/gcc/arm-none-eabi/6.3.1/thumb/v7-m/crti.o
 .rel.text.getAlt
                0x0000000000002f98       0x18 /usr/lib/gcc/arm-none-eabi/6.3.1/thumb/v7-m/crti.o
 .rel.text.getPinMode
                0x0000000000002fb0       0x18 /usr/lib/gcc/arm-none-eabi/6.3.1/thumb/v7-m/crti.o
 .rel.text.pwmSetMode
                0x0000000000002fc8       0x10 /usr/lib/gcc/arm-none-eabi/6.3.1/thumb/v7-m/crti.o
 .rel.text.pwmSetClock
                0x0000000000002fd8        0x8 /usr/lib/gcc/arm-none-eabi/6.3.1/thumb/v7-m/crti.o
 .rel.text.setPwmFrequency
                0x0000000000002fe0       0x18 /usr/lib/gcc/arm-none-eabi/6.3.1/thumb/v7-m/crti.o
 .rel.text.setGpioDrive
                0x0000000000002ff8       0x18 /usr/lib/gcc/arm-none-eabi/6.3.1/thumb/v7-m/crti.o
 .rel.text.getGpioDrive
                0x0000000000003010       0x18 /usr/lib/gcc/arm-none-eabi/6.3.1/thumb/v7-m/crti.o
 .rel.text.gpioClockSet
                0x0000000000003028       0x18 /usr/lib/gcc/arm-none-eabi/6.3.1/thumb/v7-m/crti.o
 .rel.text.wiringPiFindNode
                0x0000000000003040        0x8 /usr/lib/gcc/arm-none-eabi/6.3.1/thumb/v7-m/crti.o
 .rel.text.wiringPiNewNode
                0x0000000000003048       0x58 /usr/lib/gcc/arm-none-eabi/6.3.1/thumb/v7-m/crti.o
 .rel.text.pinModeAlt
                0x00000000000030a0       0x18 /usr/lib/gcc/arm-none-eabi/6.3.1/thumb/v7-m/crti.o
 .rel.text.pullUpDnControl
                0x00000000000030b8       0x20 /usr/lib/gcc/arm-none-eabi/6.3.1/thumb/v7-m/crti.o
 .rel.text.digitalRead
                0x00000000000030d8       0x28 /usr/lib/gcc/arm-none-eabi/6.3.1/thumb/v7-m/crti.o
 .rel.text.digitalWrite
                0x0000000000003100       0x38 /usr/lib/gcc/arm-none-eabi/6.3.1/thumb/v7-m/crti.o
 .rel.text.pwmWrite
                0x0000000000003138       0x20 /usr/lib/gcc/arm-none-eabi/6.3.1/thumb/v7-m/crti.o
 .rel.text.analogRead
                0x0000000000003158        0x8 /usr/lib/gcc/arm-none-eabi/6.3.1/thumb/v7-m/crti.o
 .rel.text.analogWrite
                0x0000000000003160        0x8 /usr/lib/gcc/arm-none-eabi/6.3.1/thumb/v7-m/crti.o
 .rel.text.pwmToneWrite
                0x0000000000003168       0x18 /usr/lib/gcc/arm-none-eabi/6.3.1/thumb/v7-m/crti.o
 .rel.text.waitForInterrupt
                0x0000000000003180       0x20 /usr/lib/gcc/arm-none-eabi/6.3.1/thumb/v7-m/crti.o
 .rel.text.interruptHandler
                0x00000000000031a0       0x10 /usr/lib/gcc/arm-none-eabi/6.3.1/thumb/v7-m/crti.o
 .rel.text.wiringPiISR
                0x00000000000031b0       0xb8 /usr/lib/gcc/arm-none-eabi/6.3.1/thumb/v7-m/crti.o
 .rel.text.pinMode
                0x0000000000003268       0x30 /usr/lib/gcc/arm-none-eabi/6.3.1/thumb/v7-m/crti.o
 .rel.text.digitalWriteByte
                0x0000000000003298       0x18 /usr/lib/gcc/arm-none-eabi/6.3.1/thumb/v7-m/crti.o
 .rel.text.setPwmPeriod
                0x00000000000032b0       0x18 /usr/lib/gcc/arm-none-eabi/6.3.1/thumb/v7-m/crti.o
 .rel.text.pwmSetRange
                0x00000000000032c8        0x8 /usr/lib/gcc/arm-none-eabi/6.3.1/thumb/v7-m/crti.o
 .rel.text.millis
                0x00000000000032d0        0x8 /usr/lib/gcc/arm-none-eabi/6.3.1/thumb/v7-m/crti.o
 .rel.text.micros
                0x00000000000032d8        0x8 /usr/lib/gcc/arm-none-eabi/6.3.1/thumb/v7-m/crti.o
 .rel.text.wiringPiSetup
                0x00000000000032e0       0x60 /usr/lib/gcc/arm-none-eabi/6.3.1/thumb/v7-m/crti.o
 .rel.text.wiringPiSetupGpio
                0x0000000000003340       0x18 /usr/lib/gcc/arm-none-eabi/6.3.1/thumb/v7-m/crti.o
 .rel.text.wiringPiSetupPhys
                0x0000000000003358       0x18 /usr/lib/gcc/arm-none-eabi/6.3.1/thumb/v7-m/crti.o
 .rel.text.wiringPiSetupSys
                0x0000000000003370       0x58 /usr/lib/gcc/arm-none-eabi/6.3.1/thumb/v7-m/crti.o
 .rel.text.wiringPiI2CSetupInterface
                0x00000000000033c8       0x10 /usr/lib/gcc/arm-none-eabi/6.3.1/thumb/v7-m/crti.o
 .rel.text.wiringPiI2CSetup
                0x00000000000033d8       0x10 /usr/lib/gcc/arm-none-eabi/6.3.1/thumb/v7-m/crti.o
 .rel.text.MiarmI2CSetup
                0x00000000000033e8       0x20 /usr/lib/gcc/arm-none-eabi/6.3.1/thumb/v7-m/crti.o
 .rel.text.wiringPiSPIGetFd
                0x0000000000003408        0x8 /usr/lib/gcc/arm-none-eabi/6.3.1/thumb/v7-m/crti.o
 .rel.text.wiringPiSPIDataRW
                0x0000000000003410       0x10 /usr/lib/gcc/arm-none-eabi/6.3.1/thumb/v7-m/crti.o
 .rel.text.wiringPiSPISetupMode
                0x0000000000003420       0x48 /usr/lib/gcc/arm-none-eabi/6.3.1/thumb/v7-m/crti.o
 .rel.text.asus_get_physToGpio
                0x0000000000003468        0x8 /usr/lib/gcc/arm-none-eabi/6.3.1/thumb/v7-m/crti.o
 .rel.text.asus_get_pinToGpio
                0x0000000000003470        0x8 /usr/lib/gcc/arm-none-eabi/6.3.1/thumb/v7-m/crti.o
 .rel.text.alt_2_tb_format
                0x0000000000003478        0x8 /usr/lib/gcc/arm-none-eabi/6.3.1/thumb/v7-m/crti.o
 .rel.text.GET_PULL_OFFSET
                0x0000000000003480        0x8 /usr/lib/gcc/arm-none-eabi/6.3.1/thumb/v7-m/crti.o
 .rel.text.GET_DRV_OFFSET
                0x0000000000003488        0x8 /usr/lib/gcc/arm-none-eabi/6.3.1/thumb/v7-m/crti.o
 .rel.text.tinker_board_setup
                0x0000000000003490       0x80 /usr/lib/gcc/arm-none-eabi/6.3.1/thumb/v7-m/crti.o
 .rel.text.gpio_clk_enable
                0x0000000000003510        0x8 /usr/lib/gcc/arm-none-eabi/6.3.1/thumb/v7-m/crti.o
 .rel.text.asus_get_pin_mode
                0x0000000000003518       0x80 /usr/lib/gcc/arm-none-eabi/6.3.1/thumb/v7-m/crti.o
 .rel.text.asus_set_pinmode_as_gpio
                0x0000000000003598       0x18 /usr/lib/gcc/arm-none-eabi/6.3.1/thumb/v7-m/crti.o
 .rel.text.asus_set_pin_mode
                0x00000000000035b0       0x28 /usr/lib/gcc/arm-none-eabi/6.3.1/thumb/v7-m/crti.o
 .rel.text.asus_digitalWrite
                0x00000000000035d8        0x8 /usr/lib/gcc/arm-none-eabi/6.3.1/thumb/v7-m/crti.o
 .rel.text.asus_digitalRead
                0x00000000000035e0        0x8 /usr/lib/gcc/arm-none-eabi/6.3.1/thumb/v7-m/crti.o
 .rel.text.asus_pullUpDnControl
                0x00000000000035e8       0x28 /usr/lib/gcc/arm-none-eabi/6.3.1/thumb/v7-m/crti.o
 .rel.text.asus_get_pwm_value
                0x0000000000003610       0x18 /usr/lib/gcc/arm-none-eabi/6.3.1/thumb/v7-m/crti.o
 .rel.text.asus_set_pwmFrequency
                0x0000000000003628       0x10 /usr/lib/gcc/arm-none-eabi/6.3.1/thumb/v7-m/crti.o
 .rel.text.asus_pwm_write
                0x0000000000003638       0x28 /usr/lib/gcc/arm-none-eabi/6.3.1/thumb/v7-m/crti.o
 .rel.text.asus_set_pwmPeriod
                0x0000000000003660       0x18 /usr/lib/gcc/arm-none-eabi/6.3.1/thumb/v7-m/crti.o
 .rel.text.asus_pwmToneWrite
                0x0000000000003678        0x8 /usr/lib/gcc/arm-none-eabi/6.3.1/thumb/v7-m/crti.o
 .rel.text.asus_set_gpioClockFreq
                0x0000000000003680       0x10 /usr/lib/gcc/arm-none-eabi/6.3.1/thumb/v7-m/crti.o
 .rel.text.asus_get_pinAlt
                0x0000000000003690       0x20 /usr/lib/gcc/arm-none-eabi/6.3.1/thumb/v7-m/crti.o
 .rel.text.SetGpioMode
                0x00000000000036b0       0x18 /usr/lib/gcc/arm-none-eabi/6.3.1/thumb/v7-m/crti.o
 .rel.text.asus_set_pinAlt
                0x00000000000036c8       0x18 /usr/lib/gcc/arm-none-eabi/6.3.1/thumb/v7-m/crti.o
 .rel.text.asus_set_GpioDriveStrength
                0x00000000000036e0       0x28 /usr/lib/gcc/arm-none-eabi/6.3.1/thumb/v7-m/crti.o
 .rel.text.asus_get_GpioDriveStrength
                0x0000000000003708       0x28 /usr/lib/gcc/arm-none-eabi/6.3.1/thumb/v7-m/crti.o
 .rel.text.asus_cleanup
                0x0000000000003730       0x28 /usr/lib/gcc/arm-none-eabi/6.3.1/thumb/v7-m/crti.o
 .rel.text.verbError
                0x0000000000003758       0x20 /usr/lib/gcc/arm-none-eabi/6.3.1/thumb/v7-m/crti.o
 .rel.text.extractInt
                0x0000000000003778       0x10 /usr/lib/gcc/arm-none-eabi/6.3.1/thumb/v7-m/crti.o
 .rel.text.doExtensionDrcS
                0x0000000000003788       0x28 /usr/lib/gcc/arm-none-eabi/6.3.1/thumb/v7-m/crti.o
 .rel.text.doExtensionMax5322
                0x00000000000037b0        0x8 /usr/lib/gcc/arm-none-eabi/6.3.1/thumb/v7-m/crti.o
 .rel.text.doExtensionMax31855
                0x00000000000037b8        0x8 /usr/lib/gcc/arm-none-eabi/6.3.1/thumb/v7-m/crti.o
 .rel.text.doExtensionMcp3422
                0x00000000000037c0       0x18 /usr/lib/gcc/arm-none-eabi/6.3.1/thumb/v7-m/crti.o
 .rel.text.doExtensionMcp4802
                0x00000000000037d8        0x8 /usr/lib/gcc/arm-none-eabi/6.3.1/thumb/v7-m/crti.o
 .rel.text.doExtensionMcp3004
                0x00000000000037e0        0x8 /usr/lib/gcc/arm-none-eabi/6.3.1/thumb/v7-m/crti.o
 .rel.text.doExtensionMcp3002
                0x00000000000037e8        0x8 /usr/lib/gcc/arm-none-eabi/6.3.1/thumb/v7-m/crti.o
 .rel.text.doExtensionPcf8591
                0x00000000000037f0        0x8 /usr/lib/gcc/arm-none-eabi/6.3.1/thumb/v7-m/crti.o
 .rel.text.doExtensionPcf8574
                0x00000000000037f8        0x8 /usr/lib/gcc/arm-none-eabi/6.3.1/thumb/v7-m/crti.o
 .rel.text.doExtensionSr595
                0x0000000000003800        0x8 /usr/lib/gcc/arm-none-eabi/6.3.1/thumb/v7-m/crti.o
 .rel.text.doExtensionMcp23s17
                0x0000000000003808       0x10 /usr/lib/gcc/arm-none-eabi/6.3.1/thumb/v7-m/crti.o
 .rel.text.doExtensionMcp23s08
                0x0000000000003818       0x10 /usr/lib/gcc/arm-none-eabi/6.3.1/thumb/v7-m/crti.o
 .rel.text.doExtensionMcp23017
                0x0000000000003828        0x8 /usr/lib/gcc/arm-none-eabi/6.3.1/thumb/v7-m/crti.o
 .rel.text.doExtensionMcp23016
                0x0000000000003830        0x8 /usr/lib/gcc/arm-none-eabi/6.3.1/thumb/v7-m/crti.o
 .rel.text.doExtensionMcp23008
                0x0000000000003838        0x8 /usr/lib/gcc/arm-none-eabi/6.3.1/thumb/v7-m/crti.o
 .rel.text.loadWPiExtension
                0x0000000000003840       0x38 /usr/lib/gcc/arm-none-eabi/6.3.1/thumb/v7-m/crti.o
 .rel.text.unlikely._doLoadUsage.isra.0
                0x0000000000003878       0x10 /usr/lib/gcc/arm-none-eabi/6.3.1/thumb/v7-m/crti.o
 .rel.text.unlikely._doUnLoadUsage.isra.1
                0x0000000000003888       0x10 /usr/lib/gcc/arm-none-eabi/6.3.1/thumb/v7-m/crti.o
 .rel.text.changeOwner
                0x0000000000003898       0x18 /usr/lib/gcc/arm-none-eabi/6.3.1/thumb/v7-m/crti.o
 .rel.text.unlikely.doI2Cdetect.isra.5
                0x00000000000038b0       0x28 /usr/lib/gcc/arm-none-eabi/6.3.1/thumb/v7-m/crti.o
 .rel.text.moduleLoaded
                0x00000000000038d8       0x20 /usr/lib/gcc/arm-none-eabi/6.3.1/thumb/v7-m/crti.o
 .rel.text.doExport
                0x00000000000038f8       0xb8 /usr/lib/gcc/arm-none-eabi/6.3.1/thumb/v7-m/crti.o
 .rel.text.doWfi
                0x00000000000039b0       0x40 /usr/lib/gcc/arm-none-eabi/6.3.1/thumb/v7-m/crti.o
 .rel.text.doEdge
                0x00000000000039f0       0xa8 /usr/lib/gcc/arm-none-eabi/6.3.1/thumb/v7-m/crti.o
 .rel.text.doUnexport
                0x0000000000003a98       0x30 /usr/lib/gcc/arm-none-eabi/6.3.1/thumb/v7-m/crti.o
 .rel.text.doUnexportall
                0x0000000000003ac8       0x28 /usr/lib/gcc/arm-none-eabi/6.3.1/thumb/v7-m/crti.o
 .rel.text.doMode
                0x0000000000003af0       0xa0 /usr/lib/gcc/arm-none-eabi/6.3.1/thumb/v7-m/crti.o
 .rel.text.doRead
                0x0000000000003b90       0x20 /usr/lib/gcc/arm-none-eabi/6.3.1/thumb/v7-m/crti.o
 .rel.text.doAread
                0x0000000000003bb0       0x18 /usr/lib/gcc/arm-none-eabi/6.3.1/thumb/v7-m/crti.o
 .rel.text.doToggle
                0x0000000000003bc8       0x10 /usr/lib/gcc/arm-none-eabi/6.3.1/thumb/v7-m/crti.o
 .rel.text.doPwmTone
                0x0000000000003bd8       0x10 /usr/lib/gcc/arm-none-eabi/6.3.1/thumb/v7-m/crti.o
 .rel.text.doClock
                0x0000000000003be8       0x10 /usr/lib/gcc/arm-none-eabi/6.3.1/thumb/v7-m/crti.o
 .rel.text.doPwm
                0x0000000000003bf8       0x10 /usr/lib/gcc/arm-none-eabi/6.3.1/thumb/v7-m/crti.o
 .rel.text.startup.main
                0x0000000000003c08      0x4c8 /usr/lib/gcc/arm-none-eabi/6.3.1/thumb/v7-m/crti.o
 .rel.text.doPins
                0x00000000000040d0       0x18 /usr/lib/gcc/arm-none-eabi/6.3.1/thumb/v7-m/crti.o
 .rel.text.plus2header
                0x00000000000040e8       0x28 /usr/lib/gcc/arm-none-eabi/6.3.1/thumb/v7-m/crti.o
 .rel.text.asusPinModeToString
                0x0000000000004110       0x48 /usr/lib/gcc/arm-none-eabi/6.3.1/thumb/v7-m/crti.o
 .rel.text.readallPhys
                0x0000000000004158       0x90 /usr/lib/gcc/arm-none-eabi/6.3.1/thumb/v7-m/crti.o
 .rel.text.getAndTranslateAlt
                0x00000000000041e8        0x8 /usr/lib/gcc/arm-none-eabi/6.3.1/thumb/v7-m/crti.o
 .rel.text.cmReadall
                0x00000000000041f0       0x40 /usr/lib/gcc/arm-none-eabi/6.3.1/thumb/v7-m/crti.o
 .rel.text.abReadall
                0x0000000000004230       0x38 /usr/lib/gcc/arm-none-eabi/6.3.1/thumb/v7-m/crti.o
 .rel.text.piPlusReadall
                0x0000000000004268       0x10 /usr/lib/gcc/arm-none-eabi/6.3.1/thumb/v7-m/crti.o
 .rel.text.doReadall
                0x0000000000004278       0x28 /usr/lib/gcc/arm-none-eabi/6.3.1/thumb/v7-m/crti.o
 .rel.text.dsShiftOut
                0x00000000000042a0       0x10 /usr/lib/gcc/arm-none-eabi/6.3.1/thumb/v7-m/crti.o
 .rel.text.ds1302regWrite
                0x00000000000042b0        0x8 /usr/lib/gcc/arm-none-eabi/6.3.1/thumb/v7-m/crti.o
 .rel.text.dsShiftIn
                0x00000000000042b8       0x10 /usr/lib/gcc/arm-none-eabi/6.3.1/thumb/v7-m/crti.o
 .rel.text.ds1302regRead
                0x00000000000042c8        0x8 /usr/lib/gcc/arm-none-eabi/6.3.1/thumb/v7-m/crti.o
 .rel.text.ds1302clockRead
                0x00000000000042d0        0x8 /usr/lib/gcc/arm-none-eabi/6.3.1/thumb/v7-m/crti.o
 .rel.text.ds1302clockWrite
                0x00000000000042d8        0x8 /usr/lib/gcc/arm-none-eabi/6.3.1/thumb/v7-m/crti.o
 .rel.text.ds1302setup
                0x00000000000042e0       0x18 /usr/lib/gcc/arm-none-eabi/6.3.1/thumb/v7-m/crti.o
 .rel.text.gertboardAnalogSetup
                0x00000000000042f8       0x10 /usr/lib/gcc/arm-none-eabi/6.3.1/thumb/v7-m/crti.o
 .rel.text.lcdHome
                0x0000000000004308        0x8 /usr/lib/gcc/arm-none-eabi/6.3.1/thumb/v7-m/crti.o
 .rel.text.lcdClear
                0x0000000000004310        0x8 /usr/lib/gcc/arm-none-eabi/6.3.1/thumb/v7-m/crti.o
 .rel.text.lcdDisplay
                0x0000000000004318       0x10 /usr/lib/gcc/arm-none-eabi/6.3.1/thumb/v7-m/crti.o
 .rel.text.lcdCursor
                0x0000000000004328       0x10 /usr/lib/gcc/arm-none-eabi/6.3.1/thumb/v7-m/crti.o
 .rel.text.lcdCursorBlink
                0x0000000000004338       0x10 /usr/lib/gcc/arm-none-eabi/6.3.1/thumb/v7-m/crti.o
 .rel.text.lcdSendCommand
                0x0000000000004348        0x8 /usr/lib/gcc/arm-none-eabi/6.3.1/thumb/v7-m/crti.o
 .rel.text.lcdPosition
                0x0000000000004350       0x10 /usr/lib/gcc/arm-none-eabi/6.3.1/thumb/v7-m/crti.o
 .rel.text.lcdCharDef
                0x0000000000004360        0x8 /usr/lib/gcc/arm-none-eabi/6.3.1/thumb/v7-m/crti.o
 .rel.text.lcdPutchar
                0x0000000000004368       0x10 /usr/lib/gcc/arm-none-eabi/6.3.1/thumb/v7-m/crti.o
 .rel.text.lcdInit
                0x0000000000004378       0x20 /usr/lib/gcc/arm-none-eabi/6.3.1/thumb/v7-m/crti.o
 .rel.text.lcd128x64update
                0x0000000000004398       0x10 /usr/lib/gcc/arm-none-eabi/6.3.1/thumb/v7-m/crti.o
 .rel.text.lcd128x64setOrigin
                0x00000000000043a8       0x10 /usr/lib/gcc/arm-none-eabi/6.3.1/thumb/v7-m/crti.o
 .rel.text.lcd128x64setOrientation
                0x00000000000043b8       0x28 /usr/lib/gcc/arm-none-eabi/6.3.1/thumb/v7-m/crti.o
 .rel.text.lcd128x64orientCoordinates
                0x00000000000043e0       0x28 /usr/lib/gcc/arm-none-eabi/6.3.1/thumb/v7-m/crti.o
 .rel.text.lcd128x64getScreenSize
                0x0000000000004408       0x10 /usr/lib/gcc/arm-none-eabi/6.3.1/thumb/v7-m/crti.o
 .rel.text.lcd128x64point
                0x0000000000004418       0x18 /usr/lib/gcc/arm-none-eabi/6.3.1/thumb/v7-m/crti.o
 .rel.text.lcd128x64line
                0x0000000000004430       0x10 /usr/lib/gcc/arm-none-eabi/6.3.1/thumb/v7-m/crti.o
 .rel.text.lcd128x64lineTo
                0x0000000000004440       0x10 /usr/lib/gcc/arm-none-eabi/6.3.1/thumb/v7-m/crti.o
 .rel.text.lcd128x64rectangle
                0x0000000000004450       0x10 /usr/lib/gcc/arm-none-eabi/6.3.1/thumb/v7-m/crti.o
 .rel.text.lcd128x64putchar
                0x0000000000004460        0x8 /usr/lib/gcc/arm-none-eabi/6.3.1/thumb/v7-m/crti.o
 .rel.text.lcd128x64puts
                0x0000000000004468        0x8 /usr/lib/gcc/arm-none-eabi/6.3.1/thumb/v7-m/crti.o
 .rel.text.lcd128x64clear
                0x0000000000004470       0x18 /usr/lib/gcc/arm-none-eabi/6.3.1/thumb/v7-m/crti.o
 .rel.text.lcd128x64setup
                0x0000000000004488       0x30 /usr/lib/gcc/arm-none-eabi/6.3.1/thumb/v7-m/crti.o
 .rel.text.readRHT03
                0x00000000000044b8       0x20 /usr/lib/gcc/arm-none-eabi/6.3.1/thumb/v7-m/crti.o
 .rel.text.piFaceSetup
                0x00000000000044d8       0x18 /usr/lib/gcc/arm-none-eabi/6.3.1/thumb/v7-m/crti.o
 .rel.text.piGlowLeg.part.0
                0x00000000000044f0       0x18 /usr/lib/gcc/arm-none-eabi/6.3.1/thumb/v7-m/crti.o
 .rel.text.piGlow1
                0x0000000000004508       0x18 /usr/lib/gcc/arm-none-eabi/6.3.1/thumb/v7-m/crti.o
 .rel.text.piGlowRing
                0x0000000000004520       0x18 /usr/lib/gcc/arm-none-eabi/6.3.1/thumb/v7-m/crti.o
 .rel.text.setupNesJoystick
                0x0000000000004538       0x10 /usr/lib/gcc/arm-none-eabi/6.3.1/thumb/v7-m/crti.o
 .rel.text.readNesJoystick
                0x0000000000004548        0x8 /usr/lib/gcc/arm-none-eabi/6.3.1/thumb/v7-m/crti.o
 *(.rel.fini)
 *(.rel.rodata .rel.rodata.* .rel.gnu.linkonce.r.*)
 .rel.rodata.alts
                0x0000000000004550       0x40 /usr/lib/gcc/arm-none-eabi/6.3.1/thumb/v7-m/crti.o
 .rel.rodata.physNames
                0x0000000000004590      0x6e0 /usr/lib/gcc/arm-none-eabi/6.3.1/thumb/v7-m/crti.o
 *(.rel.data.rel.ro .rel.data.rel.ro.* .rel.gnu.linkonce.d.rel.ro.*)
 *(.rel.data .rel.data.* .rel.gnu.linkonce.d.*)
 .rel.data.piMakerNames
                0x0000000000004c70       0x80 /usr/lib/gcc/arm-none-eabi/6.3.1/thumb/v7-m/crti.o
 .rel.data.piModelNames
                0x0000000000004cf0       0x80 /usr/lib/gcc/arm-none-eabi/6.3.1/thumb/v7-m/crti.o
 .rel.data.piRevisionNames
                0x0000000000004d70       0x80 /usr/lib/gcc/arm-none-eabi/6.3.1/thumb/v7-m/crti.o
 .rel.data.extensionFunctions
                0x0000000000004df0      0x100 /usr/lib/gcc/arm-none-eabi/6.3.1/thumb/v7-m/crti.o
 .rel.data.usage
                0x0000000000004ef0        0x8 /usr/lib/gcc/arm-none-eabi/6.3.1/thumb/v7-m/crti.o
 *(.rel.tdata .rel.tdata.* .rel.gnu.linkonce.td.*)
 *(.rel.tbss .rel.tbss.* .rel.gnu.linkonce.tb.*)
 *(.rel.ctors)
 *(.rel.dtors)
 *(.rel.got)
 .rel.got       0x0000000000004ef8        0x0 /usr/lib/gcc/arm-none-eabi/6.3.1/thumb/v7-m/crti.o
 *(.rel.bss .rel.bss.* .rel.gnu.linkonce.b.*)
 *(.rel.iplt)
 .rel.iplt      0x0000000000004ef8        0x0 /usr/lib/gcc/arm-none-eabi/6.3.1/thumb/v7-m/crti.o
 .rel.init_array
                0x0000000000004ef8        0x8 /usr/lib/gcc/arm-none-eabi/6.3.1/thumb/v7-m/crti.o
 .rel.fini_array
                0x0000000000004f00        0x8 /usr/lib/gcc/arm-none-eabi/6.3.1/thumb/v7-m/crti.o

.rela.dyn
 *(.rela.init)
 *(.rela.text .rela.text.* .rela.gnu.linkonce.t.*)
 *(.rela.fini)
 *(.rela.rodata .rela.rodata.* .rela.gnu.linkonce.r.*)
 *(.rela.data .rela.data.* .rela.gnu.linkonce.d.*)
 *(.rela.tdata .rela.tdata.* .rela.gnu.linkonce.td.*)
 *(.rela.tbss .rela.tbss.* .rela.gnu.linkonce.tb.*)
 *(.rela.ctors)
 *(.rela.dtors)
 *(.rela.got)
 *(.rela.bss .rela.bss.* .rela.gnu.linkonce.b.*)
 *(.rela.iplt)

.rel.plt        0x0000000000004f08      0x618
 *(.rel.plt)
 .rel.plt       0x0000000000004f08      0x618 /usr/lib/gcc/arm-none-eabi/6.3.1/thumb/v7-m/crti.o

.rela.plt
 *(.rela.plt)

.init           0x0000000000005520        0xc
 *(SORT(.init))
 .init          0x0000000000005520        0x4 /usr/lib/gcc/arm-none-eabi/6.3.1/thumb/v7-m/crti.o
                0x0000000000005520                _init
 .init          0x0000000000005524        0x8 /usr/lib/gcc/arm-none-eabi/6.3.1/thumb/v7-m/crtn.o

.plt            0x000000000000552c      0xcf8
 *(.plt)
 .plt           0x000000000000552c      0xcf8 /usr/lib/gcc/arm-none-eabi/6.3.1/thumb/v7-m/crti.o

.iplt           0x0000000000006224        0x0
 *(.iplt)
 .iplt          0x0000000000006224        0x0 /usr/lib/gcc/arm-none-eabi/6.3.1/thumb/v7-m/crti.o

.text           0x0000000000006224     0x8a28
 *(.text.unlikely .text.*_unlikely .text.unlikely.*)
 .text.unlikely.piGpioLayoutOops
                0x0000000000006224       0x50 ./src/gpio_lib_c/wiringPi/wiringPi.o
 .text.unlikely._doLoadUsage.isra.0
                0x0000000000006274       0x1c ./src/gpio_lib_c/gpio/gpio.o
 .text.unlikely._doUnLoadUsage.isra.1
                0x0000000000006290       0x1c ./src/gpio_lib_c/gpio/gpio.o
 .text.unlikely.doI2Cdetect.isra.5
                0x00000000000062ac       0x8c ./src/gpio_lib_c/gpio/gpio.o
 *(.text.exit .text.exit.*)
 *(.text.startup .text.startup.*)
 .text.startup.main
                0x0000000000006338      0xf24 ./src/gpio_lib_c/gpio/gpio.o
                0x0000000000006338                main
 *(.text.hot .text.hot.*)
 *(.text .stub .text.* .gnu.linkonce.t.*)
 .text          0x000000000000725c       0xa4 /usr/lib/gcc/arm-none-eabi/6.3.1/thumb/v7-m/crtbegin.o
 .text          0x0000000000007300      0x104 /usr/lib/gcc/arm-none-eabi/6.3.1/../../../arm-none-eabi/lib/crt0.o
                0x0000000000007300                _mainCRTStartup
                0x0000000000007300                _start
 .text.myPwmWrite
                0x0000000000007404       0x28 ./src/gpio_lib_c/wiringPi/drcSerial.o
 .text.myDigitalWrite
                0x000000000000742c       0x24 ./src/gpio_lib_c/wiringPi/drcSerial.o
 .text.myDigitalRead
                0x0000000000007450       0x28 ./src/gpio_lib_c/wiringPi/drcSerial.o
 .text.myAnalogRead
                0x0000000000007478       0x30 ./src/gpio_lib_c/wiringPi/drcSerial.o
 .text.myPullUpDnControl
                0x00000000000074a8       0x44 ./src/gpio_lib_c/wiringPi/drcSerial.o
 .text.myPinMode
                0x00000000000074ec       0x34 ./src/gpio_lib_c/wiringPi/drcSerial.o
 .text.drcSetupSerial
                0x0000000000007520       0xd8 ./src/gpio_lib_c/wiringPi/drcSerial.o
                0x0000000000007520                drcSetupSerial
 .text.myAnalogRead
                0x00000000000075f8       0xc8 ./src/gpio_lib_c/wiringPi/max31855.o
 .text.max31855Setup
                0x00000000000076c0       0x34 ./src/gpio_lib_c/wiringPi/max31855.o
                0x00000000000076c0                max31855Setup
 .text.myAnalogWrite
                0x00000000000076f4       0x2c ./src/gpio_lib_c/wiringPi/max5322.o
 .text.max5322Setup
                0x0000000000007720       0x50 ./src/gpio_lib_c/wiringPi/max5322.o
                0x0000000000007720                max5322Setup
 .text.myDigitalWrite
                0x0000000000007770       0x2c ./src/gpio_lib_c/wiringPi/mcp23008.o
 .text.myDigitalRead
                0x000000000000779c       0x20 ./src/gpio_lib_c/wiringPi/mcp23008.o
 .text.myPullUpDnControl
                0x00000000000077bc       0x30 ./src/gpio_lib_c/wiringPi/mcp23008.o
 .text.myPinMode
                0x00000000000077ec       0x30 ./src/gpio_lib_c/wiringPi/mcp23008.o
 .text.mcp23008Setup
                0x000000000000781c       0x54 ./src/gpio_lib_c/wiringPi/mcp23008.o
                0x000000000000781c                mcp23008Setup
 .text.myDigitalWrite
                0x0000000000007870       0x4c ./src/gpio_lib_c/wiringPi/mcp23016.o
 .text.myDigitalRead
                0x00000000000078bc       0x28 ./src/gpio_lib_c/wiringPi/mcp23016.o
 .text.myPinMode
                0x00000000000078e4       0x3c ./src/gpio_lib_c/wiringPi/mcp23016.o
 .text.mcp23016Setup
                0x0000000000007920       0x60 ./src/gpio_lib_c/wiringPi/mcp23016.o
                0x0000000000007920                mcp23016Setup
 .text.myDigitalWrite
                0x0000000000007980       0x4c ./src/gpio_lib_c/wiringPi/mcp23017.o
 .text.myDigitalRead
                0x00000000000079cc       0x28 ./src/gpio_lib_c/wiringPi/mcp23017.o
 .text.myPullUpDnControl
                0x00000000000079f4       0x3c ./src/gpio_lib_c/wiringPi/mcp23017.o
 .text.myPinMode
                0x0000000000007a30       0x3c ./src/gpio_lib_c/wiringPi/mcp23017.o
 .text.mcp23017Setup
                0x0000000000007a6c       0x5c ./src/gpio_lib_c/wiringPi/mcp23017.o
                0x0000000000007a6c                mcp23017Setup
 .text.myDigitalWrite
                0x0000000000007ac8       0x4c ./src/gpio_lib_c/wiringPi/mcp23s08.o
 .text.myDigitalRead
                0x0000000000007b14       0x44 ./src/gpio_lib_c/wiringPi/mcp23s08.o
 .text.myPullUpDnControl
                0x0000000000007b58       0x70 ./src/gpio_lib_c/wiringPi/mcp23s08.o
 .text.myPinMode
                0x0000000000007bc8       0x70 ./src/gpio_lib_c/wiringPi/mcp23s08.o
 .text.mcp23s08Setup
                0x0000000000007c38       0xa4 ./src/gpio_lib_c/wiringPi/mcp23s08.o
                0x0000000000007c38                mcp23s08Setup
 .text.myDigitalWrite
                0x0000000000007cdc       0x8c ./src/gpio_lib_c/wiringPi/mcp23s17.o
 .text.myDigitalRead
                0x0000000000007d68       0x50 ./src/gpio_lib_c/wiringPi/mcp23s17.o
 .text.myPullUpDnControl
                0x0000000000007db8       0x7c ./src/gpio_lib_c/wiringPi/mcp23s17.o
 .text.myPinMode
                0x0000000000007e34       0x7c ./src/gpio_lib_c/wiringPi/mcp23s17.o
 .text.mcp23s17Setup
                0x0000000000007eb0       0xd0 ./src/gpio_lib_c/wiringPi/mcp23s17.o
                0x0000000000007eb0                mcp23s17Setup
 .text.myAnalogRead
                0x0000000000007f80       0x38 ./src/gpio_lib_c/wiringPi/mcp3002.o
 .text.mcp3002Setup
                0x0000000000007fb8       0x34 ./src/gpio_lib_c/wiringPi/mcp3002.o
                0x0000000000007fb8                mcp3002Setup
 .text.myAnalogRead
                0x0000000000007fec       0x3c ./src/gpio_lib_c/wiringPi/mcp3004.o
 .text.mcp3004Setup
                0x0000000000008028       0x34 ./src/gpio_lib_c/wiringPi/mcp3004.o
                0x0000000000008028                mcp3004Setup
 .text.myAnalogRead
                0x000000000000805c       0xbc ./src/gpio_lib_c/wiringPi/mcp3422.o
                0x000000000000805c                myAnalogRead
 .text.mcp3422Setup
                0x0000000000008118       0x2c ./src/gpio_lib_c/wiringPi/mcp3422.o
                0x0000000000008118                mcp3422Setup
 .text.myAnalogWrite
                0x0000000000008144       0x30 ./src/gpio_lib_c/wiringPi/mcp4802.o
 .text.mcp4802Setup
                0x0000000000008174       0x34 ./src/gpio_lib_c/wiringPi/mcp4802.o
                0x0000000000008174                mcp4802Setup
 .text.myDigitalRead
                0x00000000000081a8       0x20 ./src/gpio_lib_c/wiringPi/pcf8574.o
 .text.myDigitalWrite
                0x00000000000081c8       0x28 ./src/gpio_lib_c/wiringPi/pcf8574.o
 .text.myPinMode
                0x00000000000081f0       0x28 ./src/gpio_lib_c/wiringPi/pcf8574.o
 .text.pcf8574Setup
                0x0000000000008218       0x40 ./src/gpio_lib_c/wiringPi/pcf8574.o
                0x0000000000008218                pcf8574Setup
 .text.myAnalogWrite
                0x0000000000008258       0x20 ./src/gpio_lib_c/wiringPi/pcf8591.o
 .text.myAnalogRead
                0x0000000000008278       0x28 ./src/gpio_lib_c/wiringPi/pcf8591.o
 .text.pcf8591Setup
                0x00000000000082a0       0x30 ./src/gpio_lib_c/wiringPi/pcf8591.o
                0x00000000000082a0                pcf8591Setup
 .text.piHiPri  0x00000000000082d0       0x30 ./src/gpio_lib_c/wiringPi/piHiPri.o
                0x00000000000082d0                piHiPri
 .text.piThreadCreate
                0x0000000000008300       0x18 ./src/gpio_lib_c/wiringPi/piThread.o
                0x0000000000008300                piThreadCreate
 .text.piLock   0x0000000000008318       0x14 ./src/gpio_lib_c/wiringPi/piThread.o
                0x0000000000008318                piLock
 .text.piUnlock
                0x000000000000832c       0x14 ./src/gpio_lib_c/wiringPi/piThread.o
                0x000000000000832c                piUnlock
 .text.myAnalogWrite
                0x0000000000008340       0x20 ./src/gpio_lib_c/wiringPi/sn3218.o
 .text.sn3218Setup
                0x0000000000008360       0x58 ./src/gpio_lib_c/wiringPi/sn3218.o
                0x0000000000008360                sn3218Setup
 .text.softPwmThread
                0x00000000000083b8       0x7c ./src/gpio_lib_c/wiringPi/softPwm.o
 .text.softPwmWrite
                0x0000000000008434       0x30 ./src/gpio_lib_c/wiringPi/softPwm.o
                0x0000000000008434                softPwmWrite
 .text.softPwmCreate
                0x0000000000008464       0x7c ./src/gpio_lib_c/wiringPi/softPwm.o
                0x0000000000008464                softPwmCreate
 .text.softPwmStop
                0x00000000000084e0       0x3c ./src/gpio_lib_c/wiringPi/softPwm.o
                0x00000000000084e0                softPwmStop
 .text.softServoThread
                0x000000000000851c      0x158 ./src/gpio_lib_c/wiringPi/softServo.o
 .text.softServoWrite
                0x0000000000008674       0x44 ./src/gpio_lib_c/wiringPi/softServo.o
                0x0000000000008674                softServoWrite
 .text.softServoSetup
                0x00000000000086b8       0xfc ./src/gpio_lib_c/wiringPi/softServo.o
                0x00000000000086b8                softServoSetup
 .text.softToneThread
                0x00000000000087b4       0x74 ./src/gpio_lib_c/wiringPi/softTone.o
 .text.softToneWrite
                0x0000000000008828       0x20 ./src/gpio_lib_c/wiringPi/softTone.o
                0x0000000000008828                softToneWrite
 .text.softToneCreate
                0x0000000000008848       0x68 ./src/gpio_lib_c/wiringPi/softTone.o
                0x0000000000008848                softToneCreate
 .text.softToneStop
                0x00000000000088b0       0x34 ./src/gpio_lib_c/wiringPi/softTone.o
                0x00000000000088b0                softToneStop
 .text.myDigitalWrite
                0x00000000000088e4       0x80 ./src/gpio_lib_c/wiringPi/sr595.o
 .text.sr595Setup
                0x0000000000008964       0x54 ./src/gpio_lib_c/wiringPi/sr595.o
                0x0000000000008964                sr595Setup
 .text.analogReadDummy
                0x00000000000089b8        0x4 ./src/gpio_lib_c/wiringPi/wiringPi.o
 .text.analogWriteDummy
                0x00000000000089bc        0x4 ./src/gpio_lib_c/wiringPi/wiringPi.o
 .text.initialiseEpoch
                0x00000000000089c0       0x50 ./src/gpio_lib_c/wiringPi/wiringPi.o
 .text.piGpioLayout.part.0
                0x0000000000008a10      0x270 ./src/gpio_lib_c/wiringPi/wiringPi.o
 .text.digitalWriteDummy
                0x0000000000008c80        0x4 ./src/gpio_lib_c/wiringPi/wiringPi.o
 .text.pwmWriteDummy
                0x0000000000008c84        0x4 ./src/gpio_lib_c/wiringPi/wiringPi.o
 .text.pinModeDummy
                0x0000000000008c88        0x4 ./src/gpio_lib_c/wiringPi/wiringPi.o
 .text.pullUpDnControlDummy
                0x0000000000008c8c        0x4 ./src/gpio_lib_c/wiringPi/wiringPi.o
 .text.digitalReadDummy
                0x0000000000008c90        0x4 ./src/gpio_lib_c/wiringPi/wiringPi.o
 .text.wiringPiFailure
                0x0000000000008c94       0x50 ./src/gpio_lib_c/wiringPi/wiringPi.o
                0x0000000000008c94                wiringPiFailure
 .text.piGpioLayout
                0x0000000000008ce4       0x14 ./src/gpio_lib_c/wiringPi/wiringPi.o
                0x0000000000008ce4                piGpioLayout
 .text.piBoardRev
                0x0000000000008cf8       0x14 ./src/gpio_lib_c/wiringPi/wiringPi.o
                0x0000000000008cf8                piBoardRev
 .text.piBoardId
                0x0000000000008d0c      0x234 ./src/gpio_lib_c/wiringPi/wiringPi.o
                0x0000000000008d0c                piBoardId
 .text.wpiPinToGpio
                0x0000000000008f40       0x14 ./src/gpio_lib_c/wiringPi/wiringPi.o
                0x0000000000008f40                wpiPinToGpio
 .text.physPinToGpio
                0x0000000000008f54       0x14 ./src/gpio_lib_c/wiringPi/wiringPi.o
                0x0000000000008f54                physPinToGpio
 .text.setPadDrive
                0x0000000000008f68       0x1c ./src/gpio_lib_c/wiringPi/wiringPi.o
                0x0000000000008f68                setPadDrive
 .text.getAlt   0x0000000000008f84       0x38 ./src/gpio_lib_c/wiringPi/wiringPi.o
                0x0000000000008f84                getAlt
 .text.getPinMode
                0x0000000000008fbc       0x38 ./src/gpio_lib_c/wiringPi/wiringPi.o
                0x0000000000008fbc                getPinMode
 .text.pwmSetMode
                0x0000000000008ff4       0x1c ./src/gpio_lib_c/wiringPi/wiringPi.o
                0x0000000000008ff4                pwmSetMode
 .text.pwmSetClock
                0x0000000000009010       0x18 ./src/gpio_lib_c/wiringPi/wiringPi.o
                0x0000000000009010                pwmSetClock
 .text.setPwmFrequency
                0x0000000000009028       0x40 ./src/gpio_lib_c/wiringPi/wiringPi.o
                0x0000000000009028                setPwmFrequency
 .text.setGpioDrive
                0x0000000000009068       0x3c ./src/gpio_lib_c/wiringPi/wiringPi.o
                0x0000000000009068                setGpioDrive
 .text.getGpioDrive
                0x00000000000090a4       0x48 ./src/gpio_lib_c/wiringPi/wiringPi.o
                0x00000000000090a4                getGpioDrive
 .text.gpioClockSet
                0x00000000000090ec       0x34 ./src/gpio_lib_c/wiringPi/wiringPi.o
                0x00000000000090ec                gpioClockSet
 .text.wiringPiFindNode
                0x0000000000009120       0x20 ./src/gpio_lib_c/wiringPi/wiringPi.o
                0x0000000000009120                wiringPiFindNode
 .text.wiringPiNewNode
                0x0000000000009140       0xf0 ./src/gpio_lib_c/wiringPi/wiringPi.o
                0x0000000000009140                wiringPiNewNode
 .text.pinModeAlt
                0x0000000000009230       0x3c ./src/gpio_lib_c/wiringPi/wiringPi.o
                0x0000000000009230                pinModeAlt
 .text.pullUpDnControl
                0x000000000000926c       0x70 ./src/gpio_lib_c/wiringPi/wiringPi.o
                0x000000000000926c                pullUpDnControl
 .text.digitalRead
                0x00000000000092dc       0xb0 ./src/gpio_lib_c/wiringPi/wiringPi.o
                0x00000000000092dc                digitalRead
 .text.digitalWrite
                0x000000000000938c       0x98 ./src/gpio_lib_c/wiringPi/wiringPi.o
                0x000000000000938c                digitalWrite
 .text.pwmWrite
                0x0000000000009424       0x70 ./src/gpio_lib_c/wiringPi/wiringPi.o
                0x0000000000009424                pwmWrite
 .text.analogRead
                0x0000000000009494       0x28 ./src/gpio_lib_c/wiringPi/wiringPi.o
                0x0000000000009494                analogRead
 .text.analogWrite
                0x00000000000094bc       0x30 ./src/gpio_lib_c/wiringPi/wiringPi.o
                0x00000000000094bc                analogWrite
 .text.pwmToneWrite
                0x00000000000094ec       0x3c ./src/gpio_lib_c/wiringPi/wiringPi.o
                0x00000000000094ec                pwmToneWrite
 .text.waitForInterrupt
                0x0000000000009528       0x70 ./src/gpio_lib_c/wiringPi/wiringPi.o
                0x0000000000009528                waitForInterrupt
 .text.interruptHandler
                0x0000000000009598       0x34 ./src/gpio_lib_c/wiringPi/wiringPi.o
 .text.wiringPiISR
                0x00000000000095cc      0x220 ./src/gpio_lib_c/wiringPi/wiringPi.o
                0x00000000000095cc                wiringPiISR
 .text.delay    0x00000000000097ec       0x34 ./src/gpio_lib_c/wiringPi/wiringPi.o
                0x00000000000097ec                delay
 .text.delayMicrosecondsHard
                0x0000000000009820       0x6c ./src/gpio_lib_c/wiringPi/wiringPi.o
                0x0000000000009820                delayMicrosecondsHard
 .text.pinMode  0x000000000000988c      0x140 ./src/gpio_lib_c/wiringPi/wiringPi.o
                0x000000000000988c                pinMode
 .text.digitalWriteByte
                0x00000000000099cc       0x94 ./src/gpio_lib_c/wiringPi/wiringPi.o
                0x00000000000099cc                digitalWriteByte
 .text.setPwmPeriod
                0x0000000000009a60       0x48 ./src/gpio_lib_c/wiringPi/wiringPi.o
                0x0000000000009a60                setPwmPeriod
 .text.pwmSetRange
                0x0000000000009aa8       0x24 ./src/gpio_lib_c/wiringPi/wiringPi.o
                0x0000000000009aa8                pwmSetRange
 .text.delayMicroseconds
                0x0000000000009acc       0x48 ./src/gpio_lib_c/wiringPi/wiringPi.o
                0x0000000000009acc                delayMicroseconds
 .text.millis   0x0000000000009b14       0x38 ./src/gpio_lib_c/wiringPi/wiringPi.o
                0x0000000000009b14                millis
 .text.micros   0x0000000000009b4c       0x2c ./src/gpio_lib_c/wiringPi/wiringPi.o
                0x0000000000009b4c                micros
 .text.wiringPiSetup
                0x0000000000009b78       0xf0 ./src/gpio_lib_c/wiringPi/wiringPi.o
                0x0000000000009b78                wiringPiSetup
 .text.wiringPiSetupGpio
                0x0000000000009c68       0x28 ./src/gpio_lib_c/wiringPi/wiringPi.o
                0x0000000000009c68                wiringPiSetupGpio
 .text.wiringPiSetupPhys
                0x0000000000009c90       0x28 ./src/gpio_lib_c/wiringPi/wiringPi.o
                0x0000000000009c90                wiringPiSetupPhys
 .text.wiringPiSetupSys
                0x0000000000009cb8       0xd8 ./src/gpio_lib_c/wiringPi/wiringPi.o
                0x0000000000009cb8                wiringPiSetupSys
 .text.wiringPiI2CRead
                0x0000000000009d90       0x30 ./src/gpio_lib_c/wiringPi/wiringPiI2C.o
                0x0000000000009d90                wiringPiI2CRead
 .text.wiringPiI2CReadReg8
                0x0000000000009dc0       0x30 ./src/gpio_lib_c/wiringPi/wiringPiI2C.o
                0x0000000000009dc0                wiringPiI2CReadReg8
 .text.wiringPiI2CReadReg16
                0x0000000000009df0       0x30 ./src/gpio_lib_c/wiringPi/wiringPiI2C.o
                0x0000000000009df0                wiringPiI2CReadReg16
 .text.wiringPiI2CWrite
                0x0000000000009e20       0x24 ./src/gpio_lib_c/wiringPi/wiringPiI2C.o
                0x0000000000009e20                wiringPiI2CWrite
 .text.wiringPiI2CWriteReg8
                0x0000000000009e44       0x28 ./src/gpio_lib_c/wiringPi/wiringPiI2C.o
                0x0000000000009e44                wiringPiI2CWriteReg8
 .text.wiringPiI2CWriteReg16
                0x0000000000009e6c       0x28 ./src/gpio_lib_c/wiringPi/wiringPiI2C.o
                0x0000000000009e6c                wiringPiI2CWriteReg16
 .text.wiringPiI2CSetupInterface
                0x0000000000009e94       0x58 ./src/gpio_lib_c/wiringPi/wiringPiI2C.o
                0x0000000000009e94                wiringPiI2CSetupInterface
 .text.wiringPiI2CSetup
                0x0000000000009eec       0x28 ./src/gpio_lib_c/wiringPi/wiringPiI2C.o
                0x0000000000009eec                wiringPiI2CSetup
 .text.MiarmI2CSetup
                0x0000000000009f14       0x38 ./src/gpio_lib_c/wiringPi/wiringPiI2C.o
                0x0000000000009f14                MiarmI2CSetup
 .text.wiringPiSPIGetFd
                0x0000000000009f4c       0x10 ./src/gpio_lib_c/wiringPi/wiringPiSPI.o
                0x0000000000009f4c                wiringPiSPIGetFd
 .text.wiringPiSPIDataRW
                0x0000000000009f5c       0x48 ./src/gpio_lib_c/wiringPi/wiringPiSPI.o
                0x0000000000009f5c                wiringPiSPIDataRW
 .text.wiringPiSPISetupMode
                0x0000000000009fa4      0x100 ./src/gpio_lib_c/wiringPi/wiringPiSPI.o
                0x0000000000009fa4                wiringPiSPISetupMode
 .text.wiringPiSPISetup
                0x000000000000a0a4        0x8 ./src/gpio_lib_c/wiringPi/wiringPiSPI.o
                0x000000000000a0a4                wiringPiSPISetup
 .text.serialOpen
                0x000000000000a0ac      0x16c ./src/gpio_lib_c/wiringPi/wiringSerial.o
                0x000000000000a0ac                serialOpen
 .text.serialFlush
                0x000000000000a218        0x8 ./src/gpio_lib_c/wiringPi/wiringSerial.o
                0x000000000000a218                serialFlush
 .text.serialClose
                0x000000000000a220        0x4 ./src/gpio_lib_c/wiringPi/wiringSerial.o
                0x000000000000a220                serialClose
 .text.serialPutchar
                0x000000000000a224       0x18 ./src/gpio_lib_c/wiringPi/wiringSerial.o
                0x000000000000a224                serialPutchar
 .text.serialPuts
                0x000000000000a23c       0x1c ./src/gpio_lib_c/wiringPi/wiringSerial.o
                0x000000000000a23c                serialPuts
 .text.serialPrintf
                0x000000000000a258       0x3c ./src/gpio_lib_c/wiringPi/wiringSerial.o
                0x000000000000a258                serialPrintf
 .text.serialDataAvail
                0x000000000000a294       0x1c ./src/gpio_lib_c/wiringPi/wiringSerial.o
                0x000000000000a294                serialDataAvail
 .text.serialGetchar
                0x000000000000a2b0       0x20 ./src/gpio_lib_c/wiringPi/wiringSerial.o
                0x000000000000a2b0                serialGetchar
 .text.shiftIn  0x000000000000a2d0       0x60 ./src/gpio_lib_c/wiringPi/wiringShift.o
                0x000000000000a2d0                shiftIn
 .text.shiftOut
                0x000000000000a330       0x64 ./src/gpio_lib_c/wiringPi/wiringShift.o
                0x000000000000a330                shiftOut
 .text.asus_get_physToGpio
                0x000000000000a394        0x8 ./src/gpio_lib_c/wiringPi/wiringTB.o
                0x000000000000a394                asus_get_physToGpio
 .text.asus_get_pinToGpio
                0x000000000000a39c        0x8 ./src/gpio_lib_c/wiringPi/wiringTB.o
                0x000000000000a39c                asus_get_pinToGpio
 .text.pud_2_tb_format
                0x000000000000a3a4       0x10 ./src/gpio_lib_c/wiringPi/wiringTB.o
                0x000000000000a3a4                pud_2_tb_format
 .text.alt_2_tb_format
                0x000000000000a3b4       0x14 ./src/gpio_lib_c/wiringPi/wiringTB.o
                0x000000000000a3b4                alt_2_tb_format
 .text.GET_PULL_OFFSET
                0x000000000000a3c8       0x30 ./src/gpio_lib_c/wiringPi/wiringTB.o
                0x000000000000a3c8                GET_PULL_OFFSET
 .text.GET_DRV_OFFSET
                0x000000000000a3f8       0x30 ./src/gpio_lib_c/wiringPi/wiringTB.o
                0x000000000000a3f8                GET_DRV_OFFSET
 .text.gpioToBank
                0x000000000000a428       0x10 ./src/gpio_lib_c/wiringPi/wiringTB.o
                0x000000000000a428                gpioToBank
 .text.gpioToBankPin
                0x000000000000a438        0xc ./src/gpio_lib_c/wiringPi/wiringTB.o
                0x000000000000a438                gpioToBankPin
 .text.tinker_board_setup
                0x000000000000a444      0x1c0 ./src/gpio_lib_c/wiringPi/wiringTB.o
                0x000000000000a444                tinker_board_setup
 .text.gpio_is_valid
                0x000000000000a604       0x50 ./src/gpio_lib_c/wiringPi/wiringTB.o
                0x000000000000a604                gpio_is_valid
 .text.gpio_clk_enable
                0x000000000000a654       0x48 ./src/gpio_lib_c/wiringPi/wiringTB.o
                0x000000000000a654                gpio_clk_enable
 .text.asus_get_pin_mode
                0x000000000000a69c      0x3fc ./src/gpio_lib_c/wiringPi/wiringTB.o
                0x000000000000a69c                asus_get_pin_mode
 .text.asus_set_pinmode_as_gpio
                0x000000000000aa98      0x1e4 ./src/gpio_lib_c/wiringPi/wiringTB.o
                0x000000000000aa98                asus_set_pinmode_as_gpio
 .text.asus_set_pin_mode
                0x000000000000ac7c       0xd4 ./src/gpio_lib_c/wiringPi/wiringTB.o
                0x000000000000ac7c                asus_set_pin_mode
 .text.asus_digitalWrite
                0x000000000000ad50       0x70 ./src/gpio_lib_c/wiringPi/wiringTB.o
                0x000000000000ad50                asus_digitalWrite
 .text.asus_digitalRead
                0x000000000000adc0       0x2c ./src/gpio_lib_c/wiringPi/wiringTB.o
                0x000000000000adc0                asus_digitalRead
 .text.asus_pullUpDnControl
                0x000000000000adec       0xdc ./src/gpio_lib_c/wiringPi/wiringTB.o
                0x000000000000adec                asus_pullUpDnControl
 .text.asus_get_pwm_value
                0x000000000000aec8       0x60 ./src/gpio_lib_c/wiringPi/wiringTB.o
                0x000000000000aec8                asus_get_pwm_value
 .text.asus_set_pwmFrequency
                0x000000000000af28       0x80 ./src/gpio_lib_c/wiringPi/wiringTB.o
                0x000000000000af28                asus_set_pwmFrequency
 .text.asus_set_pwmClock
                0x000000000000afa8       0x20 ./src/gpio_lib_c/wiringPi/wiringTB.o
                0x000000000000afa8                asus_set_pwmClock
 .text.asus_pwm_write
                0x000000000000afc8       0xc4 ./src/gpio_lib_c/wiringPi/wiringTB.o
                0x000000000000afc8                asus_pwm_write
 .text.asus_set_pwmPeriod
                0x000000000000b08c       0x88 ./src/gpio_lib_c/wiringPi/wiringTB.o
                0x000000000000b08c                asus_set_pwmPeriod
 .text.asus_set_pwmRange
                0x000000000000b114       0x20 ./src/gpio_lib_c/wiringPi/wiringTB.o
                0x000000000000b114                asus_set_pwmRange
 .text.asus_pwmToneWrite
                0x000000000000b134       0x70 ./src/gpio_lib_c/wiringPi/wiringTB.o
                0x000000000000b134                asus_pwmToneWrite
 .text.asus_set_gpioClockFreq
                0x000000000000b1a4       0x38 ./src/gpio_lib_c/wiringPi/wiringTB.o
                0x000000000000b1a4                asus_set_gpioClockFreq
 .text.asus_get_pinAlt
                0x000000000000b1dc      0x354 ./src/gpio_lib_c/wiringPi/wiringTB.o
                0x000000000000b1dc                asus_get_pinAlt
 .text.SetGpioMode
                0x000000000000b530      0x22c ./src/gpio_lib_c/wiringPi/wiringTB.o
                0x000000000000b530                SetGpioMode
 .text.asus_set_pinAlt
                0x000000000000b75c       0x78 ./src/gpio_lib_c/wiringPi/wiringTB.o
                0x000000000000b75c                asus_set_pinAlt
 .text.asus_set_GpioDriveStrength
                0x000000000000b7d4       0xec ./src/gpio_lib_c/wiringPi/wiringTB.o
                0x000000000000b7d4                asus_set_GpioDriveStrength
 .text.asus_get_GpioDriveStrength
                0x000000000000b8c0       0xa0 ./src/gpio_lib_c/wiringPi/wiringTB.o
                0x000000000000b8c0                asus_get_GpioDriveStrength
 .text.asus_cleanup
                0x000000000000b960       0x60 ./src/gpio_lib_c/wiringPi/wiringTB.o
                0x000000000000b960                asus_cleanup
 .text.doExtensionSn3218
                0x000000000000b9c0        0xc ./src/gpio_lib_c/wiringPi/wpiExtensions.o
 .text.verbError
                0x000000000000b9cc       0x48 ./src/gpio_lib_c/wiringPi/wpiExtensions.o
 .text.extractInt
                0x000000000000ba14       0x7c ./src/gpio_lib_c/wiringPi/wpiExtensions.o
 .text.doExtensionDrcS
                0x000000000000ba90      0x124 ./src/gpio_lib_c/wiringPi/wpiExtensions.o
 .text.doExtensionMax5322
                0x000000000000bbb4       0x3c ./src/gpio_lib_c/wiringPi/wpiExtensions.o
 .text.doExtensionMax31855
                0x000000000000bbf0       0x3c ./src/gpio_lib_c/wiringPi/wpiExtensions.o
 .text.doExtensionMcp3422
                0x000000000000bc2c       0x88 ./src/gpio_lib_c/wiringPi/wpiExtensions.o
 .text.doExtensionMcp4802
                0x000000000000bcb4       0x3c ./src/gpio_lib_c/wiringPi/wpiExtensions.o
 .text.doExtensionMcp3004
                0x000000000000bcf0       0x3c ./src/gpio_lib_c/wiringPi/wpiExtensions.o
 .text.doExtensionMcp3002
                0x000000000000bd2c       0x3c ./src/gpio_lib_c/wiringPi/wpiExtensions.o
 .text.doExtensionPcf8591
                0x000000000000bd68       0x3c ./src/gpio_lib_c/wiringPi/wpiExtensions.o
 .text.doExtensionPcf8574
                0x000000000000bda4       0x3c ./src/gpio_lib_c/wiringPi/wpiExtensions.o
 .text.doExtensionSr595
                0x000000000000bde0       0x68 ./src/gpio_lib_c/wiringPi/wpiExtensions.o
 .text.doExtensionMcp23s17
                0x000000000000be48       0x60 ./src/gpio_lib_c/wiringPi/wpiExtensions.o
 .text.doExtensionMcp23s08
                0x000000000000bea8       0x60 ./src/gpio_lib_c/wiringPi/wpiExtensions.o
 .text.doExtensionMcp23017
                0x000000000000bf08       0x3c ./src/gpio_lib_c/wiringPi/wpiExtensions.o
 .text.doExtensionMcp23016
                0x000000000000bf44       0x3c ./src/gpio_lib_c/wiringPi/wpiExtensions.o
 .text.doExtensionMcp23008
                0x000000000000bf80       0x3c ./src/gpio_lib_c/wiringPi/wpiExtensions.o
 .text.loadWPiExtension
                0x000000000000bfbc       0xf4 ./src/gpio_lib_c/wiringPi/wpiExtensions.o
                0x000000000000bfbc                loadWPiExtension
 .text.wfi      0x000000000000c0b0        0x8 ./src/gpio_lib_c/gpio/gpio.o
 .text.changeOwner
                0x000000000000c0b8       0x64 ./src/gpio_lib_c/gpio/gpio.o
 .text.moduleLoaded
                0x000000000000c11c       0x74 ./src/gpio_lib_c/gpio/gpio.o
 .text.doExport
                0x000000000000c190      0x1d8 ./src/gpio_lib_c/gpio/gpio.o
                0x000000000000c190                doExport
 .text.doWfi    0x000000000000c368       0xbc ./src/gpio_lib_c/gpio/gpio.o
                0x000000000000c368                doWfi
 .text.doEdge   0x000000000000c424      0x1f0 ./src/gpio_lib_c/gpio/gpio.o
                0x000000000000c424                doEdge
 .text.doUnexport
                0x000000000000c614       0x70 ./src/gpio_lib_c/gpio/gpio.o
                0x000000000000c614                doUnexport
 .text.doUnexportall
                0x000000000000c684       0x5c ./src/gpio_lib_c/gpio/gpio.o
                0x000000000000c684                doUnexportall
 .text.doMode   0x000000000000c6e0      0x204 ./src/gpio_lib_c/gpio/gpio.o
                0x000000000000c6e0                doMode
 .text.doRead   0x000000000000c8e4       0x4c ./src/gpio_lib_c/gpio/gpio.o
                0x000000000000c8e4                doRead
 .text.doAread  0x000000000000c930       0x40 ./src/gpio_lib_c/gpio/gpio.o
                0x000000000000c930                doAread
 .text.doToggle
                0x000000000000c970       0x40 ./src/gpio_lib_c/gpio/gpio.o
                0x000000000000c970                doToggle
 .text.doPwmTone
                0x000000000000c9b0       0x44 ./src/gpio_lib_c/gpio/gpio.o
                0x000000000000c9b0                doPwmTone
 .text.doClock  0x000000000000c9f4       0x44 ./src/gpio_lib_c/gpio/gpio.o
                0x000000000000c9f4                doClock
 .text.doPwm    0x000000000000ca38       0x44 ./src/gpio_lib_c/gpio/gpio.o
                0x000000000000ca38                doPwm
 .text.doPins   0x000000000000ca7c       0x24 ./src/gpio_lib_c/gpio/pins.o
                0x000000000000ca7c                doPins
 .text.plus2header
                0x000000000000caa0       0x44 ./src/gpio_lib_c/gpio/readall.o
 .text.asusPinModeToString
                0x000000000000cae4       0x6c ./src/gpio_lib_c/gpio/readall.o
 .text.readallPhys
                0x000000000000cb50      0x200 ./src/gpio_lib_c/gpio/readall.o
 .text.getAndTranslateAlt
                0x000000000000cd50       0x1c ./src/gpio_lib_c/gpio/readall.o
                0x000000000000cd50                getAndTranslateAlt
 .text.cmReadall
                0x000000000000cd6c       0xa4 ./src/gpio_lib_c/gpio/readall.o
                0x000000000000cd6c                cmReadall
 .text.abReadall
                0x000000000000ce10       0x8c ./src/gpio_lib_c/gpio/readall.o
                0x000000000000ce10                abReadall
 .text.piPlusReadall
                0x000000000000ce9c       0x44 ./src/gpio_lib_c/gpio/readall.o
                0x000000000000ce9c                piPlusReadall
 .text.doReadall
                0x000000000000cee0       0xb4 ./src/gpio_lib_c/gpio/readall.o
                0x000000000000cee0                doReadall
 .text.dsShiftOut
                0x000000000000cf94       0x58 ./src/gpio_lib_c/devLib/ds1302.o
 .text.ds1302regWrite
                0x000000000000cfec       0x38 ./src/gpio_lib_c/devLib/ds1302.o
 .text.dsShiftIn
                0x000000000000d024       0x54 ./src/gpio_lib_c/devLib/ds1302.o
 .text.ds1302regRead
                0x000000000000d078       0x38 ./src/gpio_lib_c/devLib/ds1302.o
 .text.ds1302rtcRead
                0x000000000000d0b0       0x10 ./src/gpio_lib_c/devLib/ds1302.o
                0x000000000000d0b0                ds1302rtcRead
 .text.ds1302rtcWrite
                0x000000000000d0c0       0x10 ./src/gpio_lib_c/devLib/ds1302.o
                0x000000000000d0c0                ds1302rtcWrite
 .text.ds1302ramRead
                0x000000000000d0d0        0xc ./src/gpio_lib_c/devLib/ds1302.o
                0x000000000000d0d0                ds1302ramRead
 .text.ds1302ramWrite
                0x000000000000d0dc       0x10 ./src/gpio_lib_c/devLib/ds1302.o
                0x000000000000d0dc                ds1302ramWrite
 .text.ds1302clockRead
                0x000000000000d0ec       0x40 ./src/gpio_lib_c/devLib/ds1302.o
                0x000000000000d0ec                ds1302clockRead
 .text.ds1302clockWrite
                0x000000000000d12c       0x40 ./src/gpio_lib_c/devLib/ds1302.o
                0x000000000000d12c                ds1302clockWrite
 .text.ds1302trickleCharge
                0x000000000000d16c       0x24 ./src/gpio_lib_c/devLib/ds1302.o
                0x000000000000d16c                ds1302trickleCharge
 .text.ds1302setup
                0x000000000000d190       0x58 ./src/gpio_lib_c/devLib/ds1302.o
                0x000000000000d190                ds1302setup
 .text.gertboardAnalogWrite
                0x000000000000d1e8       0x2c ./src/gpio_lib_c/devLib/gertboard.o
                0x000000000000d1e8                gertboardAnalogWrite
 .text.myAnalogWrite
                0x000000000000d214        0xc ./src/gpio_lib_c/devLib/gertboard.o
 .text.gertboardAnalogRead
                0x000000000000d220       0x38 ./src/gpio_lib_c/devLib/gertboard.o
                0x000000000000d220                gertboardAnalogRead
 .text.myAnalogRead
                0x000000000000d258        0x8 ./src/gpio_lib_c/devLib/gertboard.o
 .text.gertboardSPISetup
                0x000000000000d260       0x24 ./src/gpio_lib_c/devLib/gertboard.o
                0x000000000000d260                gertboardSPISetup
 .text.gertboardAnalogSetup
                0x000000000000d284       0x28 ./src/gpio_lib_c/devLib/gertboard.o
                0x000000000000d284                gertboardAnalogSetup
 .text.strobe.isra.0
                0x000000000000d2ac       0x24 ./src/gpio_lib_c/devLib/lcd.o
 .text.sendDataCmd
                0x000000000000d2d0       0x84 ./src/gpio_lib_c/devLib/lcd.o
 .text.putCommand
                0x000000000000d354       0x20 ./src/gpio_lib_c/devLib/lcd.o
 .text.put4Command
                0x000000000000d374       0x38 ./src/gpio_lib_c/devLib/lcd.o
 .text.lcdHome  0x000000000000d3ac       0x24 ./src/gpio_lib_c/devLib/lcd.o
                0x000000000000d3ac                lcdHome
 .text.lcdClear
                0x000000000000d3d0       0x2c ./src/gpio_lib_c/devLib/lcd.o
                0x000000000000d3d0                lcdClear
 .text.lcdDisplay
                0x000000000000d3fc       0x38 ./src/gpio_lib_c/devLib/lcd.o
                0x000000000000d3fc                lcdDisplay
 .text.lcdCursor
                0x000000000000d434       0x38 ./src/gpio_lib_c/devLib/lcd.o
                0x000000000000d434                lcdCursor
 .text.lcdCursorBlink
                0x000000000000d46c       0x38 ./src/gpio_lib_c/devLib/lcd.o
                0x000000000000d46c                lcdCursorBlink
 .text.lcdSendCommand
                0x000000000000d4a4       0x10 ./src/gpio_lib_c/devLib/lcd.o
                0x000000000000d4a4                lcdSendCommand
 .text.lcdPosition
                0x000000000000d4b4       0x44 ./src/gpio_lib_c/devLib/lcd.o
                0x000000000000d4b4                lcdPosition
 .text.lcdCharDef
                0x000000000000d4f8       0x3c ./src/gpio_lib_c/devLib/lcd.o
                0x000000000000d4f8                lcdCharDef
 .text.lcdPutchar
                0x000000000000d534       0x64 ./src/gpio_lib_c/devLib/lcd.o
                0x000000000000d534                lcdPutchar
 .text.lcdPuts  0x000000000000d598       0x20 ./src/gpio_lib_c/devLib/lcd.o
                0x000000000000d598                lcdPuts
 .text.lcdPrintf
                0x000000000000d5b8       0x44 ./src/gpio_lib_c/devLib/lcd.o
                0x000000000000d5b8                lcdPrintf
 .text.lcdInit  0x000000000000d5fc      0x1ec ./src/gpio_lib_c/devLib/lcd.o
                0x000000000000d5fc                lcdInit
 .text.sendData
                0x000000000000d7e8       0x3c ./src/gpio_lib_c/devLib/lcd128x64.o
 .text.sendCommand
                0x000000000000d824       0x24 ./src/gpio_lib_c/devLib/lcd128x64.o
 .text.lcd128x64update
                0x000000000000d848       0xa8 ./src/gpio_lib_c/devLib/lcd128x64.o
                0x000000000000d848                lcd128x64update
 .text.lcd128x64setOrigin
                0x000000000000d8f0       0x14 ./src/gpio_lib_c/devLib/lcd128x64.o
                0x000000000000d8f0                lcd128x64setOrigin
 .text.lcd128x64setOrientation
                0x000000000000d904       0x54 ./src/gpio_lib_c/devLib/lcd128x64.o
                0x000000000000d904                lcd128x64setOrientation
 .text.lcd128x64orientCoordinates
                0x000000000000d958       0x84 ./src/gpio_lib_c/devLib/lcd128x64.o
                0x000000000000d958                lcd128x64orientCoordinates
 .text.lcd128x64getScreenSize
                0x000000000000d9dc       0x18 ./src/gpio_lib_c/devLib/lcd128x64.o
                0x000000000000d9dc                lcd128x64getScreenSize
 .text.lcd128x64point
                0x000000000000d9f4       0x44 ./src/gpio_lib_c/devLib/lcd128x64.o
                0x000000000000d9f4                lcd128x64point
 .text.lcd128x64line
                0x000000000000da38       0x90 ./src/gpio_lib_c/devLib/lcd128x64.o
                0x000000000000da38                lcd128x64line
 .text.plot4ellipsePoints
                0x000000000000dac8       0x70 ./src/gpio_lib_c/devLib/lcd128x64.o
 .text.lcd128x64lineTo
                0x000000000000db38       0x28 ./src/gpio_lib_c/devLib/lcd128x64.o
                0x000000000000db38                lcd128x64lineTo
 .text.lcd128x64rectangle
                0x000000000000db60       0x98 ./src/gpio_lib_c/devLib/lcd128x64.o
                0x000000000000db60                lcd128x64rectangle
 .text.lcd128x64circle
                0x000000000000dbf8      0x1a8 ./src/gpio_lib_c/devLib/lcd128x64.o
                0x000000000000dbf8                lcd128x64circle
 .text.lcd128x64ellipse
                0x000000000000dda0       0xf4 ./src/gpio_lib_c/devLib/lcd128x64.o
                0x000000000000dda0                lcd128x64ellipse
 .text.lcd128x64putchar
                0x000000000000de94       0xdc ./src/gpio_lib_c/devLib/lcd128x64.o
                0x000000000000de94                lcd128x64putchar
 .text.lcd128x64puts
                0x000000000000df70       0x60 ./src/gpio_lib_c/devLib/lcd128x64.o
                0x000000000000df70                lcd128x64puts
 .text.lcd128x64clear
                0x000000000000dfd0       0x30 ./src/gpio_lib_c/devLib/lcd128x64.o
                0x000000000000dfd0                lcd128x64clear
 .text.lcd128x64setup
                0x000000000000e000       0xc8 ./src/gpio_lib_c/devLib/lcd128x64.o
                0x000000000000e000                lcd128x64setup
 .text.maxDetectLowHighWait
                0x000000000000e0c8       0x38 ./src/gpio_lib_c/devLib/maxdetect.o
 .text.maxDetectRead
                0x000000000000e100       0x98 ./src/gpio_lib_c/devLib/maxdetect.o
                0x000000000000e100                maxDetectRead
 .text.readRHT03
                0x000000000000e198       0x84 ./src/gpio_lib_c/devLib/maxdetect.o
                0x000000000000e198                readRHT03
 .text.myDigitalWrite
                0x000000000000e21c        0xc ./src/gpio_lib_c/devLib/piFace.o
                0x000000000000e21c                myDigitalWrite
 .text.myPullUpDnControl
                0x000000000000e228        0xc ./src/gpio_lib_c/devLib/piFace.o
                0x000000000000e228                myPullUpDnControl
 .text.myDigitalRead
                0x000000000000e234       0x18 ./src/gpio_lib_c/devLib/piFace.o
                0x000000000000e234                myDigitalRead
 .text.piFaceSetup
                0x000000000000e24c       0x50 ./src/gpio_lib_c/devLib/piFace.o
                0x000000000000e24c                piFaceSetup
 .text.piGlowLeg.part.0
                0x000000000000e29c       0x38 ./src/gpio_lib_c/devLib/piGlow.o
 .text.piGlow1  0x000000000000e2d4       0x48 ./src/gpio_lib_c/devLib/piGlow.o
                0x000000000000e2d4                piGlow1
 .text.piGlowLeg
                0x000000000000e31c        0xc ./src/gpio_lib_c/devLib/piGlow.o
                0x000000000000e31c                piGlowLeg
 .text.piGlowRing
                0x000000000000e328       0x4c ./src/gpio_lib_c/devLib/piGlow.o
                0x000000000000e328                piGlowRing
 .text.piGlowSetup
                0x000000000000e374       0x2c ./src/gpio_lib_c/devLib/piGlow.o
                0x000000000000e374                piGlowSetup
 .text.setupNesJoystick
                0x000000000000e3a0       0x60 ./src/gpio_lib_c/devLib/piNes.o
                0x000000000000e3a0                setupNesJoystick
 .text.readNesJoystick
                0x000000000000e400       0x68 ./src/gpio_lib_c/devLib/piNes.o
                0x000000000000e400                readNesJoystick
 .text          0x000000000000e468      0x370 /usr/lib/gcc/arm-none-eabi/6.3.1/thumb/v7-m/libgcc.a(_arm_addsubdf3.o)
                0x000000000000e468                __aeabi_drsub
                0x000000000000e470                __aeabi_dsub
                0x000000000000e470                __subdf3
                0x000000000000e474                __adddf3
                0x000000000000e474                __aeabi_dadd
                0x000000000000e6ec                __aeabi_ui2d
                0x000000000000e6ec                __floatunsidf
                0x000000000000e70c                __floatsidf
                0x000000000000e70c                __aeabi_i2d
                0x000000000000e730                __extendsfdf2
                0x000000000000e730                __aeabi_f2d
                0x000000000000e76c                __aeabi_ul2d
                0x000000000000e76c                __floatundidf
                0x000000000000e77c                __floatdidf
                0x000000000000e77c                __aeabi_l2d
 .text          0x000000000000e7d8      0x424 /usr/lib/gcc/arm-none-eabi/6.3.1/thumb/v7-m/libgcc.a(_arm_muldivdf3.o)
                0x000000000000e7d8                __aeabi_dmul
                0x000000000000e7d8                __muldf3
                0x000000000000ea2c                __aeabi_ddiv
                0x000000000000ea2c                __divdf3
 .text          0x000000000000ebfc       0x50 /usr/lib/gcc/arm-none-eabi/6.3.1/thumb/v7-m/libgcc.a(_arm_fixdfsi.o)
                0x000000000000ebfc                __fixdfsi
                0x000000000000ebfc                __aeabi_d2iz
 *(.gnu.warning)
 *(.glue_7t)
 .glue_7t       0x000000000000ec4c        0x0 linker stubs
 *(.glue_7)
 .glue_7        0x000000000000ec4c        0x0 linker stubs
 *(.vfp11_veneer)
 .vfp11_veneer  0x000000000000ec4c        0x0 linker stubs
 *(.v4_bx)
 .v4_bx         0x000000000000ec4c        0x0 linker stubs

.fini           0x000000000000ec4c        0xc
 *(SORT(.fini))
 .fini          0x000000000000ec4c        0x4 /usr/lib/gcc/arm-none-eabi/6.3.1/thumb/v7-m/crti.o
                0x000000000000ec4c                _fini
 .fini          0x000000000000ec50        0x8 /usr/lib/gcc/arm-none-eabi/6.3.1/thumb/v7-m/crtn.o
                [!provide]                        PROVIDE (__etext, .)
                [!provide]                        PROVIDE (_etext, .)
                [!provide]                        PROVIDE (etext, .)

.rodata         0x000000000000ec58     0x33dc
 *(.rodata .rodata.* .gnu.linkonce.r.*)
 .rodata.drcSetupSerial.str1.4
                0x000000000000ec58       0x51 ./src/gpio_lib_c/wiringPi/drcSerial.o
 *fill*         0x000000000000eca9        0x3 
 .rodata.digitalWrite.str1.4
                0x000000000000ecac        0x3 ./src/gpio_lib_c/wiringPi/wiringPi.o
                                          0x7 (size before relaxing)
 *fill*         0x000000000000ecaf        0x1 
 .rodata.piBoardId.str1.4
                0x000000000000ecb0      0x141 ./src/gpio_lib_c/wiringPi/wiringPi.o
 *fill*         0x000000000000edf1        0x3 
 .rodata.piGpioLayout.part.0.str1.4
                0x000000000000edf4      0x2dd ./src/gpio_lib_c/wiringPi/wiringPi.o
 *fill*         0x000000000000f0d1        0x3 
 .rodata.piGpioLayoutOops.str1.4
                0x000000000000f0d4       0xb3 ./src/gpio_lib_c/wiringPi/wiringPi.o
 *fill*         0x000000000000f187        0x1 
 .rodata.piMemorySize
                0x000000000000f188       0x20 ./src/gpio_lib_c/wiringPi/wiringPi.o
                0x000000000000f188                piMemorySize
 .rodata.pinMode.str1.4
                0x000000000000f1a8       0x52 ./src/gpio_lib_c/wiringPi/wiringPi.o
 *fill*         0x000000000000f1fa        0x2 
 .rodata.pwmSetMode.str1.4
                0x000000000000f1fc       0x1d ./src/gpio_lib_c/wiringPi/wiringPi.o
 *fill*         0x000000000000f219        0x3 
 .rodata.setPadDrive.str1.4
                0x000000000000f21c       0x2e ./src/gpio_lib_c/wiringPi/wiringPi.o
 *fill*         0x000000000000f24a        0x2 
 .rodata.str1.4
                0x000000000000f24c      0x138 ./src/gpio_lib_c/wiringPi/wiringPi.o
 .rodata.wiringPiISR.str1.4
                0x000000000000f384      0x170 ./src/gpio_lib_c/wiringPi/wiringPi.o
 .rodata.wiringPiNewNode.str1.4
                0x000000000000f4f4       0x93 ./src/gpio_lib_c/wiringPi/wiringPi.o
 *fill*         0x000000000000f587        0x1 
 .rodata.wiringPiSetup.str1.4
                0x000000000000f588       0x71 ./src/gpio_lib_c/wiringPi/wiringPi.o
 *fill*         0x000000000000f5f9        0x3 
 .rodata.wiringPiSetupGpio.str1.4
                0x000000000000f5fc       0x23 ./src/gpio_lib_c/wiringPi/wiringPi.o
 *fill*         0x000000000000f61f        0x1 
 .rodata.wiringPiSetupPhys.str1.4
                0x000000000000f620       0x23 ./src/gpio_lib_c/wiringPi/wiringPi.o
 *fill*         0x000000000000f643        0x1 
 .rodata.wiringPiSetupSys.str1.4
                0x000000000000f644       0x22 ./src/gpio_lib_c/wiringPi/wiringPi.o
 *fill*         0x000000000000f666        0x2 
 .rodata.MiarmI2CSetup.str1.4
                0x000000000000f668       0x4d ./src/gpio_lib_c/wiringPi/wiringPiI2C.o
 *fill*         0x000000000000f6b5        0x3 
 .rodata.wiringPiI2CSetup.str1.4
                0x000000000000f6b8       0x17 ./src/gpio_lib_c/wiringPi/wiringPiI2C.o
 *fill*         0x000000000000f6cf        0x1 
 .rodata.wiringPiI2CSetupInterface.str1.4
                0x000000000000f6d0       0x41 ./src/gpio_lib_c/wiringPi/wiringPiI2C.o
 .rodata.spiBPW
                0x000000000000f711        0x1 ./src/gpio_lib_c/wiringPi/wiringPiSPI.o
 *fill*         0x000000000000f712        0x2 
 .rodata.wiringPiSPISetupMode.str1.4
                0x000000000000f714       0x9a ./src/gpio_lib_c/wiringPi/wiringPiSPI.o
 *fill*         0x000000000000f7ae        0x2 
 .rodata        0x000000000000f7b0      0x13c ./src/gpio_lib_c/wiringPi/wiringTB.o
 .rodata.CSWTCH.42
                0x000000000000f8ec       0x20 ./src/gpio_lib_c/wiringPi/wiringTB.o
 .rodata.CSWTCH.51
                0x000000000000f90c        0xc ./src/gpio_lib_c/wiringPi/wiringTB.o
 .rodata.CSWTCH.52
                0x000000000000f918        0xc ./src/gpio_lib_c/wiringPi/wiringTB.o
 .rodata.CSWTCH.53
                0x000000000000f924       0x10 ./src/gpio_lib_c/wiringPi/wiringTB.o
 .rodata.CSWTCH.54
                0x000000000000f934        0xc ./src/gpio_lib_c/wiringPi/wiringTB.o
 .rodata.CSWTCH.55
                0x000000000000f940       0x10 ./src/gpio_lib_c/wiringPi/wiringTB.o
 .rodata.CSWTCH.57
                0x000000000000f950       0x10 ./src/gpio_lib_c/wiringPi/wiringTB.o
 .rodata.CSWTCH.58
                0x000000000000f960        0xc ./src/gpio_lib_c/wiringPi/wiringTB.o
 .rodata.CSWTCH.59
                0x000000000000f96c       0x10 ./src/gpio_lib_c/wiringPi/wiringTB.o
 .rodata.CSWTCH.60
                0x000000000000f97c       0x14 ./src/gpio_lib_c/wiringPi/wiringTB.o
 .rodata.CSWTCH.62
                0x000000000000f990        0xc ./src/gpio_lib_c/wiringPi/wiringTB.o
 .rodata.CSWTCH.63
                0x000000000000f99c        0xc ./src/gpio_lib_c/wiringPi/wiringTB.o
 .rodata.CSWTCH.78
                0x000000000000f9a8       0x60 ./src/gpio_lib_c/wiringPi/wiringTB.o
 .rodata.CSWTCH.80
                0x000000000000fa08       0x60 ./src/gpio_lib_c/wiringPi/wiringTB.o
 .rodata.CSWTCH.81
                0x000000000000fa68       0x60 ./src/gpio_lib_c/wiringPi/wiringTB.o
 .rodata.asus_pullUpDnControl.str1.4
                0x000000000000fac8        0xd ./src/gpio_lib_c/wiringPi/wiringTB.o
 *fill*         0x000000000000fad5        0x3 
 .rodata.asus_pwm_write.str1.4
                0x000000000000fad8       0x25 ./src/gpio_lib_c/wiringPi/wiringTB.o
 *fill*         0x000000000000fafd        0x3 
 .rodata.asus_set_pinAlt.str1.4
                0x000000000000fb00        0xa ./src/gpio_lib_c/wiringPi/wiringTB.o
 *fill*         0x000000000000fb0a        0x2 
 .rodata.asus_set_pin_mode.str1.4
                0x000000000000fb0c       0x42 ./src/gpio_lib_c/wiringPi/wiringTB.o
 *fill*         0x000000000000fb4e        0x2 
 .rodata.asus_set_pinmode_as_gpio.str1.4
                0x000000000000fb50        0xb ./src/gpio_lib_c/wiringPi/wiringTB.o
 *fill*         0x000000000000fb5b        0x1 
 .rodata.tinker_board_setup.str1.4
                0x000000000000fb5c       0xa0 ./src/gpio_lib_c/wiringPi/wiringTB.o
                                         0xb0 (size before relaxing)
 .rodata.doExtensionDrcS.str1.4
                0x000000000000fbfc       0x84 ./src/gpio_lib_c/wiringPi/wpiExtensions.o
 .rodata.doExtensionMax5322.str1.4
                0x000000000000fc80       0x22 ./src/gpio_lib_c/wiringPi/wpiExtensions.o
 *fill*         0x000000000000fca2        0x2 
 .rodata.doExtensionMcp23s17.str1.4
                0x000000000000fca4       0x47 ./src/gpio_lib_c/wiringPi/wpiExtensions.o
 *fill*         0x000000000000fceb        0x1 
 .rodata.doExtensionMcp3422.str1.4
                0x000000000000fcec       0x63 ./src/gpio_lib_c/wiringPi/wpiExtensions.o
 *fill*         0x000000000000fd4f        0x1 
 .rodata.doExtensionSr595.str1.4
                0x000000000000fd50       0x31 ./src/gpio_lib_c/wiringPi/wpiExtensions.o
 *fill*         0x000000000000fd81        0x3 
 .rodata.extractInt.str1.4
                0x000000000000fd84       0x27 ./src/gpio_lib_c/wiringPi/wpiExtensions.o
 *fill*         0x000000000000fdab        0x1 
 .rodata.loadWPiExtension.str1.4
                0x000000000000fdac       0xc3 ./src/gpio_lib_c/wiringPi/wpiExtensions.o
 *fill*         0x000000000000fe6f        0x1 
 .rodata.str1.4
                0x000000000000fe70       0x95 ./src/gpio_lib_c/wiringPi/wpiExtensions.o
 .rodata.verbError.str1.4
                0x000000000000ff05       0x95 ./src/gpio_lib_c/wiringPi/wpiExtensions.o
                                          0x4 (size before relaxing)
 *fill*         0x000000000000ff05        0x3 
 .rodata._doLoadUsage.isra.0.str1.4
                0x000000000000ff08       0x33 ./src/gpio_lib_c/gpio/gpio.o
 *fill*         0x000000000000ff3b        0x1 
 .rodata._doUnLoadUsage.isra.1.str1.4
                0x000000000000ff3c       0x1c ./src/gpio_lib_c/gpio/gpio.o
 .rodata.changeOwner.str1.4
                0x000000000000ff58       0x86 ./src/gpio_lib_c/gpio/gpio.o
 *fill*         0x000000000000ffde        0x2 
 .rodata.doAread.str1.4
                0x000000000000ffe0       0x15 ./src/gpio_lib_c/gpio/gpio.o
 *fill*         0x000000000000fff5        0x3 
 .rodata.doClock.str1.4
                0x000000000000fff8       0x1e ./src/gpio_lib_c/gpio/gpio.o
 *fill*         0x0000000000010016        0x2 
 .rodata.doEdge.str1.4
                0x0000000000010018       0xb7 ./src/gpio_lib_c/gpio/gpio.o
                                         0xbf (size before relaxing)
 *fill*         0x00000000000100cf        0x1 
 .rodata.doExport.str1.4
                0x00000000000100d0      0x15c ./src/gpio_lib_c/gpio/gpio.o
                                        0x18c (size before relaxing)
 .rodata.doI2Cdetect.isra.5.str1.4
                0x000000000001022c       0x6d ./src/gpio_lib_c/gpio/gpio.o
 *fill*         0x0000000000010299        0x3 
 .rodata.doMode.str1.4
                0x000000000001029c       0x9e ./src/gpio_lib_c/gpio/gpio.o
                                         0xa6 (size before relaxing)
 *fill*         0x000000000001033a        0x2 
 .rodata.doPwm.str1.4
                0x000000000001033c       0x1d ./src/gpio_lib_c/gpio/gpio.o
 *fill*         0x0000000000010359        0x3 
 .rodata.doPwmTone.str1.4
                0x000000000001035c       0x20 ./src/gpio_lib_c/gpio/gpio.o
 .rodata.doRead.str1.4
                0x000000000001037c       0x14 ./src/gpio_lib_c/gpio/gpio.o
                                         0x1c (size before relaxing)
 .rodata.doToggle.str1.4
                0x0000000000010390       0x16 ./src/gpio_lib_c/gpio/gpio.o
 *fill*         0x00000000000103a6        0x2 
 .rodata.doUnexport.str1.4
                0x00000000000103a8       0x5e ./src/gpio_lib_c/gpio/gpio.o
 *fill*         0x0000000000010406        0x2 
 .rodata.doWfi.str1.4
                0x0000000000010408       0x7a ./src/gpio_lib_c/gpio/gpio.o
                                         0x92 (size before relaxing)
 *fill*         0x0000000000010482        0x2 
 .rodata.main.str1.4
                0x0000000000010484      0xbfe ./src/gpio_lib_c/gpio/gpio.o
                                        0xc8e (size before relaxing)
 *fill*         0x0000000000011082        0x2 
 .rodata.moduleLoaded.str1.4
                0x0000000000011084       0x33 ./src/gpio_lib_c/gpio/gpio.o
                                         0x37 (size before relaxing)
 *fill*         0x00000000000110b7        0x1 
 .rodata.str1.4
                0x00000000000110b8      0x17c ./src/gpio_lib_c/gpio/gpio.o
 .rodata.doPins.str1.4
                0x0000000000011234       0x83 ./src/gpio_lib_c/gpio/pins.o
 *fill*         0x00000000000112b7        0x1 
 .rodata.CSWTCH.12
                0x00000000000112b8       0x10 ./src/gpio_lib_c/gpio/readall.o
 .rodata.abReadall.str1.4
                0x00000000000112c8      0x14f ./src/gpio_lib_c/gpio/readall.o
 *fill*         0x0000000000011417        0x1 
 .rodata.alts   0x0000000000011418       0x20 ./src/gpio_lib_c/gpio/readall.o
 .rodata.asusPinModeToString.str1.4
                0x0000000000011438       0x1c ./src/gpio_lib_c/gpio/readall.o
                                         0x28 (size before relaxing)
 .rodata.cmReadall.str1.4
                0x0000000000011454       0x92 ./src/gpio_lib_c/gpio/readall.o
 *fill*         0x00000000000114e6        0x2 
 .rodata.doReadall.str1.4
                0x00000000000114e8       0x88 ./src/gpio_lib_c/gpio/readall.o
 .rodata.physNames
                0x0000000000011570      0x500 ./src/gpio_lib_c/gpio/readall.o
 .rodata.physToWpi
                0x0000000000011a70      0x100 ./src/gpio_lib_c/gpio/readall.o
 .rodata.plus2header.str1.4
                0x0000000000011b70      0x190 ./src/gpio_lib_c/gpio/readall.o
 .rodata.readallPhys.str1.4
                0x0000000000011d00       0x83 ./src/gpio_lib_c/gpio/readall.o
                                         0x87 (size before relaxing)
 *fill*         0x0000000000011d83        0x1 
 .rodata.str1.4
                0x0000000000011d84      0x2a0 ./src/gpio_lib_c/gpio/readall.o
                                        0x29d (size before relaxing)
 .rodata.rowOff
                0x0000000000012024       0x10 ./src/gpio_lib_c/devLib/lcd.o

.rodata1
 *(.rodata1)

.ARM.extab
 *(.ARM.extab* .gnu.linkonce.armextab.*)
                [!provide]                        PROVIDE (__exidx_start, .)

.ARM.exidx      0x0000000000012034        0x8
 *(.ARM.exidx* .gnu.linkonce.armexidx.*)
 .ARM.exidx     0x0000000000012034        0x8 /usr/lib/gcc/arm-none-eabi/6.3.1/../../../arm-none-eabi/lib/crt0.o
                [!provide]                        PROVIDE (__exidx_end, .)

.eh_frame_hdr
 *(.eh_frame_hdr)
 *(.eh_frame_entry .eh_frame_entry.*)

.eh_frame       0x000000000001203c        0x4
 *(.eh_frame)
 .eh_frame      0x000000000001203c        0x0 /usr/lib/gcc/arm-none-eabi/6.3.1/thumb/v7-m/crtbegin.o
 .eh_frame      0x000000000001203c        0x4 /usr/lib/gcc/arm-none-eabi/6.3.1/thumb/v7-m/crtend.o
 *(.eh_frame.*)

.gcc_except_table
 *(.gcc_except_table .gcc_except_table.*)

.gnu_extab
 *(.gnu_extab*)

.exception_ranges
 *(.exception_ranges .exception_ranges*)
                0x0000000000022040                . = (ALIGN (0x10000) + (. & 0xffff))

.eh_frame
 *(.eh_frame)
 *(.eh_frame.*)

.gnu_extab
 *(.gnu_extab)

.gcc_except_table
 *(.gcc_except_table .gcc_except_table.*)

.exception_ranges
 *(.exception_ranges .exception_ranges*)

.tdata
 *(.tdata .tdata.* .gnu.linkonce.td.*)

.tbss
 *(.tbss .tbss.* .gnu.linkonce.tb.*)
 *(.tcommon)

.preinit_array
 *(.preinit_array)

.init_array     0x0000000000022040        0x4
 *(SORT(.init_array.*) SORT(.ctors.*))
 *(.init_array EXCLUDE_FILE(*crtend?.o *crtend.o *crtbegin?.o *crtbegin.o) .ctors)
 .init_array    0x0000000000022040        0x4 /usr/lib/gcc/arm-none-eabi/6.3.1/thumb/v7-m/crtbegin.o

.fini_array     0x0000000000022044        0x4
 *(SORT(.fini_array.*) SORT(.dtors.*))
 *(.fini_array EXCLUDE_FILE(*crtend?.o *crtend.o *crtbegin?.o *crtbegin.o) .dtors)
 .fini_array    0x0000000000022044        0x4 /usr/lib/gcc/arm-none-eabi/6.3.1/thumb/v7-m/crtbegin.o

.ctors
 *crtbegin.o(.ctors)
 *crtbegin?.o(.ctors)
 *(EXCLUDE_FILE(*crtend?.o *crtend.o) .ctors)
 *(SORT(.ctors.*))
 *(.ctors)

.dtors
 *crtbegin.o(.dtors)
 *crtbegin?.o(.dtors)
 *(EXCLUDE_FILE(*crtend?.o *crtend.o) .dtors)
 *(SORT(.dtors.*))
 *(.dtors)

.jcr            0x0000000000022048        0x4
 *(.jcr)
 .jcr           0x0000000000022048        0x0 /usr/lib/gcc/arm-none-eabi/6.3.1/thumb/v7-m/crtbegin.o
 .jcr           0x0000000000022048        0x4 /usr/lib/gcc/arm-none-eabi/6.3.1/thumb/v7-m/crtend.o

.data.rel.ro
 *(.data.rel.ro.local* .gnu.linkonce.d.rel.ro.local.*)
 *(.data.rel.ro .data.rel.ro.* .gnu.linkonce.d.rel.ro.*)

.dynamic        0x000000000002204c       0xc8
 *(.dynamic)
 .dynamic       0x000000000002204c       0xc8 /usr/lib/gcc/arm-none-eabi/6.3.1/thumb/v7-m/crti.o
                0x000000000002204c                _DYNAMIC

.got            0x0000000000022114      0x318
 *(.got.plt)
 .got.plt       0x0000000000022114      0x318 /usr/lib/gcc/arm-none-eabi/6.3.1/thumb/v7-m/crti.o
                0x0000000000022114                _GLOBAL_OFFSET_TABLE_
 *(.igot.plt)
 .igot.plt      0x000000000002242c        0x0 /usr/lib/gcc/arm-none-eabi/6.3.1/thumb/v7-m/crti.o
 *(.got)
 .got           0x000000000002242c        0x0 /usr/lib/gcc/arm-none-eabi/6.3.1/thumb/v7-m/crti.o
 *(.igot)

.data           0x000000000002242c      0xfb4
                0x000000000002242c                __data_start = .
 *(.data .data.* .gnu.linkonce.d.*)
 .data.newPin   0x000000000002242c        0x4 ./src/gpio_lib_c/wiringPi/softPwm.o
 .data.newPin   0x0000000000022430        0x4 ./src/gpio_lib_c/wiringPi/softTone.o
 .data.gpioLayout.7744
                0x0000000000022434        0x4 ./src/gpio_lib_c/wiringPi/wiringPi.o
 .data.piMakerNames
                0x0000000000022438       0x40 ./src/gpio_lib_c/wiringPi/wiringPi.o
                0x0000000000022438                piMakerNames
 .data.piModelNames
                0x0000000000022478       0x40 ./src/gpio_lib_c/wiringPi/wiringPi.o
                0x0000000000022478                piModelNames
 .data.piRevisionNames
                0x00000000000224b8       0x40 ./src/gpio_lib_c/wiringPi/wiringPi.o
                0x00000000000224b8                piRevisionNames
 .data.pinPass  0x00000000000224f8        0x4 ./src/gpio_lib_c/wiringPi/wiringPi.o
 .data.sysFds   0x00000000000224fc      0x408 ./src/gpio_lib_c/wiringPi/wiringPi.o
 .data.wiringPiMode
                0x0000000000022904        0x4 ./src/gpio_lib_c/wiringPi/wiringPi.o
 .data.physToGpio_AP.6389
                0x0000000000022908      0x100 ./src/gpio_lib_c/wiringPi/wiringTB.o
 .data.pinToGpio_AP.6393
                0x0000000000022a08      0x100 ./src/gpio_lib_c/wiringPi/wiringTB.o
 .data.extensionFunctions
                0x0000000000022b08       0x88 ./src/gpio_lib_c/wiringPi/wpiExtensions.o
 .data.usage    0x0000000000022b90        0x4 ./src/gpio_lib_c/gpio/gpio.o
                0x0000000000022b90                usage
 .data.font     0x0000000000022b94      0x800 ./src/gpio_lib_c/devLib/lcd128x64.o
 .data.lastResult.4365
                0x0000000000023394        0x4 ./src/gpio_lib_c/devLib/maxdetect.o
 .data.leg0     0x0000000000023398       0x18 ./src/gpio_lib_c/devLib/piGlow.o
 .data.leg1     0x00000000000233b0       0x18 ./src/gpio_lib_c/devLib/piGlow.o
 .data.leg2     0x00000000000233c8       0x18 ./src/gpio_lib_c/devLib/piGlow.o

.tm_clone_table
                0x00000000000233e0        0x0
 .tm_clone_table
                0x00000000000233e0        0x0 /usr/lib/gcc/arm-none-eabi/6.3.1/thumb/v7-m/crtbegin.o
 .tm_clone_table
                0x00000000000233e0        0x0 /usr/lib/gcc/arm-none-eabi/6.3.1/thumb/v7-m/crtend.o

.data1
 *(.data1)
                0x00000000000233e0                _edata = .
                [!provide]                        PROVIDE (edata, .)
                0x00000000000233e0                . = .
                0x00000000000233e0                __bss_start = .
                0x00000000000233e0                __bss_start__ = .

.bss            0x00000000000233e0     0x5c4c
 *(.dynbss)
 .dynbss        0x00000000000233e0        0x0 /usr/lib/gcc/arm-none-eabi/6.3.1/thumb/v7-m/crti.o
 *(.bss .bss.* .gnu.linkonce.b.*)
 .bss           0x00000000000233e0       0x1c /usr/lib/gcc/arm-none-eabi/6.3.1/thumb/v7-m/crtbegin.o
 .bss.piMutexes
                0x00000000000233fc       0x60 ./src/gpio_lib_c/wiringPi/piThread.o
 .bss.marks     0x000000000002345c     0x1000 ./src/gpio_lib_c/wiringPi/softPwm.o
 .bss.range     0x000000000002445c     0x1000 ./src/gpio_lib_c/wiringPi/softPwm.o
 .bss.threads   0x000000000002545c     0x1000 ./src/gpio_lib_c/wiringPi/softPwm.o
 .bss.pinMap    0x000000000002645c       0x20 ./src/gpio_lib_c/wiringPi/softServo.o
 .bss.pulseWidth
                0x000000000002647c       0x20 ./src/gpio_lib_c/wiringPi/softServo.o
 .bss.freqs     0x000000000002649c      0x100 ./src/gpio_lib_c/wiringPi/softTone.o
 .bss.threads   0x000000000002659c      0x100 ./src/gpio_lib_c/wiringPi/softTone.o
 *fill*         0x000000000002669c        0x4 
 .bss.epochMicro
                0x00000000000266a0        0x8 ./src/gpio_lib_c/wiringPi/wiringPi.o
 .bss.epochMilli
                0x00000000000266a8        0x8 ./src/gpio_lib_c/wiringPi/wiringPi.o
 .bss.isrFunctions
                0x00000000000266b0      0x408 ./src/gpio_lib_c/wiringPi/wiringPi.o
 .bss.physToGpio
                0x0000000000026ab8        0x4 ./src/gpio_lib_c/wiringPi/wiringPi.o
 .bss.pinMutex  0x0000000000026abc       0x18 ./src/gpio_lib_c/wiringPi/wiringPi.o
 .bss.pinToGpio
                0x0000000000026ad4        0x4 ./src/gpio_lib_c/wiringPi/wiringPi.o
 .bss.wiringPiDebug
                0x0000000000026ad8        0x4 ./src/gpio_lib_c/wiringPi/wiringPi.o
                0x0000000000026ad8                wiringPiDebug
 .bss.wiringPiNodes
                0x0000000000026adc        0x4 ./src/gpio_lib_c/wiringPi/wiringPi.o
                0x0000000000026adc                wiringPiNodes
 .bss.wiringPiReturnCodes
                0x0000000000026ae0        0x4 ./src/gpio_lib_c/wiringPi/wiringPi.o
                0x0000000000026ae0                wiringPiReturnCodes
 .bss.wiringPiTryGpioMem
                0x0000000000026ae4        0x4 ./src/gpio_lib_c/wiringPi/wiringPi.o
                0x0000000000026ae4                wiringPiTryGpioMem
 .bss.spiFds    0x0000000000026ae8        0x8 ./src/gpio_lib_c/wiringPi/wiringPiSPI.o
 .bss.spiSpeeds
                0x0000000000026af0        0x8 ./src/gpio_lib_c/wiringPi/wiringPiSPI.o
 .bss.cru       0x0000000000026af8        0x4 ./src/gpio_lib_c/wiringPi/wiringTB.o
 .bss.cru_map   0x0000000000026afc        0x4 ./src/gpio_lib_c/wiringPi/wiringTB.o
 .bss.gpio0     0x0000000000026b00       0x24 ./src/gpio_lib_c/wiringPi/wiringTB.o
 .bss.gpio_map0
                0x0000000000026b24       0x24 ./src/gpio_lib_c/wiringPi/wiringTB.o